 *********************************************************************************************************
 **                                                                                                     **
 **           888888888888                                                                              **
 **         8888888888888888                                                                            **
 **      888888888888888888                                                                             **
 **     888888888888888888                                                                              **
 **    888888888888888                                                                                  **
 **   88888888888888888888                               88888                       8888:              **
 **   8888888888888888888888Z                            88888                       8888:              **
 **   888888888888888888888888?                          88888                       8888:              **
 **   8888888888888      8888888                                        888888       8888:              **
 **    88888888888         888888     8888:     88888    88888        888888888I     8888:    888888    **
 **    8888888888           88888:    8888:     88888    88888      $888888888888    8888:   888888     **
 **    I8Z 88888             88888    8888:     88888    88888    .888888     8888   8888: 888888       **
 **    .8Z 88888             88888    8888:     88888    88888    $88888             8888:88888         **
 **     8I 88888      .=88. .88888    8888:     88888    88888    88888              8888888888         **
 **    :8  88888      888888$8888$    8888:     88888    88888    8888O              88888888888        **
 **   ,7   +88888.     8888888888.    8888:     88888    88888    888888             88888O888888       **
 **         $888888:.   .8888888      88888....888888    88888     888888     8888   8888:  888888      **
 **          I8888888888888888888     888888888888888    88888     O888888888888O    8888:   888888     **
 **            O888888888888888888     88888888888888    88888       88888888888$    8888:    888888    **
 **               8888888Z     888      .8888I  88888    88888         8888888       8888:     888888   **
 **                                                                                                     **
 **                                                                                                     **
 **                                         Copyright (c) 2020                                          **
 **                          Regents of the University of California San Diego                          **
 **                                    & Michigan State University                                      **
 **                                        All Rights Reserved.                                         **
 **                                                                                                     **
 **                   This software provided pursuant to a license agreement containing                 **
 **                   restrictions on its disclosure, duplication, and use. This software               **
 **                   contains confidential and proprietary information, and may not be                 **
 **                   extracted or distributed, in whole or in part, for any purpose                    **
 **                   whatsoever, without the express written permission of the authors.                **
 **                   This notice, and the associated author list, must be attached to                  **
 **                   all copies, or extracts, of this software. Any additional                         **
 **                   restrictions set forth in the license agreement also apply to this                **
 **                   software.                                                                         **
 *********************************************************************************************************

 Cite this work as:                                                                                       
 Manathunga, M.; Mu, D.; Miao, Y.;He, X.; Ayers,K; Brothers, E.; GÃ¶tz, A.; Merz,K. M. QUICK-20.03        
 University of California San Diego, CA and Michigan State University, East Lansing, MI, 2020             

 If you have any comments or queries, please send us an email for technical support:                      
 quick.merzlab@gmail.com                                                                                  

 TASK STARTS ON: Fri May 22 17:24:04 2020
 INPUT FILE :    ene_psb3_b3lyp_631g.in
 OUTPUT FILE:    ene_psb3_b3lyp_631g.out
 DATE FILE  :    ene_psb3_b3lyp_631g.dat
 BASIS SET PATH: /home/bgs0367/Work/Qk/hackathon/mk/basis

|------------ GPU INFORMATION ---------------
| CUDA ENABLED DEVICE         :        4
| CUDA DEVICE IN USE          :        0
| CUDA DEVICE NAME            : Tesla V100-SXM2-32GB
| CUDA DEVICE PM              :       80
| CUDA DEVICE CORE FREQ(GHZ)  :     1.53
| CUDA DEVICE MEMORY SIZE (MB):    32480
| SUPPORTING CUDA VERSION     :      7.0
|--------------------------------------------

 @ Read Job And Atom

  -------------------------------------
KEYWORD=B3LYP BASIS=6-31G CUTOFF=1.0E-9 DENSERMS=1.0E-8  ZMAKE ENERGY CHARGE=+1                                                                                                                                 
  -------------------------------------
 ============== JOB CARD =============
| METHOD = DENSTITY FUNCTIONAL THEORY
| DENSITY FUNCTIONAL = B3LYP
| DIRECT SCF 
| SAD INITAL GUESS 
| USE DIIS SCF
| PRINT ENERGY EVERY CYCLE
| Z-MATRIX CONSTRUCTION
| STANDARD GRID = SG1
| MAX SCF CYCLES =    200
| MAX DIIS CYCLES =   10
| DELTA DENSITY START CYCLE = 1000
| COMPUATIONAL CUTOFF: 
|      TWO-e INTEGRAL   =  0.100E-08
|      BASIS SET PRIME  =  0.100E-19
|      MATRIX ELEMENTS  =  0.100E-09
|      BASIS FUNCTION   =  0.100E-09
| DENSITY MATRIX MAXIMUM RMS FOR CONVERGENCE  =  0.100E-07
| BASIS SET = 6-31G                                                                           
| BASIS FILE = /home/bgs0367/Work/Qk/hackathon/mk/basis/6-31G.BAS

 @ Finish reading job


 @ Begin SAD initial guess

 For Atom Kind =    1
 ELEMENT = C 
 BASIS FUNCTIONS =    9

 @ Begin Energy Calculation


SCF CYCLE      =        1      TIME      =     0.04
RMS CHANGE     = 0.149950E+00  MAX CHANGE= 0.820201E+00

SCF CYCLE      =        2      TIME      =     0.04
RMS CHANGE     = 0.797517E-01  MAX CHANGE= 0.321960E+00

SCF CYCLE      =        3      TIME      =   0.04
DIIS CYCLE     =        1      MAX ERROR = 0.395730E-01
RMS CHANGE     = 0.137215E-01  MAX CHANGE= 0.591042E-01

SCF CYCLE      =        4      TIME      =   0.03
DIIS CYCLE     =        2      MAX ERROR = 0.749065E-02
RMS CHANGE     = 0.375529E-02  MAX CHANGE= 0.263871E-01

SCF CYCLE      =        5      TIME      =   0.03
DIIS CYCLE     =        3      MAX ERROR = 0.308852E-02
RMS CHANGE     = 0.262949E-02  MAX CHANGE= 0.183148E-01

SCF CYCLE      =        6      TIME      =   0.03
DIIS CYCLE     =        4      MAX ERROR = 0.299207E-03
RMS CHANGE     = 0.311349E-03  MAX CHANGE= 0.215704E-02
DIIS FAILED !! RETURN TO NORMAL SCF. (NOT FATAL.)

SCF CYCLE      =        7      TIME      =     0.03
RMS CHANGE     = 0.153492E-04  MAX CHANGE= 0.106143E-03

SCF CYCLE      =        8      TIME      =   0.03
DIIS CYCLE     =        1      MAX ERROR = 0.792556E-05
RMS CHANGE     = 0.460369E-05  MAX CHANGE= 0.296430E-04

SCF CYCLE      =        9      TIME      =   0.03
DIIS CYCLE     =        2      MAX ERROR = 0.310484E-05
RMS CHANGE     = 0.280492E-05  MAX CHANGE= 0.193991E-04

SCF CYCLE      =       10      TIME      =   0.03
DIIS CYCLE     =        3      MAX ERROR = 0.113729E-05
RMS CHANGE     = 0.145468E-05  MAX CHANGE= 0.100644E-04
DIIS FAILED !! RETURN TO NORMAL SCF. (NOT FATAL.)

SCF CYCLE      =       11      TIME      =     0.03
RMS CHANGE     = 0.122690E-06  MAX CHANGE= 0.848304E-06

SCF CYCLE      =       12      TIME      =   0.03
DIIS CYCLE     =        1      MAX ERROR = 0.614959E-07
RMS CHANGE     = 0.376802E-07  MAX CHANGE= 0.236924E-06
DIIS FAILED !! RETURN TO NORMAL SCF. (NOT FATAL.)

SCF CYCLE      =       13      TIME      =     0.03
RMS CHANGE     = 0.210063E-07  MAX CHANGE= 0.145234E-06

SCF CYCLE      =       14      TIME      =   0.03
DIIS CYCLE     =        1      MAX ERROR = 0.133958E-07
RMS CHANGE     = 0.585559E-08  MAX CHANGE= 0.405625E-07
PREPARING FOR FINAL NO INTERPOLATION ITERATION

SCF CYCLE      =       15      TIME      =     0.03
RMS CHANGE     = 0.365460E-08  MAX CHANGE= 0.252690E-07
CONVERGED!!!!!
ELECTRONIC ENERGY    =     0.000000000
CORE_CORE REPULSION  =     0.000000000
TOTAL ENERGY         =     0.000000000

 @ End Energy calculation

 For Atom Kind =    2
 ELEMENT = N 
 BASIS FUNCTIONS =    9

 @ Begin Energy Calculation


SCF CYCLE      =        1      TIME      =     0.03
RMS CHANGE     = 0.150709E+00  MAX CHANGE= 0.817290E+00

SCF CYCLE      =        2      TIME      =     0.03
RMS CHANGE     = 0.903364E-01  MAX CHANGE= 0.322206E+00

SCF CYCLE      =        3      TIME      =   0.03
DIIS CYCLE     =        1      MAX ERROR = 0.232146E-01
RMS CHANGE     = 0.717180E-02  MAX CHANGE= 0.254087E-01

SCF CYCLE      =        4      TIME      =   0.03
DIIS CYCLE     =        2      MAX ERROR = 0.696785E-02
RMS CHANGE     = 0.238394E-02  MAX CHANGE= 0.162489E-01

SCF CYCLE      =        5      TIME      =   0.03
DIIS CYCLE     =        3      MAX ERROR = 0.203040E-02
RMS CHANGE     = 0.112749E-02  MAX CHANGE= 0.763564E-02

SCF CYCLE      =        6      TIME      =   0.03
DIIS CYCLE     =        4      MAX ERROR = 0.546784E-03
RMS CHANGE     = 0.310240E-03  MAX CHANGE= 0.209245E-02
DIIS FAILED !! RETURN TO NORMAL SCF. (NOT FATAL.)

SCF CYCLE      =        7      TIME      =     0.04
RMS CHANGE     = 0.309612E-05  MAX CHANGE= 0.208866E-04

SCF CYCLE      =        8      TIME      =   0.04
DIIS CYCLE     =        1      MAX ERROR = 0.183134E-05
RMS CHANGE     = 0.808805E-06  MAX CHANGE= 0.533092E-05
DIIS FAILED !! RETURN TO NORMAL SCF. (NOT FATAL.)

SCF CYCLE      =        9      TIME      =     0.04
RMS CHANGE     = 0.462538E-06  MAX CHANGE= 0.311570E-05

SCF CYCLE      =       10      TIME      =   0.04
DIIS CYCLE     =        1      MAX ERROR = 0.298242E-06
RMS CHANGE     = 0.117837E-06  MAX CHANGE= 0.795204E-06
DIIS FAILED !! RETURN TO NORMAL SCF. (NOT FATAL.)

SCF CYCLE      =       11      TIME      =     0.04
RMS CHANGE     = 0.677694E-07  MAX CHANGE= 0.456534E-06

SCF CYCLE      =       12      TIME      =   0.04
DIIS CYCLE     =        1      MAX ERROR = 0.457616E-07
RMS CHANGE     = 0.172660E-07  MAX CHANGE= 0.116519E-06
DIIS FAILED !! RETURN TO NORMAL SCF. (NOT FATAL.)

SCF CYCLE      =       13      TIME      =     0.04
RMS CHANGE     = 0.991739E-08  MAX CHANGE= 0.668115E-07
CONVERGED!!!!!
ELECTRONIC ENERGY    =     0.000000000
CORE_CORE REPULSION  =     0.000000000
TOTAL ENERGY         =     0.000000000

 @ End Energy calculation

 For Atom Kind =    3
 ELEMENT = H 
 BASIS FUNCTIONS =    2

 @ Begin Energy Calculation


SCF CYCLE      =        1      TIME      =     0.00
RMS CHANGE     = 0.256654E+00  MAX CHANGE= 0.291569E+00

SCF CYCLE      =        2      TIME      =     0.00
RMS CHANGE     = 0.152139E-01  MAX CHANGE= 0.238378E-01

SCF CYCLE      =        3      TIME      =   0.00
DIIS CYCLE     =        1      MAX ERROR = 0.543720E-02
RMS CHANGE     = 0.492246E-02  MAX CHANGE= 0.776945E-02

SCF CYCLE      =        4      TIME      =   0.00
DIIS CYCLE     =        2      MAX ERROR = 0.175010E-02
RMS CHANGE     = 0.234112E-02  MAX CHANGE= 0.370386E-02
DIIS FAILED !! RETURN TO NORMAL SCF. (NOT FATAL.)

SCF CYCLE      =        5      TIME      =     0.00
RMS CHANGE     = 0.000000E+00  MAX CHANGE= 0.000000E+00
CONVERGED!!!!!
ELECTRONIC ENERGY    =     0.000000000
CORE_CORE REPULSION  =     0.000000000
TOTAL ENERGY         =     0.000000000

 @ End Energy calculation


 @ Finish SAD initial guess


 @ Begin Reading Molecular Information


 =========== Molecule Input ==========
| TOTAL MOLECULAR CHARGE  =    1    MULTIPLICITY                =    1
| TOTOAL ATOM NUMBER      =   14    NUMBER OF ATOM TYPES        =    3
| NUMBER OF HYDROGEN ATOM =    8    NUMBER OF NON-HYDROGEN ATOM =    6
| NUMBER OF ELECTRONS     =   44

 -- INPUT GEOMETRY -- :
    C          -2.7472      -0.8366       0.8589
    C          -1.4569      -0.4717       0.9992
    C          -0.6277      -0.2215      -0.1532
    C           0.6894       0.1526      -0.2017
    C           1.4882       0.3645       0.9508
    N           2.7314       0.7179       0.9037
    H           1.1530       0.2966      -1.1612
    H          -1.1103      -0.3463      -1.1067
    H           1.0827       0.2367       1.9358
    H          -1.0483      -0.3680       1.9877
    H           3.2687       0.8596       1.7368
    H           3.2084       0.8645       0.0338
    H          -3.3689      -1.0241       1.7130
    H          -3.2011      -0.9533      -0.1081

 -- DISTANCE MATRIX -- :
              1           2           3           4           5
      1     0.00000
      2     2.54783     0.00000
      3     4.58824     2.72422     0.00000
      4     7.04901     4.79509     2.58914     0.00000
      5     8.32128     5.78618     4.64407     2.67996     0.00000
      6    10.76215     8.22979     6.88736     4.51608     2.44398
      7     8.57213     6.56504     3.98880     2.03203     4.04312
      8     4.92184     4.03998     2.03309     3.92175     6.40577
      9     7.78692     5.28737     5.17510     4.11025     2.02752
     10     3.95505     2.03091     4.13247     5.37308     5.36018
     11    11.92755     9.38174     8.43475     6.24179     3.79493
     12    11.80796     9.35025     7.54235     4.96652     3.80289
     13     2.02747     3.99549     6.44755     8.76653     9.65437
     14     2.03075     4.00891     5.05659     7.64543     9.41987
              6           7           8           9          10
      6     0.00000
      7     4.97571     0.00000
      8     8.43691     4.44738     0.00000
      9     3.78663     5.85521     7.17246     0.00000
     10     7.70867     7.36830     5.84893     4.18703     0.00000
     11     1.89227     6.86346    10.12627     4.31181     8.49450
     12     1.89512     4.61928     8.74549     5.51933     9.15220
     13    12.08582    10.42828     6.94621     8.75320     4.58667
     14    11.80313     8.78871     4.52637     9.24709     5.78457
             11          12          13          14
     11     0.00000
     12     3.22015     0.00000
     13    13.03851    13.31509     0.00000
     14    13.16700    12.59278     3.45864     0.00000

============== BASIS INFOS ==============
| BASIS FUNCTIONS =   70
| NSHELL =   34 NPRIM  =   92
| JSHELL =   34 JBASIS =   92


RADII OF SIGNIFICANCE FOR THE BASIS FUNCTIONS
   1           2.728000
   2           6.391000
   3           6.635000
   4           6.635000
   5           6.635000
   6          11.249000
   7          11.692000
   8          11.692000
   9          11.692000
  10           2.728000
  11           6.391000
  12           6.635000
  13           6.635000
  14           6.635000
  15          11.249000
  16          11.692000
  17          11.692000
  18          11.692000
  19           2.728000
  20           6.391000
  21           6.635000
  22           6.635000
  23           6.635000
  24          11.249000
  25          11.692000
  26          11.692000
  27          11.692000
  28           2.728000
  29           6.391000
  30           6.635000
  31           6.635000
  32           6.635000
  33          11.249000
  34          11.692000
  35          11.692000
  36          11.692000
  37           2.728000
  38           6.391000
  39           6.635000
  40           6.635000
  41           6.635000
  42          11.249000
  43          11.692000
  44          11.692000
  45          11.692000
  46           2.328000
  47           5.397000
  48           5.601000
  49           5.601000
  50           5.601000
  51          10.075000
  52          10.469000
  53          10.469000
  54          10.469000
  55           5.909000
  56          11.497000
  57           5.909000
  58          11.497000
  59           5.909000
  60          11.497000
  61           5.909000
  62          11.497000
  63           5.909000
  64          11.497000
  65           5.909000
  66          11.497000
  67           5.909000
  68          11.497000
  69           5.909000
  70          11.497000

 @ End Reading Molecular Information 


 @ Begin Energy Calculation

                                         SCF ENERGY
------------------------------------------------------------------------------------------------------------------------
NCYC       ENERGY         DELTA_E      SCF_TIME  DII_CYC   DII_TIME   O_TIME  DIAG_TIME    MAX_ERR    RMS_CHG    MAX_CHG
------------------------------------------------------------------------------------------------------------------------
  1   -250.939617741      ------         0.739     1        0.68      0.05      0.38    0.2214E+01  0.5457E-01  0.5449E+00
  2   -249.630806076  -.130881E+01       0.044     2        0.01      0.04      0.00    0.1467E+00  0.2573E-01  0.2531E+00
  3   -249.484835400  -.145971E+00       0.045     3        0.01      0.04      0.00    0.1800E+00  0.1983E-01  0.2408E+00
  4   -249.746758463  0.261923E+00       0.044     4        0.01      0.04      0.00    0.7637E-01  0.5009E-02  0.7963E-01
  5   -249.764866896  0.181084E-01       0.044     5        0.01      0.04      0.00    0.2623E-01  0.1455E-02  0.2915E-01
  6   -249.766518002  0.165111E-02       0.044     6        0.01      0.04      0.00    0.9703E-02  0.5198E-03  0.7908E-02
  7   -249.766895900  0.377898E-03       0.048     7        0.01      0.04      0.01    0.1177E-02  0.8999E-04  0.1247E-02
  8   -249.766900833  0.493323E-05       0.052     8        0.01      0.04      0.01    0.4013E-03  0.3067E-04  0.4134E-03
  9   -249.766901479  0.645443E-06       0.045     9        0.01      0.04      0.00    0.1774E-03  0.9706E-05  0.1279E-03
 10   -249.766901557  0.777204E-07       0.044    10        0.01      0.04      0.00    0.2969E-04  0.1790E-05  0.2840E-04
 11   -249.766901561  0.406101E-08       0.045     1        0.01      0.04      0.00    0.6574E-05  0.6955E-06  0.6027E-05
    --------------- 2E-INT CUTOFF CHANGE TO 0.1000E-09 -------------
 12   -249.766901562  0.176749E-08       0.045     2        0.01      0.04      0.00    0.1333E-05  0.1068E-06  0.1707E-05
 13   -249.766901562  0.318323E-11       0.046     3        0.01      0.04      0.00    0.6460E-06  0.4341E-07  0.7138E-06
    --------------- 2E-INT CUTOFF CHANGE TO 0.1000E-10 -------------
 14   -249.766901562  0.517275E-11       0.045     4        0.01      0.04      0.00    0.8558E-07  0.1569E-07  0.1916E-06
 15   -249.766901562  0.250111E-11       0.045     5        0.01      0.04      0.00    0.1080E-06  0.1699E-07  0.2422E-06
 16   -249.766901562  -.244427E-11       0.045     6        0.01      0.04      0.00    0.1782E-06  0.2365E-07  0.3186E-06
 17   -249.766901562  0.125056E-11       0.045     7        0.01      0.04      0.00    0.3038E-06  0.3603E-07  0.5307E-06
 18   -249.766901562  -.568434E-13       0.045     8        0.01      0.04      0.00    0.5340E-06  0.5915E-07  0.9874E-06
 19   -249.766901562  -.198952E-11       0.046     9        0.01      0.04      0.00    0.9658E-06  0.1049E-06  0.1942E-05
 20   -249.766901562  -.505906E-11       0.046    10        0.01      0.04      0.00    0.1792E-05  0.7125E-07  0.1388E-05
 21   -249.766901562  0.574119E-11       0.046     1        0.01      0.04      0.00    0.1158E-06  0.2133E-07  0.3587E-06
 22   -249.766901562  0.568434E-13       0.046     2        0.01      0.04      0.00    0.2022E-06  0.3697E-07  0.6056E-06
 23   -249.766901562  -.227374E-12       0.045     3        0.01      0.04      0.00    0.3772E-06  0.7085E-07  0.1052E-05
 24   -249.766901562  -.909495E-12       0.046     4        0.01      0.04      0.00    0.7227E-06  0.1420E-06  0.1895E-05
 25   -249.766901562  -.807177E-11       0.046     5        0.01      0.04      0.00    0.1417E-05  0.9669E-07  0.1330E-05
 26   -249.766901562  0.994760E-11       0.045     6        0.01      0.04      0.00    0.8964E-07  0.1405E-07  0.1658E-06
 27   -249.766901562  0.397904E-12       0.046     7        0.01      0.04      0.00    0.1292E-06  0.2175E-07  0.2541E-06
 28   -249.766901562  0.108002E-11       0.046     8        0.01      0.04      0.00    0.1908E-06  0.3619E-07  0.4949E-06
 29   -249.766901562  0.568434E-13       0.045     9        0.01      0.04      0.00    0.3848E-06  0.6461E-07  0.1038E-05
 30   -249.766901562  -.318323E-11       0.045    10        0.01      0.04      0.00    0.7933E-06  0.1232E-06  0.2160E-05
 31   -249.766901562  -.642331E-11       0.045     1        0.01      0.04      0.00    0.1633E-05  0.8395E-07  0.1524E-05
 32   -249.766901562  0.835598E-11       0.046     2        0.01      0.04      0.00    0.1298E-06  0.1876E-07  0.3282E-06
 33   -249.766901562  -.113687E-12       0.046     3        0.01      0.04      0.00    0.2081E-06  0.3129E-07  0.5400E-06
 34   -249.766901562  0.454747E-12       0.045     4        0.01      0.04      0.00    0.3783E-06  0.5720E-07  0.9105E-06
 35   -249.766901562  -.102318E-11       0.046     5        0.01      0.04      0.00    0.7043E-06  0.1105E-06  0.1585E-05
 36   -249.766901562  -.505906E-11       0.045     6        0.01      0.04      0.00    0.1340E-05  0.7548E-07  0.9680E-06
 37   -249.766901562  0.579803E-11       0.046     7        0.01      0.04      0.00    0.9777E-07  0.1654E-07  0.2174E-06
 38   -249.766901562  -.204636E-11       0.046     8        0.01      0.04      0.00    0.1748E-06  0.3146E-07  0.4637E-06
 39   -249.766901562  -.119371E-11       0.046     9        0.01      0.04      0.00    0.3591E-06  0.6314E-07  0.9801E-06
 40   -249.766901562  0.289901E-11       0.048    10        0.01      0.04      0.01    0.7510E-06  0.1308E-06  0.2063E-05
 41   -249.766901562  -.909495E-11       0.046     1        0.01      0.04      0.00    0.1571E-05  0.8985E-07  0.1414E-05
 42   -249.766901562  0.966338E-11       0.046     2        0.01      0.04      0.00    0.7667E-07  0.1092E-07  0.2012E-06
 43   -249.766901562  -.397904E-12       0.046     3        0.01      0.04      0.00    0.1177E-06  0.1720E-07  0.3158E-06
 44   -249.766901562  -.852651E-12       0.046     4        0.01      0.04      0.00    0.2061E-06  0.2898E-07  0.5160E-06
 45   -249.766901562  0.000000E+00       0.046     5        0.01      0.04      0.00    0.3683E-06  0.5154E-07  0.8650E-06
 46   -249.766901562  0.284217E-12       0.046     6        0.01      0.04      0.00    0.6721E-06  0.9649E-07  0.1491E-05
 47   -249.766901562  -.358114E-11       0.046     7        0.01      0.04      0.00    0.1252E-05  0.6561E-07  0.9206E-06
 48   -249.766901562  0.534328E-11       0.045     8        0.01      0.04      0.00    0.9297E-07  0.1637E-07  0.2366E-06
 49   -249.766901562  -.738964E-12       0.045     9        0.01      0.04      0.00    0.1838E-06  0.3258E-07  0.5008E-06
 50   -249.766901562  -.511591E-12       0.045    10        0.01      0.04      0.00    0.3845E-06  0.6721E-07  0.1055E-05
 51   -249.766901562  -.170530E-11       0.046     1        0.01      0.04      0.00    0.8044E-06  0.1413E-06  0.2219E-05
 52   -249.766901562  -.903810E-11       0.046     2        0.01      0.04      0.00    0.1685E-05  0.9699E-07  0.1509E-05
 53   -249.766901562  0.122782E-10       0.045     3        0.01      0.04      0.00    0.6399E-07  0.8983E-08  0.1658E-06
------------------------------------------------------------------------------------------------------------------------
 REACH CONVERGENCE AFTER  53 CYLCES
 MAX ERROR = 0.639861E-07   RMS CHANGE = 0.898330E-08   MAX CHANGE = 0.165794E-06
 -----------------------------------------------
ALPHA ELECTRON DENSITY    =   22.0000149042
BETA ELECTRON DENSITY     =   22.0000149042
ELECTRONIC ENERGY    =  -456.952079931
CORE_CORE REPULSION  =   207.185178368
TOTAL ENERGY         =  -249.766901562

 @ End Energy calculation


 @ Begin Zmake conversion

  
 Z-MATRIX:

   ATOM  ELEMENTAL  BOND LENGTH    BOND ANGLE    DIHEDRAL ANGLE
  NUMBER  SYMBOL    (ANGSTROMS)    (DEGREES)       (DEGREES)
     I                 I-NA         I-NA-NB        I-NA-NB-NC      NA   NB   NC

     1      C        0.00000  0     0.00000  0      0.00000  0      0    0    0
     2      C        1.34826  1     0.00000  0      0.00000  0      1    0    0
     3      C        2.42799  1    30.61066  1      0.00000  0      1    2    0
     4      C        3.73017  1    22.49202  1      0.03284  1      1    2    3
     5      C        4.40343  1     4.77590  1      0.20402  1      1    2    3
     6      N        5.69509  1     5.52072  1      0.17723  1      1    2    3
     7      H        4.53618  1    32.41872  1      0.01575  1      1    2    3
     8      H        2.60452  1    54.97438  1     -0.00551  1      1    2    3
     9      H        4.12066  1     9.17982  1    179.88243  1      1    2    3
    10      H        2.09292  1    26.67086  1   -179.99939  1      1    2    3
    11      H        6.31179  1     2.02396  1    179.44668  1      1    2    3
    12      H        6.24850  1    13.56002  1      0.06787  1      1    2    3
    13      H        1.07289  1   121.26477  1    179.99329  1      1    2    3
    14      H        1.07463  1   121.81953  1      0.00143  1      1    2    3

 @ End Zmake conversion


 @ Output Timing Information

------------- TIMING ---------------
INITIAL GUESS TIME  =     1.156368000( 21.77%)
DFT GRID OPERATIONS =     0.151296000(  2.85%)
      TOTAL GRID FORMATION TIME   =     0.000925000(  0.02%)
      TOTAL GRID WEIGHT TIME      =     0.007331000(  0.14%)
      TOTAL OCTREE RUN TIME       =     0.090000000(  1.69%)
      TOTAL PRESCREENING TIME     =     0.010000000(  0.19%)
      TOTAL DATA PACKING TIME     =     0.043040000(  0.81%)
TOTAL SCF TIME      =     3.144084000( 59.20%)
      TOTAL OP TIME      =     2.095510000( 39.46%)
            TOTAL 1e TIME      =     0.032179000(  0.61%)
            TOTAL 2e TIME      =     0.591091000( 11.13%)
            TOTAL EXC TIME     =     1.467004000( 27.62%)
            TOTAL ENERGY TIME  =     0.002502000(  0.05%)
      TOTAL DII TIME      =     1.043582000( 19.65%)
            TOTAL DIAG TIME    =     0.586440000( 11.04%)
TOTAL TIME          =     5.310929000
------------------------------------
 Job cpu time:  0 days  0 hours  0 minutes  5.3 seconds.

 @ Finish Output Timing Information

 Normal Termination. Task Finished on: Fri May 22 17:24:11 2020
