  *********************************************************************************************************
  **                                                                                                     **
  **           888888888888                                                                              **
  **         8888888888888888                                                                            **
  **      888888888888888888                                                                             **
  **     888888888888888888                                                                              **
  **    888888888888888                                                                                  **
  **   88888888888888888888                               88888                       8888:              **
  **   8888888888888888888888Z                            88888                       8888:              **
  **   888888888888888888888888?                          88888                       8888:              **
  **   8888888888888      8888888                                        888888       8888:              **
  **    88888888888         888888     8888:     88888    88888        888888888I     8888:    888888    **
  **    8888888888           88888:    8888:     88888    88888      $888888888888    8888:   888888     **
  **    I8Z 88888             88888    8888:     88888    88888    .888888     8888   8888: 888888       **
  **    .8Z 88888             88888    8888:     88888    88888    $88888             8888:88888         **
  **     8I 88888      .=88. .88888    8888:     88888    88888    88888              8888888888         **
  **    :8  88888      888888$8888$    8888:     88888    88888    8888O              88888888888        **
  **   ,7   +88888.     8888888888.    8888:     88888    88888    888888             88888O888888       **
  **         $888888:.   .8888888      88888....888888    88888     888888     8888   8888:  888888      **
  **          I8888888888888888888     888888888888888    88888     O888888888888O    8888:   888888     **
  **            O888888888888888888     88888888888888    88888       88888888888$    8888:    888888    **
  **               8888888Z     888      .8888I  88888    88888         8888888       8888:     888888   **
  **                                                                                                     **
  **                                                                                                     **
  **                                         Copyright (c) 2021                                          **
  **                          Regents of the University of California San Diego                          **
  **                                    & Michigan State University                                      **
  **                                        All Rights Reserved.                                         **
  **                                                                                                     **
  **                   This software provided pursuant to a license agreement containing                 **
  **                   restrictions on its disclosure, duplication, and use. This software               **
  **                   contains confidential and proprietary information, and may not be                 **
  **                   extracted or distributed, in whole or in part, for any purpose                    **
  **                   whatsoever, without the express written permission of the authors.                **
  **                   This notice, and the associated author list, must be attached to                  **
  **                   all copies, or extracts, of this software. Any additional                         **
  **                   restrictions set forth in the license agreement also apply to this                **
  **                   software.                                                                         **
  *********************************************************************************************************
                                                                                                           
  Cite this work as:                                                                                       
  Manathunga, M.; Chi, J.; Cruzeiro, V.W.D.; Keipert, K.; Pekurovsky, D.; Mu, D.; Miao, Y.;He, X.; Ayers,K;
  Brothers, E.; GÃ¶tz, A.; Merz,K. M. QUICK-21.03 University of California San Diego, CA and Michigan State
  University, East Lansing, MI, 2021                                                                       
                                                                                                           
  If you have any comments or queries, please send us an email for technical support:                      
  quick.merzlab@gmail.com                                                                                  
                                                                                                           
| TASK STARTS ON: Fri Mar  5 11:51:05 2021
| INPUT FILE :    ene_PH3_rhf_def2sv_p.in
| OUTPUT FILE:    ene_PH3_rhf_def2sv_p.out
| DATE FILE  :    ene_PH3_rhf_def2sv_p.dat
| BASIS SET PATH: /home/mmanathunga/fix109/basis

 @ Read Job And Atom

  KEYWORD=HF  BASIS=DEF2-SV(P) CUTOFF=1.0E-9 DENSERMS=1.0E-6 ZMAKE ENERGY DIPOLE CHARGE=0                                                                                                                         
 ============== JOB CARD =============
 METHOD = HATREE FOCK
 DIRECT SCF 
 SAD INITAL GUESS 
 USE DIIS SCF
 PRINT ENERGY EVERY CYCLE
 Z-MATRIX CONSTRUCTION
 DIPOLE
 MAX SCF CYCLES =    200
 MAX DIIS CYCLES =   10
 DELTA DENSITY START CYCLE = 1000
 COMPUTATIONAL CUTOFF: 
      TWO-e INTEGRAL   =  0.100E-08
      BASIS SET PRIME  =  0.100E-19
      MATRIX ELEMENTS  =  0.100E-09
      BASIS FUNCTION   =  0.100E-09
 DENSITY MATRIX MAXIMUM RMS FOR CONVERGENCE  =  0.100E-05
 BASIS SET = DEF2-SV(P),  TYPE = CARTESIAN
| BASIS FILE = /home/mmanathunga/fix109/basis/DEF2-SV_P.BAS

 @ Finish reading job


 @ Begin SAD initial guess

 For Atom Kind =    1
 ELEMENT = P 
 BASIS FUNCTIONS =   19
 For Atom Kind =    2
 ELEMENT = H 
 BASIS FUNCTIONS =    2

 @ Finish SAD initial guess


 @ Begin Reading Molecular Information


 =========== Molecule Input ==========
 TOTAL MOLECULAR CHARGE  =    0    MULTIPLICITY                =    1
 TOTAL ATOM NUMBER       =    4    NUMBER OF ATOM TYPES        =    2
 NUMBER OF HYDROGEN ATOM =    3    NUMBER OF NON-HYDROGEN ATOM =    1
 NUMBER OF ELECTRONS     =   18

 -- INPUT GEOMETRY -- :
    P          -1.3784      -0.6787      -0.6594
    H           0.0009      -0.4063      -0.7522
    H          -1.7025      -0.1727      -1.9338
    H          -1.7025       0.5002       0.0410

 -- DISTANCE MATRIX -- :
              1           2           3           4
      1     0.00000
      2     2.66261     0.00000
      3     2.66263     3.94247     0.00000
      4     2.66262     3.94245     3.94246     0.00000

============== BASIS INFOS ==============
 BASIS FUNCTIONS =   25
 NSHELL =   14 NPRIM  =   49
 JSHELL =   14 JBASIS =   30


 @ End Reading Molecular Information 


 @ Begin Energy Calculation

                                         SCF ENERGY
------------------------------------------------------------------------------------------------------------------------
NCYC       ENERGY         DELTA_E      SCF_TIME  DII_CYC   DII_TIME   O_TIME  DIAG_TIME    MAX_ERR    RMS_CHG    MAX_CHG
------------------------------------------------------------------------------------------------------------------------
|  1   -342.262888141      ------         0.023     1        0.00      0.02      0.00    0.1308E+01  0.6031E-01  0.2715E+00
|  2   -342.343429972  0.805418E-01       0.023     2        0.00      0.02      0.00    0.5857E-01  0.7931E-02  0.5110E-01
|  3   -342.357736895  0.143069E-01       0.023     3        0.00      0.02      0.00    0.1397E-01  0.2956E-02  0.1518E-01
|  4   -342.358980712  0.124382E-02       0.023     4        0.00      0.02      0.00    0.3565E-02  0.8963E-03  0.4562E-02
|  5   -342.359063060  0.823475E-04       0.023     5        0.00      0.02      0.00    0.4063E-03  0.1971E-03  0.8633E-03
|  6   -342.359065234  0.217387E-05       0.023     6        0.00      0.02      0.00    0.7008E-04  0.3203E-04  0.2053E-03
|  7   -342.359065282  0.481006E-07       0.023     7        0.00      0.02      0.00    0.1796E-04  0.9326E-05  0.4499E-04
|  8   -342.359065285  0.306797E-08       0.022     8        0.00      0.02      0.00    0.3159E-05  0.2512E-05  0.2273E-04
|  9   -342.359065285  0.139174E-09       0.023     9        0.00      0.02      0.00    0.3694E-06  0.2842E-06  0.2772E-05
------------------------------------------------------------------------------------------------------------------------
| REACH CONVERGENCE AFTER   9 CYLCES
| MAX ERROR = 0.369352E-06   RMS CHANGE = 0.284162E-06   MAX CHANGE = 0.277227E-05
 -----------------------------------------------
 ELECTRONIC ENERGY    =  -360.020655297
 CORE_CORE REPULSION  =    17.661590012
 TOTAL ENERGY         =  -342.359065285

 @ End Energy calculation


 @ Begin Zmake conversion

  
 Z-MATRIX:

   ATOM  ELEMENTAL  BOND LENGTH    BOND ANGLE    DIHEDRAL ANGLE
  NUMBER  SYMBOL    (ANGSTROMS)    (DEGREES)       (DEGREES)
     I                 I-NA         I-NA-NB        I-NA-NB-NC      NA   NB   NC

     1      P        0.00000  0     0.00000  0      0.00000  0      0    0    0
     2      H        1.40899  1     0.00000  0      0.00000  0      1    0    0
     3      H        1.40900  1    95.52004  1      0.00000  0      1    2    0
     4      H        1.40900  1    95.51966  1    -96.10933  1      1    2    3

 @ End Zmake conversion


 @ Begin Charge and Dipole Calculation

    ATOMIC CHARGES
   ATOM          MULLIKEN            LOWDIN
   P             -0.0735            -0.0458
   H              0.0245             0.0127
   H              0.0245             0.0158
   H              0.0245             0.0173
   TOTAL         0.0000             0.0000

    DIPOLE (DEBYE)
      X         Y         Z        TOTAL
    0.2867    0.7676   -0.2616    0.8601

 @ End Charge and Dipole Calculation


 @ Output Timing Information

------------- TIMING ---------------
| INITIAL GUESS TIME  =     3.205039000( 93.84%)
| TOTAL SCF TIME      =     0.204899000(  6.00%)
|       TOTAL OP TIME      =     0.203515000(  5.96%)
|             TOTAL 1e TIME      =     0.001159000(  0.03%)
|             TOTAL 2e TIME      =     0.201060000(  5.89%)
|       TOTAL DII TIME      =     0.001321000(  0.04%)
|             TOTAL DIAG TIME    =     0.000548000(  0.02%)
| TOTAL TIME          =     3.415395000
------------------------------------
| Job cpu time:  0 days  0 hours  0 minutes  3.4 seconds.

 @ Finish Output Timing Information

| Normal Termination. Task Finished on: Fri Mar  5 11:51:09 2021
