  *********************************************************************************************************
  **                                                                                                     **
  **           888888888888                                                                              **
  **         8888888888888888                                                                            **
  **      888888888888888888                                                                             **
  **     888888888888888888                                                                              **
  **    888888888888888                                                                                  **
  **   88888888888888888888                               88888                       8888:              **
  **   8888888888888888888888Z                            88888                       8888:              **
  **   888888888888888888888888?                          88888                       8888:              **
  **   8888888888888      8888888                                        888888       8888:              **
  **    88888888888         888888     8888:     88888    88888        888888888I     8888:    888888    **
  **    8888888888           88888:    8888:     88888    88888      $888888888888    8888:   888888     **
  **    I8Z 88888             88888    8888:     88888    88888    .888888     8888   8888: 888888       **
  **    .8Z 88888             88888    8888:     88888    88888    $88888             8888:88888         **
  **     8I 88888      .=88. .88888    8888:     88888    88888    88888              8888888888         **
  **    :8  88888      888888$8888$    8888:     88888    88888    8888O              88888888888        **
  **   ,7   +88888.     8888888888.    8888:     88888    88888    888888             88888O888888       **
  **         $888888:.   .8888888      88888....888888    88888     888888     8888   8888:  888888      **
  **          I8888888888888888888     888888888888888    88888     O888888888888O    8888:   888888     **
  **            O888888888888888888     88888888888888    88888       88888888888$    8888:    888888    **
  **               8888888Z     888      .8888I  88888    88888         8888888       8888:     888888   **
  **                                                                                                     **
  **                                                                                                     **
  **                                         Copyright (c) 2021                                          **
  **                          Regents of the University of California San Diego                          **
  **                                    & Michigan State University                                      **
  **                                        All Rights Reserved.                                         **
  **                                                                                                     **
  **                   This software provided pursuant to a license agreement containing                 **
  **                   restrictions on its disclosure, duplication, and use. This software               **
  **                   contains confidential and proprietary information, and may not be                 **
  **                   extracted or distributed, in whole or in part, for any purpose                    **
  **                   whatsoever, without the express written permission of the authors.                **
  **                   This notice, and the associated author list, must be attached to                  **
  **                   all copies, or extracts, of this software. Any additional                         **
  **                   restrictions set forth in the license agreement also apply to this                **
  **                   software.                                                                         **
  *********************************************************************************************************
                                                                                                           
  Cite this work as:                                                                                       
  Manathunga, M.; Chi, J.; Cruzeiro, V.W.D.; Keipert, K.; Pekurovsky, D.; Mu, D.; Miao, Y.;He, X.; Ayers,K;
  Brothers, E.; GÃ¶tz, A.; Merz,K. M. QUICK-21.03 University of California San Diego, CA and Michigan State
  University, East Lansing, MI, 2021                                                                       
                                                                                                           
  If you have any comments or queries, please send us an email for technical support:                      
  quick.merzlab@gmail.com                                                                                  
                                                                                                           
| TASK STARTS ON: Thu Mar  4 18:26:40 2021
| INPUT FILE :    ene_PH3_rhf_def2svpd.in
| OUTPUT FILE:    ene_PH3_rhf_def2svpd.out
| DATE FILE  :    ene_PH3_rhf_def2svpd.dat
| BASIS SET PATH: /home/mmanathunga/fix109/basis

 @ Read Job And Atom

  KEYWORD=HF  BASIS=DEF2-SVPD CUTOFF=1.0E-9 DENSERMS=1.0E-6 ZMAKE ENERGY DIPOLE CHARGE=0                                                                                                                          
 ============== JOB CARD =============
 METHOD = HATREE FOCK
 DIRECT SCF 
 SAD INITAL GUESS 
 USE DIIS SCF
 PRINT ENERGY EVERY CYCLE
 Z-MATRIX CONSTRUCTION
 DIPOLE
 MAX SCF CYCLES =    200
 MAX DIIS CYCLES =   10
 DELTA DENSITY START CYCLE = 1000
 COMPUTATIONAL CUTOFF: 
      TWO-e INTEGRAL   =  0.100E-08
      BASIS SET PRIME  =  0.100E-19
      MATRIX ELEMENTS  =  0.100E-09
      BASIS FUNCTION   =  0.100E-09
 DENSITY MATRIX MAXIMUM RMS FOR CONVERGENCE  =  0.100E-05
 BASIS SET = DEF2-SVPD,  TYPE = CARTESIAN
| BASIS FILE = /home/mmanathunga/fix109/basis/DEF2-SVPD.BAS

 @ Finish reading job


 @ Begin SAD initial guess

 For Atom Kind =    1
 ELEMENT = P 
 BASIS FUNCTIONS =   26
 For Atom Kind =    2
 ELEMENT = H 
 BASIS FUNCTIONS =    8

 @ Finish SAD initial guess


 @ Begin Reading Molecular Information


 =========== Molecule Input ==========
 TOTAL MOLECULAR CHARGE  =    0    MULTIPLICITY                =    1
 TOTAL ATOM NUMBER       =    4    NUMBER OF ATOM TYPES        =    2
 NUMBER OF HYDROGEN ATOM =    3    NUMBER OF NON-HYDROGEN ATOM =    1
 NUMBER OF ELECTRONS     =   18

 -- INPUT GEOMETRY -- :
    P          -1.3784      -0.6787      -0.6594
    H           0.0009      -0.4063      -0.7522
    H          -1.7025      -0.1727      -1.9338
    H          -1.7025       0.5002       0.0410

 -- DISTANCE MATRIX -- :
              1           2           3           4
      1     0.00000
      2     2.66261     0.00000
      3     2.66263     3.94247     0.00000
      4     2.66262     3.94245     3.94246     0.00000

============== BASIS INFOS ==============
 BASIS FUNCTIONS =   50
 NSHELL =   22 NPRIM  =   74
 JSHELL =   22 JBASIS =   38


 @ End Reading Molecular Information 


 @ Begin Energy Calculation

                                         SCF ENERGY
------------------------------------------------------------------------------------------------------------------------
NCYC       ENERGY         DELTA_E      SCF_TIME  DII_CYC   DII_TIME   O_TIME  DIAG_TIME    MAX_ERR    RMS_CHG    MAX_CHG
------------------------------------------------------------------------------------------------------------------------
|  1   -342.262294962      ------         0.112     1        0.00      0.11      0.00    0.1311E+01  0.3555E-01  0.3060E+00
|  2   -342.356259435  0.939645E-01       0.147     2        0.00      0.15      0.00    0.5415E-01  0.3955E-02  0.4447E-01
|  3   -342.369876758  0.136173E-01       0.151     3        0.00      0.15      0.00    0.1385E-01  0.2936E-02  0.5192E-01
|  4   -342.371409300  0.153254E-02       0.147     4        0.00      0.15      0.00    0.4275E-02  0.7903E-03  0.9706E-02
|  5   -342.371558116  0.148817E-03       0.147     5        0.00      0.15      0.00    0.6672E-03  0.2113E-03  0.2100E-02
|  6   -342.371565045  0.692838E-05       0.146     6        0.00      0.15      0.00    0.8705E-04  0.4190E-04  0.6275E-03
|  7   -342.371565166  0.120886E-06       0.149     7        0.00      0.15      0.00    0.2845E-04  0.1221E-04  0.1774E-03
|  8   -342.371565172  0.678565E-08       0.147     8        0.00      0.15      0.00    0.4762E-05  0.1661E-05  0.2056E-04
|  9   -342.371565173  0.137355E-09       0.147     9        0.00      0.15      0.00    0.4861E-06  0.1999E-06  0.2656E-05
------------------------------------------------------------------------------------------------------------------------
| REACH CONVERGENCE AFTER   9 CYLCES
| MAX ERROR = 0.486133E-06   RMS CHANGE = 0.199922E-06   MAX CHANGE = 0.265593E-05
 -----------------------------------------------
 ELECTRONIC ENERGY    =  -360.033155184
 CORE_CORE REPULSION  =    17.661590012
 TOTAL ENERGY         =  -342.371565173

 @ End Energy calculation


 @ Begin Zmake conversion

  
 Z-MATRIX:

   ATOM  ELEMENTAL  BOND LENGTH    BOND ANGLE    DIHEDRAL ANGLE
  NUMBER  SYMBOL    (ANGSTROMS)    (DEGREES)       (DEGREES)
     I                 I-NA         I-NA-NB        I-NA-NB-NC      NA   NB   NC

     1      P        0.00000  0     0.00000  0      0.00000  0      0    0    0
     2      H        1.40899  1     0.00000  0      0.00000  0      1    0    0
     3      H        1.40900  1    95.52004  1      0.00000  0      1    2    0
     4      H        1.40900  1    95.51966  1    -96.10933  1      1    2    3

 @ End Zmake conversion


 @ Begin Charge and Dipole Calculation

    ATOMIC CHARGES
   ATOM          MULLIKEN            LOWDIN
   P             -0.1777             0.5297
   H              0.0592            -0.1862
   H              0.0592            -0.1765
   H              0.0592            -0.1669
   TOTAL        -0.0000            -0.0000

    DIPOLE (DEBYE)
      X         Y         Z        TOTAL
    0.2536    0.6790   -0.2313    0.7608

 @ End Charge and Dipole Calculation


 @ Output Timing Information

------------- TIMING ---------------
| INITIAL GUESS TIME  =     8.316291000( 85.64%)
| TOTAL SCF TIME      =     1.295829000( 13.34%)
|       TOTAL OP TIME      =     1.285061000( 13.23%)
|             TOTAL 1e TIME      =     0.003961000(  0.04%)
|             TOTAL 2e TIME      =     1.276909000( 13.15%)
|       TOTAL DII TIME      =     0.010614000(  0.11%)
|             TOTAL DIAG TIME    =     0.003673000(  0.04%)
| TOTAL TIME          =     9.711225000
------------------------------------
| Job cpu time:  0 days  0 hours  0 minutes  9.7 seconds.

 @ Finish Output Timing Information

| Normal Termination. Task Finished on: Thu Mar  4 18:26:50 2021
