  *********************************************************************************************************
  **                                                                                                     **
  **           888888888888                                                                              **
  **         8888888888888888                                                                            **
  **      888888888888888888                                                                             **
  **     888888888888888888                                                                              **
  **    888888888888888                                                                                  **
  **   88888888888888888888                               88888                       8888:              **
  **   8888888888888888888888Z                            88888                       8888:              **
  **   888888888888888888888888?                          88888                       8888:              **
  **   8888888888888      8888888                                        888888       8888:              **
  **    88888888888         888888     8888:     88888    88888        888888888I     8888:    888888    **
  **    8888888888           88888:    8888:     88888    88888      $888888888888    8888:   888888     **
  **    I8Z 88888             88888    8888:     88888    88888    .888888     8888   8888: 888888       **
  **    .8Z 88888             88888    8888:     88888    88888    $88888             8888:88888         **
  **     8I 88888      .=88. .88888    8888:     88888    88888    88888              8888888888         **
  **    :8  88888      888888$8888$    8888:     88888    88888    8888O              88888888888        **
  **   ,7   +88888.     8888888888.    8888:     88888    88888    888888             88888O888888       **
  **         $888888:.   .8888888      88888....888888    88888     888888     8888   8888:  888888      **
  **          I8888888888888888888     888888888888888    88888     O888888888888O    8888:   888888     **
  **            O888888888888888888     88888888888888    88888       88888888888$    8888:    888888    **
  **               8888888Z     888      .8888I  88888    88888         8888888       8888:     888888   **
  **                                                                                                     **
  **                                                                                                     **
  **                                         Copyright (c) 2021                                          **
  **                          Regents of the University of California San Diego                          **
  **                                    & Michigan State University                                      **
  **                                        All Rights Reserved.                                         **
  **                                                                                                     **
  **                   This software provided pursuant to a license agreement containing                 **
  **                   restrictions on its disclosure, duplication, and use. This software               **
  **                   contains confidential and proprietary information, and may not be                 **
  **                   extracted or distributed, in whole or in part, for any purpose                    **
  **                   whatsoever, without the express written permission of the authors.                **
  **                   This notice, and the associated author list, must be attached to                  **
  **                   all copies, or extracts, of this software. Any additional                         **
  **                   restrictions set forth in the license agreement also apply to this                **
  **                   software.                                                                         **
  *********************************************************************************************************
                                                                                                           
  Cite this work as:                                                                                       
  Manathunga, M.; Chi, J.; Cruzeiro, V.W.D.; Keipert, K.; Pekurovsky, D.; Mu, D.; Miao, Y.;He, X.; Ayers,K;
  Brothers, E.; GÃ¶tz, A.; Merz,K. M. QUICK-21.03 University of California San Diego, CA and Michigan State
  University, East Lansing, MI, 2021                                                                       
                                                                                                           
  If you have any comments or queries, please send us an email for technical support:                      
  quick.merzlab@gmail.com                                                                                  
                                                                                                           
| TASK STARTS ON: Wed Mar 17 11:46:23 2021
| INPUT FILE :    ene_psb5_rhf_631g.in
| OUTPUT FILE:    ene_psb5_rhf_631g.out
| DATE FILE  :    ene_psb5_rhf_631g.dat
| BASIS SET PATH: /scratch/cruzeiro/quick/basis/

 @ Read Job And Atom

  KEYWORD=HF BASIS=6-31G CUTOFF=1.0E-9 DENSERMS=1.0E-6  ZMAKE ENERGY DIPOLE CHARGE=+1                                                                                                                             
 ============== JOB CARD =============
 METHOD = HATREE FOCK
 DIRECT SCF 
 SAD INITAL GUESS 
 USE DIIS SCF
 PRINT ENERGY EVERY CYCLE
 READ SAD GUESS FROM FILE
 Z-MATRIX CONSTRUCTION
 DIPOLE
 MAX SCF CYCLES =    200
 MAX DIIS CYCLES =   10
 DELTA DENSITY START CYCLE = 1000
 COMPUTATIONAL CUTOFF: 
      TWO-e INTEGRAL   =  0.100E-08
      BASIS SET PRIME  =  0.100E-19
      MATRIX ELEMENTS  =  0.100E-09
      BASIS FUNCTION   =  0.100E-09
 DENSITY MATRIX MAXIMUM RMS FOR CONVERGENCE  =  0.100E-05
 BASIS SET = 6-31G,  TYPE = CARTESIAN
| BASIS FILE = /scratch/cruzeiro/quick/basis//6-31G.BAS

 @ Finish reading job


 @ Begin SAD initial guess

 For Atom Kind =    1
 ELEMENT = C 
 BASIS FUNCTIONS =    9
 For Atom Kind =    2
 ELEMENT = H 
 BASIS FUNCTIONS =    2
 For Atom Kind =    3
 ELEMENT = N 
 BASIS FUNCTIONS =    9

 @ Finish SAD initial guess


 @ Begin Reading Molecular Information


 =========== Molecule Input ==========
 TOTAL MOLECULAR CHARGE  =    1    MULTIPLICITY                =    1
 TOTAL ATOM NUMBER       =   22    NUMBER OF ATOM TYPES        =    3
 NUMBER OF HYDROGEN ATOM =   12    NUMBER OF NON-HYDROGEN ATOM =   10
 NUMBER OF ELECTRONS     =   72

 -- INPUT GEOMETRY -- :
    C          -1.2017       0.4258       4.7428
    C          -1.3660       1.5848       3.9624
    C          -1.0189       1.5694       2.6313
    H          -1.7630       2.4740       4.4194
    C          -1.1391       2.6728       1.7501
    H          -0.6253       0.6539       2.2205
    C          -0.7721       2.5867       0.4327
    H          -1.5296       3.5978       2.1375
    C          -0.8671       3.6628      -0.5090
    H          -0.3836       1.6495       0.0686
    C          -0.4892       3.5324      -1.8110
    H          -1.2538       4.6045      -0.1581
    C          -0.5689       4.5978      -2.7957
    H          -0.1037       2.5843      -2.1493
    C          -0.1888       4.4471      -4.0794
    H          -0.9536       5.5467      -2.4621
    H           0.2001       3.5149      -4.4492
    H          -0.2604       5.2550      -4.7825
    N          -1.4957       0.3332       6.0016
    H          -0.8055      -0.4668       4.2930
    H          -1.8710       1.1073       6.5153
    H          -1.3586      -0.5173       6.5104

 -- DISTANCE MATRIX -- :
              1           2           3           4           5
      1     0.00000
      2     2.65858     0.00000
      3     4.55090     2.59972     0.00000
      4     4.05943     2.03269     4.03941     0.00000
      5     7.07302     4.67856     2.67818     5.19371     0.00000
      6     4.90838     3.98621     2.03687     5.80678     4.03592
      7     9.14742     7.02402     4.60176     7.76593     2.58956
      8     7.78162     5.14385     4.06145     4.82697     2.03359
      9    11.67523     9.36513     7.13773     9.72876     4.68921
     10     9.26071     7.58990     4.99178     8.76476     3.98443
     11    13.77186    11.63289     9.23232    12.18260     7.03096
     12    12.17120     9.65606     7.80252     9.58959     5.13568
     13    16.32562    14.06361    11.77500    14.39092     9.39083
     14    13.80485    11.94355     9.39594    12.80461     7.62603
     15    18.42151    16.28342    13.88711    16.75373    11.65435
     16    16.71058    14.28481    12.21273    14.32355     9.64254
     17    18.51555    16.57511    14.06606    17.27720    12.09045
     18    20.25975    18.04340    15.71141    18.38649    13.37783
     19     2.44893     4.52801     6.84331     5.05573     9.19495
     20     2.03181     4.06724     4.98277     5.84920     7.66084
     21     3.80488     4.99981     7.56478     4.73275     9.57875
     22     3.79745     6.24201     8.34831     6.93897    10.83664
              6           7           8           9          10
      6     0.00000
      7     4.98315     0.00000
      8     5.82180     4.00977     0.00000
      9     7.69042     2.70804     5.15678     0.00000
     10     4.50390     2.03693     5.79052     4.06204     0.00000
     11     9.36460     4.63214     7.71720     2.57390     5.03153
     12     8.79481     4.07607     4.76534     2.03488     5.83697
     13    12.05867     7.19784     9.68359     4.70246     7.77562
     14     9.08123     5.04004     8.74935     3.98034     4.57888
     15    13.92092     9.28854    12.12498     7.02595     9.46184
     16    12.81313     7.83137     9.50256     5.13071     8.84693
     17    13.80294     9.56869    12.86996     7.71932     9.30210
     18    15.84959    11.11250    13.65890     8.69415    11.42434
     19     7.35708    11.43471     9.55946    13.86960    11.67506
     20     4.46539     9.30140     8.80116    11.96893     8.96425
     21     8.49385    12.01049     9.53975    14.25189    12.54453
     22     8.51687    12.94386    11.35174    15.46634    12.97491
             11          12          13          14          15
     11     0.00000
     12     3.99365     0.00000
     13     2.74561     5.14967     0.00000
     14     2.03695     5.78417     4.09170     0.00000
     15     4.65673     7.68444     2.54597     5.07151     0.00000
     16     4.09551     4.73808     2.03501     5.85382     3.96828
     17     5.15291     8.80596     4.00788     4.72350     2.03260
     18     6.50508     9.02246     3.99744     7.09368     2.02853
     19    16.06648    14.17214    18.55756    16.19459    20.72313
     20    13.80307    12.77918    16.46938    13.53562    18.38222
     21    16.59498    14.28528    18.95135    16.94233    21.23161
     22    17.56540    15.89072    20.12268    17.54337    22.21181
             16          17          18          19          20
     16     0.00000
     17     5.79615     0.00000
     18     4.60951     3.45937     0.00000
     19    18.81282    20.89129    22.52241     0.00000
     20    17.09291    18.25235    20.30038     3.79617     0.00000
     21    19.00503    21.57156    22.94587     1.89351     5.52613
     22    20.47899    22.26350    24.05636     1.89061     4.31966
             21          22
     21     0.00000
     22     3.21904     0.00000

============== BASIS INFOS ==============
 BASIS FUNCTIONS =  114
 NSHELL =   54 NPRIM  =  268
 JSHELL =   54 JBASIS =  148


 @ End Reading Molecular Information 


 @ Begin Energy Calculation

                                         SCF ENERGY
| ------------------------------------------------------------------------------------------------------------------------
| NCYC       ENERGY         DELTA_E      SCF_TIME  DII_CYC   DII_TIME   O_TIME  DIAG_TIME    MAX_ERR    RMS_CHG    MAX_CHG
| ------------------------------------------------------------------------------------------------------------------------
|  1   -406.674076058      ------         1.588     1        0.13      1.46      0.10    0.2389E+01  0.3915E-01  0.4870E+00
|  2   -401.546638521  -.512744E+01       2.082     2        0.06      2.02      0.04    0.1038E+00  0.1188E-01  0.1192E+00
|  3   -401.790226250  0.243588E+00       2.077     3        0.06      2.02      0.04    0.5630E-01  0.4495E-02  0.5492E-01
|  4   -401.831445507  0.412193E-01       2.073     4        0.06      2.01      0.03    0.2983E-01  0.2538E-02  0.2353E-01
|  5   -401.843200871  0.117554E-01       2.070     5        0.06      2.01      0.04    0.1005E-01  0.1032E-02  0.9087E-02
|  6   -401.844614788  0.141392E-02       2.079     6        0.07      2.01      0.03    0.3896E-02  0.3639E-03  0.3898E-02
|  7   -401.844783812  0.169024E-03       2.060     7        0.05      2.01      0.03    0.8404E-03  0.1116E-03  0.1357E-02
|  8   -401.844800813  0.170009E-04       2.070     8        0.06      2.01      0.03    0.4433E-03  0.4590E-04  0.4636E-03
|  9   -401.844804240  0.342702E-05       2.064     9        0.05      2.01      0.03    0.1895E-03  0.3478E-04  0.3523E-03
| 10   -401.844805448  0.120876E-05       2.071    10        0.07      2.00      0.04    0.8708E-04  0.1397E-04  0.1321E-03
| 11   -401.844805621  0.172785E-06       2.079     1        0.07      2.01      0.04    0.2086E-04  0.5037E-05  0.6219E-04
| 12   -401.844805638  0.165426E-07       2.080     2        0.07      2.01      0.05    0.6578E-05  0.6708E-06  0.7066E-05
| ------------------------------------------------------------------------------------------------------------------------
| REACH CONVERGENCE AFTER  12 CYLCES
| MAX ERROR = 0.657775E-05   RMS CHANGE = 0.670754E-06   MAX CHANGE = 0.706643E-05
| -----------------------------------------------
 ELECTRONIC ENERGY    =  -826.284617721
 CORE_CORE REPULSION  =   424.439812083
 TOTAL ENERGY         =  -401.844805638

 @ End Energy calculation


 @ Begin Zmake conversion

  
 Z-MATRIX:

   ATOM  ELEMENTAL  BOND LENGTH    BOND ANGLE    DIHEDRAL ANGLE
  NUMBER  SYMBOL    (ANGSTROMS)    (DEGREES)       (DEGREES)
     I                 I-NA         I-NA-NB        I-NA-NB-NC      NA   NB   NC

     1      C        0.00000  0     0.00000  0      0.00000  0      0    0    0
     2      C        1.40686  1     0.00000  0      0.00000  0      1    0    0
     3      C        2.40823  1    29.69426  1      0.00000  0      1    2    0
     4      H        2.14816  1    25.90875  1    179.97280  1      1    2    3
     5      C        3.74288  1    20.58670  1      0.02838  1      1    2    3
     6      H        2.59740  1    54.18975  1     -0.00944  1      1    2    3
     7      C        4.84061  1    31.64508  1      0.03614  1      1    2    3
     8      H        4.11786  1     5.82487  1      0.12930  1      1    2    3
     9      C        6.17827  1    26.25744  1      0.06712  1      1    2    3
    10      H        4.90056  1    44.33155  1      0.02343  1      1    2    3
    11      C        7.28776  1    33.00750  1      0.07342  1      1    2    3
    12      H        6.44072  1    16.76103  1      0.10253  1      1    2    3
    13      C        8.63915  1    29.15388  1      0.10122  1      1    2    3
    14      H        7.30521  1    41.47838  1      0.05984  1      1    2    3
    15      C        9.74824  1    33.93074  1      0.10368  1      1    2    3
    16      H        8.84286  1    22.21785  1      0.12630  1      1    2    3
    17      H        9.79801  1    40.23303  1      0.09093  1      1    2    3
    18      H       10.72100  1    31.38651  1      0.11994  1      1    2    3
    19      N        1.29592  1   124.83265  1    179.97037  1      1    2    3
    20      H        1.07519  1   119.66013  1     -0.02698  1      1    2    3
    21      H        2.01345  1    99.82704  1    179.96976  1      1    2    3
    22      H        2.00953  1   149.92940  1    179.96411  1      1    2    3

 @ End Zmake conversion


 @ Begin Charge and Dipole Calculation

    ATOMIC CHARGES
   ATOM          MULLIKEN            LOWDIN
   C              0.2755             0.1683
   C             -0.2916            -0.2493
   C             -0.0652             0.0645
   H              0.2393             0.1472
   C             -0.2566            -0.2043
   H              0.2320             0.1407
   C             -0.0820             0.0368
   H              0.2290             0.1419
   C             -0.2367            -0.1798
   H              0.2253             0.1372
   C             -0.1057             0.0012
   H              0.2234             0.1388
   C             -0.1821            -0.1469
   H              0.2192             0.1350
   C             -0.3164            -0.1500
   H              0.2181             0.1365
   H              0.1972             0.1322
   H              0.2135             0.1448
   N             -0.8709            -0.3189
   H              0.2734             0.1586
   H              0.4318             0.2812
   H              0.4294             0.2841
   TOTAL         1.0000             1.0000

    DIPOLE (DEBYE)
      X         Y         Z        TOTAL
   -0.2549   -4.9477    7.0440    8.6118

 @ End Charge and Dipole Calculation


 @ Output Timing Information

------------- TIMING ---------------
| INITIAL GUESS TIME  =     0.446238000(  1.78%)
| TOTAL SCF TIME      =    24.472446000( 97.57%)
|       TOTAL OP TIME      =    23.644213000( 94.27%)
|             TOTAL 1e TIME      =     0.078766000(  0.31%)
|             TOTAL 2e TIME      =    23.462406000( 93.55%)
|       TOTAL DII TIME      =     0.811643000(  3.24%)
|             TOTAL DIAG TIME    =     0.510950000(  2.04%)
| TOTAL TIME          =    25.080672000
------------------------------------
| Job cpu time:  0 days  0 hours  0 minutes 25.1 seconds.

 @ Finish Output Timing Information

| Normal Termination. Task Finished on: Wed Mar 17 11:46:47 2021
