  *********************************************************************************************************
  **                                                                                                     **
  **           888888888888                                                                              **
  **         8888888888888888                                                                            **
  **      888888888888888888                                                                             **
  **     888888888888888888                                                                              **
  **    888888888888888                                                                                  **
  **   88888888888888888888                               88888                       8888:              **
  **   8888888888888888888888Z                            88888                       8888:              **
  **   888888888888888888888888?                          88888                       8888:              **
  **   8888888888888      8888888                                        888888       8888:              **
  **    88888888888         888888     8888:     88888    88888        888888888I     8888:    888888    **
  **    8888888888           88888:    8888:     88888    88888      $888888888888    8888:   888888     **
  **    I8Z 88888             88888    8888:     88888    88888    .888888     8888   8888: 888888       **
  **    .8Z 88888             88888    8888:     88888    88888    $88888             8888:88888         **
  **     8I 88888      .=88. .88888    8888:     88888    88888    88888              8888888888         **
  **    :8  88888      888888$8888$    8888:     88888    88888    8888O              88888888888        **
  **   ,7   +88888.     8888888888.    8888:     88888    88888    888888             88888O888888       **
  **         $888888:.   .8888888      88888....888888    88888     888888     8888   8888:  888888      **
  **          I8888888888888888888     888888888888888    88888     O888888888888O    8888:   888888     **
  **            O888888888888888888     88888888888888    88888       88888888888$    8888:    888888    **
  **               8888888Z     888      .8888I  88888    88888         8888888       8888:     888888   **
  **                                                                                                     **
  **                                                                                                     **
  **                                         Copyright (c) 2020                                          **
  **                          Regents of the University of California San Diego                          **
  **                                    & Michigan State University                                      **
  **                                        All Rights Reserved.                                         **
  **                                                                                                     **
  **                   This software provided pursuant to a license agreement containing                 **
  **                   restrictions on its disclosure, duplication, and use. This software               **
  **                   contains confidential and proprietary information, and may not be                 **
  **                   extracted or distributed, in whole or in part, for any purpose                    **
  **                   whatsoever, without the express written permission of the authors.                **
  **                   This notice, and the associated author list, must be attached to                  **
  **                   all copies, or extracts, of this software. Any additional                         **
  **                   restrictions set forth in the license agreement also apply to this                **
  **                   software.                                                                         **
  *********************************************************************************************************
                                                                                                           
  Cite this work as:                                                                                       
 Manathunga, M.; Mu, D.; Miao, Y.;He, X.; Ayers,K; Brothers, E.; GÃ¶tz, A.; Merz,K. M. QUICK-20.03         
  University of California San Diego, CA and Michigan State University, East Lansing, MI, 2020             
                                                                                                           
  If you have any comments or queries, please send us an email for technical support:                      
  quick.merzlab@gmail.com                                                                                  
                                                                                                           
| TASK STARTS ON: Tue Nov 24 08:21:03 2020
| INPUT FILE :    ene_wat2_mp2_631gss.in
| OUTPUT FILE:    ene_wat2_mp2_631gss.out
| DATE FILE  :    ene_wat2_mp2_631gss.dat
| BASIS SET PATH: /server-home1/cruzeiro/amber_dev/AmberTools/src/quick/basis

 @ Read Job And Atom

  KEYWORD=MP2 BASIS=6-31G** CUTOFF=1.0E-9 DENSERMS=1.0E-6  ZMAKE ENERGY DIPOLE                                                                                                                                    
 ============== JOB CARD =============
 METHOD = HATREE FOCK
 DIRECT SCF 
 SAD INITAL GUESS 
 USE DIIS SCF
 PRINT ENERGY EVERY CYCLE
 Z-MATRIX CONSTRUCTION
 DIPOLE
 MAX SCF CYCLES =    200
 MAX DIIS CYCLES =   10
 DELTA DENSITY START CYCLE = 1000
 COMPUTATIONAL CUTOFF: 
      TWO-e INTEGRAL   =  0.100E-08
      BASIS SET PRIME  =  0.100E-19
      MATRIX ELEMENTS  =  0.100E-09
      BASIS FUNCTION   =  0.100E-09
 DENSITY MATRIX MAXIMUM RMS FOR CONVERGENCE  =  0.100E-05
 BASIS SET = 6-31G**,  TYPE = CARTESIAN
| BASIS FILE = /server-home1/cruzeiro/amber_dev/AmberTools/src/quick/basis/6-31GSS.BAS

 @ Finish reading job


 @ Begin SAD initial guess

 For Atom Kind =    1
 ELEMENT = O 
 BASIS FUNCTIONS =   15
 For Atom Kind =    2
 ELEMENT = H 
 BASIS FUNCTIONS =    5

 @ Finish SAD initial guess


 @ Begin Reading Molecular Information


 =========== Molecule Input ==========
 TOTAL MOLECULAR CHARGE  =    0    MULTIPLICITY                =    1
 TOTAL ATOM NUMBER       =    6    NUMBER OF ATOM TYPES        =    2
 NUMBER OF HYDROGEN ATOM =    4    NUMBER OF NON-HYDROGEN ATOM =    2
 NUMBER OF ELECTRONS     =   20

 -- INPUT GEOMETRY -- :
    O          -1.7945      -0.9234       2.7683
    O          -0.7415       1.7521       2.8963
    H          -1.2421       0.9212       2.9842
    H          -2.3382      -1.3597       3.4309
    H          -0.8795      -1.3030       2.8658
    H          -0.9205       2.0364       1.9840

 -- DISTANCE MATRIX -- :
              1           2           3           4           5
      1     0.00000
      2     5.43885     0.00000
      3     3.66153     1.84069     0.00000
      4     1.81759     6.68631     4.85619     0.00000
      5     1.88100     5.77953     4.26453     2.95829     0.00000
      6     6.01745     1.83707     2.89541     7.47284     6.52737
              6
      6     0.00000

============== BASIS INFOS ==============
 BASIS FUNCTIONS =   50
 NSHELL =   20 NPRIM  =   42
 JSHELL =   20 JBASIS =   42


 @ End Reading Molecular Information 


 @ Begin Energy Calculation

                                         SCF ENERGY
------------------------------------------------------------------------------------------------------------------------
NCYC       ENERGY         DELTA_E      SCF_TIME  DII_CYC   DII_TIME   O_TIME  DIAG_TIME    MAX_ERR    RMS_CHG    MAX_CHG
------------------------------------------------------------------------------------------------------------------------
|  1   -151.984056296      ------         0.084     1        0.00      0.08      0.00    0.1753E+01  0.3843E-01  0.4144E+00
|  2   -151.979065323  -.499097E-02       0.147     2        0.00      0.15      0.00    0.2286E+00  0.9305E-02  0.1694E+00
|  3   -152.036659891  0.575946E-01       0.147     3        0.00      0.15      0.00    0.9421E-01  0.3469E-02  0.5475E-01
|  4   -152.049427375  0.127675E-01       0.174     4        0.00      0.17      0.00    0.2797E-01  0.1258E-02  0.2389E-01
|  5   -152.050675436  0.124806E-02       0.173     5        0.00      0.17      0.00    0.5596E-02  0.5881E-03  0.7218E-02
|  6   -152.050816094  0.140658E-03       0.169     6        0.00      0.17      0.00    0.1537E-02  0.1448E-03  0.1738E-02
|  7   -152.050823240  0.714558E-05       0.173     7        0.00      0.17      0.00    0.5113E-03  0.4001E-04  0.4437E-03
|  8   -152.050823937  0.697575E-06       0.173     8        0.00      0.17      0.00    0.8089E-04  0.1779E-04  0.1766E-03
|  9   -152.050824027  0.897536E-07       0.173     9        0.00      0.17      0.00    0.2325E-04  0.4512E-05  0.4660E-04
| 10   -152.050824032  0.490450E-08       0.191    10        0.00      0.19      0.00    0.3566E-05  0.5845E-06  0.6698E-05
------------------------------------------------------------------------------------------------------------------------
| REACH CONVERGENCE AFTER  10 CYLCES
| MAX ERROR = 0.356561E-05   RMS CHANGE = 0.584504E-06   MAX CHANGE = 0.669825E-05
 -----------------------------------------------
  ELECTRONIC ENERGY    =  -188.679305464
  CORE_CORE REPULSION  =    36.628481432
  TOTAL ENERGY         =  -152.050824032

 @ End Energy calculation


 @ Begin MP2 Calculation

| CURRENT MEMORY USAGE= 0.149012E-03 M
TOTAL STEP          =     1
EFFECT INTEGRALS    =   34780
SECOND ORDER ENERGY =    -0.403468374
EMP2                =  -152.454292406

 @ End MP2 Calculation


 @ Begin Zmake conversion

  
 Z-MATRIX:

   ATOM  ELEMENTAL  BOND LENGTH    BOND ANGLE    DIHEDRAL ANGLE
  NUMBER  SYMBOL    (ANGSTROMS)    (DEGREES)       (DEGREES)
     I                 I-NA         I-NA-NB        I-NA-NB-NC      NA   NB   NC

     1      O        0.00000  0     0.00000  0      0.00000  0      0    0    0
     2      O        2.87812  1     0.00000  0      0.00000  0      1    0    0
     3      H        1.93760  1     6.15055  1      0.00000  0      1    2    0
     4      H        0.96183  1   126.72240  1    -24.40948  1      1    2    3
     5      H        0.99538  1    90.79436  1   -135.43640  1      1    2    3
     6      H        3.18430  1    17.53072  1    112.51553  1      1    2    3

 @ End Zmake conversion


 @ Begin Charge and Dipole Calculation

    ATOMIC CHARGES
   ATOM          MULLIKEN            LOWDIN
   O             -0.6877            -0.4484
   O             -0.7303            -0.4914
   H              0.3733             0.2230
   H              0.3551             0.2389
   H              0.3621             0.2533
   H              0.3276             0.2247
   TOTAL         0.0000             0.0000

    DIPOLE (DEBYE)
      X         Y         Z        TOTAL
   -0.7666   -3.0689   -0.0458    3.1635

 @ End Charge and Dipole Calculation


 @ Output Timing Information

------------- TIMING ---------------
| INITIAL GUESS TIME  =     2.104039000( 50.73%)
| TOTAL SCF TIME      =     1.606143000( 38.73%)
|       TOTAL OP TIME      =     1.592631000( 38.40%)
|             OVERLAP 1e INTEGRALS TIME      =     0.001213000(  0.03%)
|             OVERLAP 1e DIAGONALIZATION TIME =     0.000363000(  0.01%)
|             TOTAL 1e TIME      =     0.003499000(  0.08%)
|                KINETIC 1e INTEGRALS TIME    =     0.002785000(  0.07%)
|                ATTRACTION 1e INTEGRALS TIME =     0.000711000(  0.02%)
|             TOTAL 2e TIME      =     1.588673000( 38.31%)
|             TOTAL ENERGY TIME  =     0.000145000(  0.00%)
|       TOTAL DII TIME      =     0.013311000(  0.32%)
|             TOTAL DIAG TIME    =     0.004079000(  0.10%)
|       DIPOLE TIME        =     0.006463000(  0.16%)
| TOTAL MP2 TIME     =     0.392133000(  9.46%)
| TOTAL TIME          =     4.147356000
------------------------------------
| Job cpu time:  0 days  0 hours  0 minutes  4.1 seconds.

 @ Finish Output Timing Information

| Normal Termination. Task Finished on: Tue Nov 24 08:21:10 2020
