  *********************************************************************************************************
  **                                                                                                     **
  **           888888888888                                                                              **
  **         8888888888888888                                                                            **
  **      888888888888888888                                                                             **
  **     888888888888888888                                                                              **
  **    888888888888888                                                                                  **
  **   88888888888888888888                               88888                       8888:              **
  **   8888888888888888888888Z                            88888                       8888:              **
  **   888888888888888888888888?                          88888                       8888:              **
  **   8888888888888      8888888                                        888888       8888:              **
  **    88888888888         888888     8888:     88888    88888        888888888I     8888:    888888    **
  **    8888888888           88888:    8888:     88888    88888      $888888888888    8888:   888888     **
  **    I8Z 88888             88888    8888:     88888    88888    .888888     8888   8888: 888888       **
  **    .8Z 88888             88888    8888:     88888    88888    $88888             8888:88888         **
  **     8I 88888      .=88. .88888    8888:     88888    88888    88888              8888888888         **
  **    :8  88888      888888$8888$    8888:     88888    88888    8888O              88888888888        **
  **   ,7   +88888.     8888888888.    8888:     88888    88888    888888             88888O888888       **
  **         $888888:.   .8888888      88888....888888    88888     888888     8888   8888:  888888      **
  **          I8888888888888888888     888888888888888    88888     O888888888888O    8888:   888888     **
  **            O888888888888888888     88888888888888    88888       88888888888$    8888:    888888    **
  **               8888888Z     888      .8888I  88888    88888         8888888       8888:     888888   **
  **                                                                                                     **
  **                                                                                                     **
  **                                         Copyright (c) 2021                                          **
  **                          Regents of the University of California San Diego                          **
  **                                    & Michigan State University                                      **
  **                                        All Rights Reserved.                                         **
  **                                                                                                     **
  **                   This software provided pursuant to a license agreement containing                 **
  **                   restrictions on its disclosure, duplication, and use. This software               **
  **                   contains confidential and proprietary information, and may not be                 **
  **                   extracted or distributed, in whole or in part, for any purpose                    **
  **                   whatsoever, without the express written permission of the authors.                **
  **                   This notice, and the associated author list, must be attached to                  **
  **                   all copies, or extracts, of this software. Any additional                         **
  **                   restrictions set forth in the license agreement also apply to this                **
  **                   software.                                                                         **
  *********************************************************************************************************
                                                                                                           
  Cite this work as:                                                                                       
  Manathunga, M.; Chi, J.; Cruzeiro, V.W.D.; Keipert, K.; Pekurovsky, D.; Mu, D.; Miao, Y.;He, X.; Ayers,K;
  Brothers, E.; GÃ¶tz, A.; Merz,K. M. QUICK-21.03 University of California San Diego, CA and Michigan State
  University, East Lansing, MI, 2021                                                                       
                                                                                                           
  If you have any comments or queries, please send us an email for technical support:                      
  quick.merzlab@gmail.com                                                                                  
                                                                                                           
| TASK STARTS ON: Tue Mar  9 15:00:40 2021
| INPUT FILE :    ene_SO2_rhf_321g.in
| OUTPUT FILE:    ene_SO2_rhf_321g.out
| DATE FILE  :    ene_SO2_rhf_321g.dat
| BASIS SET PATH: /home/mmanathunga/fix109/basis

 @ Read Job And Atom

  KEYWORD=HF  BASIS=3-21G CUTOFF=1.0E-9 DENSERMS=1.0E-6  ZMAKE ENERGY DIPOLE CHARGE=0                                                                                                                             
 ============== JOB CARD =============
 METHOD = HATREE FOCK
 DIRECT SCF 
 SAD INITAL GUESS 
 USE DIIS SCF
 PRINT ENERGY EVERY CYCLE
 Z-MATRIX CONSTRUCTION
 DIPOLE
 MAX SCF CYCLES =    200
 MAX DIIS CYCLES =   10
 DELTA DENSITY START CYCLE = 1000
 COMPUTATIONAL CUTOFF: 
      TWO-e INTEGRAL   =  0.100E-08
      BASIS SET PRIME  =  0.100E-19
      MATRIX ELEMENTS  =  0.100E-09
      BASIS FUNCTION   =  0.100E-09
 DENSITY MATRIX MAXIMUM RMS FOR CONVERGENCE  =  0.100E-05
 BASIS SET = 3-21G,  TYPE = CARTESIAN
| BASIS FILE = /home/mmanathunga/fix109/basis/3-21G.BAS

 @ Finish reading job


 @ Begin SAD initial guess

 For Atom Kind =    1
 ELEMENT = S 
 BASIS FUNCTIONS =   13
 For Atom Kind =    2
 ELEMENT = O 
 BASIS FUNCTIONS =    9

 @ Finish SAD initial guess


 @ Begin Reading Molecular Information


 =========== Molecule Input ==========
 TOTAL MOLECULAR CHARGE  =    0    MULTIPLICITY                =    1
 TOTAL ATOM NUMBER       =    3    NUMBER OF ATOM TYPES        =    2
 NUMBER OF HYDROGEN ATOM =    0    NUMBER OF NON-HYDROGEN ATOM =    3
 NUMBER OF ELECTRONS     =   32

 -- INPUT GEOMETRY -- :
    S          -1.2972       0.8511       0.0835
    O           0.1345       0.8525      -0.1352
    O          -1.5682       0.8600      -1.3392

 -- DISTANCE MATRIX -- :
              1           2           3
      1     0.00000
      2     2.73683     0.00000
      3     2.73682     3.94075     0.00000

============== BASIS INFOS ==============
 BASIS FUNCTIONS =   31
 NSHELL =   10 NPRIM  =   57
 JSHELL =   10 JBASIS =   21


 @ End Reading Molecular Information 


 @ Begin Energy Calculation

                                         SCF ENERGY
| ------------------------------------------------------------------------------------------------------------------------
| NCYC       ENERGY         DELTA_E      SCF_TIME  DII_CYC   DII_TIME   O_TIME  DIAG_TIME    MAX_ERR    RMS_CHG    MAX_CHG
| ------------------------------------------------------------------------------------------------------------------------
|  1   -545.521360091      ------         0.015     1        0.00      0.01      0.00    0.2087E+01  0.7890E-01  0.4821E+00
|  2   -544.044886417  -.147647E+01       0.013     2        0.00      0.01      0.00    0.3310E+00  0.4248E-01  0.3557E+00
|  3   -544.103721477  0.588351E-01       0.014     3        0.00      0.01      0.00    0.2736E+00  0.1928E-01  0.1083E+00
|  4   -544.200967180  0.972457E-01       0.014     4        0.00      0.01      0.00    0.4860E-01  0.4658E-02  0.3486E-01
|  5   -544.205013163  0.404598E-02       0.014     5        0.00      0.01      0.00    0.2073E-01  0.2670E-02  0.1203E-01
|  6   -544.206733604  0.172044E-02       0.014     6        0.00      0.01      0.00    0.6797E-02  0.2141E-02  0.1051E-01
|  7   -544.207438533  0.704929E-03       0.013     7        0.00      0.01      0.00    0.4796E-02  0.2137E-02  0.1209E-01
|  8   -544.207876326  0.437794E-03       0.013     8        0.00      0.01      0.00    0.2753E-02  0.1972E-02  0.1151E-01
|  9   -544.208053494  0.177168E-03       0.013     9        0.00      0.01      0.00    0.7127E-03  0.4837E-03  0.2717E-02
| 10   -544.208065127  0.116326E-04       0.014    10        0.00      0.01      0.00    0.2318E-03  0.1330E-03  0.6227E-03
| 11   -544.208066389  0.126221E-05       0.014     1        0.00      0.01      0.00    0.1324E-03  0.6685E-04  0.3815E-03
| 12   -544.208066739  0.350372E-06       0.013     2        0.00      0.01      0.00    0.6733E-04  0.4630E-04  0.2740E-03
| 13   -544.208066847  0.107458E-06       0.014     3        0.00      0.01      0.00    0.1698E-04  0.1418E-04  0.7717E-04
| 14   -544.208066855  0.821670E-08       0.014     4        0.00      0.01      0.00    0.3260E-05  0.1522E-05  0.8728E-05
| 15   -544.208066855  0.191321E-09       0.014     5        0.00      0.01      0.00    0.2331E-05  0.8448E-06  0.3639E-05
| ------------------------------------------------------------------------------------------------------------------------
| REACH CONVERGENCE AFTER  15 CYLCES
| MAX ERROR = 0.233079E-05   RMS CHANGE = 0.844776E-06   MAX CHANGE = 0.363874E-05
| -----------------------------------------------
 ELECTRONIC ENERGY    =  -653.987726469
 CORE_CORE REPULSION  =   109.779659614
 TOTAL ENERGY         =  -544.208066855

 @ End Energy calculation


 @ Begin Zmake conversion

  
 Z-MATRIX:

   ATOM  ELEMENTAL  BOND LENGTH    BOND ANGLE    DIHEDRAL ANGLE
  NUMBER  SYMBOL    (ANGSTROMS)    (DEGREES)       (DEGREES)
     I                 I-NA         I-NA-NB        I-NA-NB-NC      NA   NB   NC

     1      S        0.00000  0     0.00000  0      0.00000  0      0    0    0
     2      O        1.44827  1     0.00000  0      0.00000  0      1    0    0
     3      O        1.44826  1    92.10048  1      0.00000  0      1    2    0

 @ End Zmake conversion


 @ Begin Charge and Dipole Calculation

    ATOMIC CHARGES
   ATOM          MULLIKEN            LOWDIN
   S              1.3860             1.0936
   O             -0.6930            -0.5468
   O             -0.6930            -0.5468
   TOTAL         0.0000             0.0000

    DIPOLE (DEBYE)
      X         Y         Z        TOTAL
   -2.4751   -0.0220    3.5002    4.2870

 @ End Charge and Dipole Calculation


 @ Output Timing Information

------------- TIMING ---------------
| INITIAL GUESS TIME  =     0.900073000( 81.05%)
| TOTAL SCF TIME      =     0.206068000( 18.56%)
|       TOTAL OP TIME      =     0.202072000( 18.20%)
|             TOTAL 1e TIME      =     0.001279000(  0.12%)
|             TOTAL 2e TIME      =     0.199330000( 17.95%)
|       TOTAL DII TIME      =     0.003890000(  0.35%)
|             TOTAL DIAG TIME    =     0.001478000(  0.13%)
| TOTAL TIME          =     1.110518000
------------------------------------
| Job cpu time:  0 days  0 hours  0 minutes  1.1 seconds.

 @ Finish Output Timing Information

| Normal Termination. Task Finished on: Tue Mar  9 15:00:41 2021
