  *********************************************************************************************************
  **                                                                                                     **
  **           888888888888                                                                              **
  **         8888888888888888                                                                            **
  **      888888888888888888                                                                             **
  **     888888888888888888                                                                              **
  **    888888888888888                                                                                  **
  **   88888888888888888888                               88888                       8888:              **
  **   8888888888888888888888Z                            88888                       8888:              **
  **   888888888888888888888888?                          88888                       8888:              **
  **   8888888888888      8888888                                        888888       8888:              **
  **    88888888888         888888     8888:     88888    88888        888888888I     8888:    888888    **
  **    8888888888           88888:    8888:     88888    88888      $888888888888    8888:   888888     **
  **    I8Z 88888             88888    8888:     88888    88888    .888888     8888   8888: 888888       **
  **    .8Z 88888             88888    8888:     88888    88888    $88888             8888:88888         **
  **     8I 88888      .=88. .88888    8888:     88888    88888    88888              8888888888         **
  **    :8  88888      888888$8888$    8888:     88888    88888    8888O              88888888888        **
  **   ,7   +88888.     8888888888.    8888:     88888    88888    888888             88888O888888       **
  **         $888888:.   .8888888      88888....888888    88888     888888     8888   8888:  888888      **
  **          I8888888888888888888     888888888888888    88888     O888888888888O    8888:   888888     **
  **            O888888888888888888     88888888888888    88888       88888888888$    8888:    888888    **
  **               8888888Z     888      .8888I  88888    88888         8888888       8888:     888888   **
  **                                                                                                     **
  **                                                                                                     **
  **                                         Copyright (c) 2021                                          **
  **                          Regents of the University of California San Diego                          **
  **                                    & Michigan State University                                      **
  **                                        All Rights Reserved.                                         **
  **                                                                                                     **
  **                   This software provided pursuant to a license agreement containing                 **
  **                   restrictions on its disclosure, duplication, and use. This software               **
  **                   contains confidential and proprietary information, and may not be                 **
  **                   extracted or distributed, in whole or in part, for any purpose                    **
  **                   whatsoever, without the express written permission of the authors.                **
  **                   This notice, and the associated author list, must be attached to                  **
  **                   all copies, or extracts, of this software. Any additional                         **
  **                   restrictions set forth in the license agreement also apply to this                **
  **                   software.                                                                         **
  *********************************************************************************************************
                                                                                                           
  Cite this work as:                                                                                       
  Manathunga, M.; Chi, J.; Cruzeiro, V.W.D.; Keipert, K.; Pekurovsky, D.; Mu, D.; Miao, Y.;He, X.; Ayers,K;
  Brothers, E.; GÃ¶tz, A.; Merz,K. M. QUICK-21.03 University of California San Diego, CA and Michigan State
  University, East Lansing, MI, 2021                                                                       
                                                                                                           
  If you have any comments or queries, please send us an email for technical support:                      
  quick.merzlab@gmail.com                                                                                  
                                                                                                           
| TASK STARTS ON: Tue Mar  9 14:58:01 2021
| INPUT FILE :    ene_H2O_rhf_sto3g.in
| OUTPUT FILE:    ene_H2O_rhf_sto3g.out
| DATE FILE  :    ene_H2O_rhf_sto3g.dat
| BASIS SET PATH: /home/mmanathunga/fix109/basis

 @ Read Job And Atom

  KEYWORD=HF  BASIS=STO-3G CUTOFF=1.0E-9 DENSERMS=1.0E-6  ZMAKE ENERGY DIPOLE CHARGE=0                                                                                                                            
 ============== JOB CARD =============
 METHOD = HATREE FOCK
 DIRECT SCF 
 SAD INITAL GUESS 
 USE DIIS SCF
 PRINT ENERGY EVERY CYCLE
 Z-MATRIX CONSTRUCTION
 DIPOLE
 MAX SCF CYCLES =    200
 MAX DIIS CYCLES =   10
 DELTA DENSITY START CYCLE = 1000
 COMPUTATIONAL CUTOFF: 
      TWO-e INTEGRAL   =  0.100E-08
      BASIS SET PRIME  =  0.100E-19
      MATRIX ELEMENTS  =  0.100E-09
      BASIS FUNCTION   =  0.100E-09
 DENSITY MATRIX MAXIMUM RMS FOR CONVERGENCE  =  0.100E-05
 BASIS SET = STO-3G,  TYPE = CARTESIAN
| BASIS FILE = /home/mmanathunga/fix109/basis/STO-3G.BAS

 @ Finish reading job


 @ Begin SAD initial guess

 For Atom Kind =    1
 ELEMENT = O 
 BASIS FUNCTIONS =    5
 For Atom Kind =    2
 ELEMENT = H 
 BASIS FUNCTIONS =    1

 @ Finish SAD initial guess


 @ Begin Reading Molecular Information


 =========== Molecule Input ==========
 TOTAL MOLECULAR CHARGE  =    0    MULTIPLICITY                =    1
 TOTAL ATOM NUMBER       =    3    NUMBER OF ATOM TYPES        =    2
 NUMBER OF HYDROGEN ATOM =    2    NUMBER OF NON-HYDROGEN ATOM =    1
 NUMBER OF ELECTRONS     =   10

 -- INPUT GEOMETRY -- :
    O          -0.3384       0.0038       0.2392
    H          -0.3351      -0.0019      -0.8328
    H           0.6735      -0.0019       0.5935

 -- DISTANCE MATRIX -- :
              1           2           3
      1     0.00000
      2     2.02582     0.00000
      3     2.02607     3.30113     0.00000

============== BASIS INFOS ==============
 BASIS FUNCTIONS =    7
 NSHELL =    4 NPRIM  =   21
 JSHELL =    4 JBASIS =   12


 @ End Reading Molecular Information 


 @ Begin Energy Calculation

                                         SCF ENERGY
| ------------------------------------------------------------------------------------------------------------------------
| NCYC       ENERGY         DELTA_E      SCF_TIME  DII_CYC   DII_TIME   O_TIME  DIAG_TIME    MAX_ERR    RMS_CHG    MAX_CHG
| ------------------------------------------------------------------------------------------------------------------------
|  1    -74.503628967      ------         0.001     1        0.00      0.00      0.00    0.1195E+01  0.2766E+00  0.7086E+00
|  2    -74.913087481  0.409459E+00       0.001     2        0.00      0.00      0.00    0.1576E+00  0.6056E-01  0.2186E+00
|  3    -74.944269174  0.311817E-01       0.001     3        0.00      0.00      0.00    0.2556E-01  0.1602E-01  0.4539E-01
|  4    -74.946908605  0.263943E-02       0.001     4        0.00      0.00      0.00    0.1345E-01  0.1561E-01  0.4881E-01
|  5    -74.947841572  0.932967E-03       0.001     5        0.00      0.00      0.00    0.1984E-02  0.2588E-02  0.8027E-02
|  6    -74.947863633  0.220608E-04       0.001     6        0.00      0.00      0.00    0.2159E-03  0.1676E-03  0.4419E-03
|  7    -74.947863788  0.155307E-06       0.001     7        0.00      0.00      0.00    0.6590E-04  0.8056E-04  0.1891E-03
|  8    -74.947863811  0.225077E-07       0.001     8        0.00      0.00      0.00    0.8178E-05  0.7595E-05  0.1707E-04
|  9    -74.947863811  0.223324E-09       0.001     9        0.00      0.00      0.00    0.9761E-06  0.8651E-06  0.1811E-05
| ------------------------------------------------------------------------------------------------------------------------
| REACH CONVERGENCE AFTER   9 CYLCES
| MAX ERROR = 0.976082E-06   RMS CHANGE = 0.865063E-06   MAX CHANGE = 0.181069E-05
| -----------------------------------------------
 ELECTRONIC ENERGY    =   -83.148335540
 CORE_CORE REPULSION  =     8.200471729
 TOTAL ENERGY         =   -74.947863811

 @ End Energy calculation


 @ Begin Zmake conversion

  
 Z-MATRIX:

   ATOM  ELEMENTAL  BOND LENGTH    BOND ANGLE    DIHEDRAL ANGLE
  NUMBER  SYMBOL    (ANGSTROMS)    (DEGREES)       (DEGREES)
     I                 I-NA         I-NA-NB        I-NA-NB-NC      NA   NB   NC

     1      O        0.00000  0     0.00000  0      0.00000  0      0    0    0
     2      H        1.07202  1     0.00000  0      0.00000  0      1    0    0
     3      H        1.07215  1   109.11820  1      0.00000  0      1    2    0

 @ End Zmake conversion


 @ Begin Charge and Dipole Calculation

    ATOMIC CHARGES
   ATOM          MULLIKEN            LOWDIN
   O             -0.2809            -0.2035
   H              0.1405             0.1018
   H              0.1404             0.1017
   TOTAL         0.0000             0.0000

    DIPOLE (DEBYE)
      X         Y         Z        TOTAL
    1.2637   -0.0142   -0.8936    1.5478

 @ End Charge and Dipole Calculation


 @ Output Timing Information

------------- TIMING ---------------
| INITIAL GUESS TIME  =     0.213001000( 94.84%)
| TOTAL SCF TIME      =     0.007706000(  3.43%)
|       TOTAL OP TIME      =     0.007531000(  3.35%)
|             TOTAL 1e TIME      =     0.000247000(  0.11%)
|             TOTAL 2e TIME      =     0.006966000(  3.10%)
|       TOTAL DII TIME      =     0.000121000(  0.05%)
|             TOTAL DIAG TIME    =     0.000044000(  0.02%)
| TOTAL TIME          =     0.224580000
------------------------------------
| Job cpu time:  0 days  0 hours  0 minutes  0.2 seconds.

 @ Finish Output Timing Information

| Normal Termination. Task Finished on: Tue Mar  9 14:58:01 2021
