  *********************************************************************************************************
  **                                                                                                     **
  **           888888888888                                                                              **
  **         8888888888888888                                                                            **
  **      888888888888888888                                                                             **
  **     888888888888888888                                                                              **
  **    888888888888888                                                                                  **
  **   88888888888888888888                               88888                       8888:              **
  **   8888888888888888888888Z                            88888                       8888:              **
  **   888888888888888888888888?                          88888                       8888:              **
  **   8888888888888      8888888                                        888888       8888:              **
  **    88888888888         888888     8888:     88888    88888        888888888I     8888:    888888    **
  **    8888888888           88888:    8888:     88888    88888      $888888888888    8888:   888888     **
  **    I8Z 88888             88888    8888:     88888    88888    .888888     8888   8888: 888888       **
  **    .8Z 88888             88888    8888:     88888    88888    $88888             8888:88888         **
  **     8I 88888      .=88. .88888    8888:     88888    88888    88888              8888888888         **
  **    :8  88888      888888$8888$    8888:     88888    88888    8888O              88888888888        **
  **   ,7   +88888.     8888888888.    8888:     88888    88888    888888             88888O888888       **
  **         $888888:.   .8888888      88888....888888    88888     888888     8888   8888:  888888      **
  **          I8888888888888888888     888888888888888    88888     O888888888888O    8888:   888888     **
  **            O888888888888888888     88888888888888    88888       88888888888$    8888:    888888    **
  **               8888888Z     888      .8888I  88888    88888         8888888       8888:     888888   **
  **                                                                                                     **
  **                                                                                                     **
  **                                         Copyright (c) 2021                                          **
  **                          Regents of the University of California San Diego                          **
  **                                    & Michigan State University                                      **
  **                                        All Rights Reserved.                                         **
  **                                                                                                     **
  **                   This software provided pursuant to a license agreement containing                 **
  **                   restrictions on its disclosure, duplication, and use. This software               **
  **                   contains confidential and proprietary information, and may not be                 **
  **                   extracted or distributed, in whole or in part, for any purpose                    **
  **                   whatsoever, without the express written permission of the authors.                **
  **                   This notice, and the associated author list, must be attached to                  **
  **                   all copies, or extracts, of this software. Any additional                         **
  **                   restrictions set forth in the license agreement also apply to this                **
  **                   software.                                                                         **
  *********************************************************************************************************
                                                                                                           
  Cite this work as:                                                                                       
  Manathunga, M.; Chi, J.; Cruzeiro, V.W.D.; Keipert, K.; Pekurovsky, D.; Mu, D.; Miao, Y.;He, X.; Ayers,K;
  Brothers, E.; GÃ¶tz, A.; Merz,K. M. QUICK-21.03 University of California San Diego, CA and Michigan State
  University, East Lansing, MI, 2021                                                                       
                                                                                                           
  If you have any comments or queries, please send us an email for technical support:                      
  quick.merzlab@gmail.com                                                                                  
                                                                                                           
| TASK STARTS ON: Fri Mar  5 11:46:59 2021
| INPUT FILE :    ene_BeH2_rhf_def2sv_p.in
| OUTPUT FILE:    ene_BeH2_rhf_def2sv_p.out
| DATE FILE  :    ene_BeH2_rhf_def2sv_p.dat
| BASIS SET PATH: /home/mmanathunga/fix109/basis

 @ Read Job And Atom

  KEYWORD=HF  BASIS=DEF2-SV(P) CUTOFF=1.0E-9 DENSERMS=1.0E-6  ZMAKE ENERGY DIPOLE CHARGE=0                                                                                                                        
 ============== JOB CARD =============
 METHOD = HATREE FOCK
 DIRECT SCF 
 SAD INITAL GUESS 
 USE DIIS SCF
 PRINT ENERGY EVERY CYCLE
 Z-MATRIX CONSTRUCTION
 DIPOLE
 MAX SCF CYCLES =    200
 MAX DIIS CYCLES =   10
 DELTA DENSITY START CYCLE = 1000
 COMPUTATIONAL CUTOFF: 
      TWO-e INTEGRAL   =  0.100E-08
      BASIS SET PRIME  =  0.100E-19
      MATRIX ELEMENTS  =  0.100E-09
      BASIS FUNCTION   =  0.100E-09
 DENSITY MATRIX MAXIMUM RMS FOR CONVERGENCE  =  0.100E-05
 BASIS SET = DEF2-SV(P),  TYPE = CARTESIAN
| BASIS FILE = /home/mmanathunga/fix109/basis/DEF2-SV_P.BAS

 @ Finish reading job


 @ Begin SAD initial guess

 For Atom Kind =    1
 ELEMENT = BE
 BASIS FUNCTIONS =    9
 For Atom Kind =    2
 ELEMENT = H 
 BASIS FUNCTIONS =    2

 @ Finish SAD initial guess


 @ Begin Reading Molecular Information


 =========== Molecule Input ==========
 TOTAL MOLECULAR CHARGE  =    0    MULTIPLICITY                =    1
 TOTAL ATOM NUMBER       =    3    NUMBER OF ATOM TYPES        =    2
 NUMBER OF HYDROGEN ATOM =    2    NUMBER OF NON-HYDROGEN ATOM =    1
 NUMBER OF ELECTRONS     =    6

 -- INPUT GEOMETRY -- :
    BE         -2.7429       0.3216      -1.3318
    H          -1.6429       0.3216      -1.3318
    H          -3.8429       0.3216      -1.3318

 -- DISTANCE MATRIX -- :
              1           2           3
      1     0.00000
      2     2.07870     0.00000
      3     2.07870     4.15740     0.00000

============== BASIS INFOS ==============
 BASIS FUNCTIONS =   13
 NSHELL =    9 NPRIM  =   27
 JSHELL =    9 JBASIS =   19


 @ End Reading Molecular Information 


 @ Begin Energy Calculation

                                         SCF ENERGY
------------------------------------------------------------------------------------------------------------------------
NCYC       ENERGY         DELTA_E      SCF_TIME  DII_CYC   DII_TIME   O_TIME  DIAG_TIME    MAX_ERR    RMS_CHG    MAX_CHG
------------------------------------------------------------------------------------------------------------------------
|  1    -15.699578225      ------         0.003     1        0.00      0.00      0.00    0.7689E+00  0.1100E+00  0.4706E+00
|  2    -15.687496364  -.120819E-01       0.003     2        0.00      0.00      0.00    0.4305E-01  0.2296E-01  0.1346E+00
|  3    -15.697149291  0.965293E-02       0.003     3        0.00      0.00      0.00    0.9172E-02  0.7265E-02  0.4637E-01
|  4    -15.697610880  0.461589E-03       0.003     4        0.00      0.00      0.00    0.4995E-03  0.8727E-03  0.5958E-02
|  5    -15.697613945  0.306467E-05       0.003     5        0.00      0.00      0.00    0.2502E-04  0.3995E-04  0.2628E-03
|  6    -15.697613951  0.629325E-08       0.003     6        0.00      0.00      0.00    0.7730E-06  0.4134E-06  0.1358E-05
------------------------------------------------------------------------------------------------------------------------
| REACH CONVERGENCE AFTER   6 CYLCES
| MAX ERROR = 0.772965E-06   RMS CHANGE = 0.413449E-06   MAX CHANGE = 0.135750E-05
 -----------------------------------------------
 ELECTRONIC ENERGY    =   -19.786710563
 CORE_CORE REPULSION  =     4.089096612
 TOTAL ENERGY         =   -15.697613951

 @ End Energy calculation


 @ Begin Zmake conversion

  
 Z-MATRIX:

   ATOM  ELEMENTAL  BOND LENGTH    BOND ANGLE    DIHEDRAL ANGLE
  NUMBER  SYMBOL    (ANGSTROMS)    (DEGREES)       (DEGREES)
     I                 I-NA         I-NA-NB        I-NA-NB-NC      NA   NB   NC

     1      BE       0.00000  0     0.00000  0      0.00000  0      0    0    0
     2      H        1.10000  1     0.00000  0      0.00000  0      1    0    0
     3      H        1.10000  1   180.00000  1      0.00000  0      1    2    0

 @ End Zmake conversion


 @ Begin Charge and Dipole Calculation

    ATOMIC CHARGES
   ATOM          MULLIKEN            LOWDIN
   BE             0.0403             0.2661
   H             -0.0202            -0.1331
   H             -0.0202            -0.1331
   TOTAL        -0.0000             0.0000

    DIPOLE (DEBYE)
      X         Y         Z        TOTAL
   -0.0000    0.0000    0.0000    0.0000

 @ End Charge and Dipole Calculation


 @ Output Timing Information

------------- TIMING ---------------
| INITIAL GUESS TIME  =     1.228113000( 98.06%)
| TOTAL SCF TIME      =     0.018304000(  1.46%)
|       TOTAL OP TIME      =     0.018053000(  1.44%)
|             TOTAL 1e TIME      =     0.000389000(  0.03%)
|             TOTAL 2e TIME      =     0.017215000(  1.37%)
|       TOTAL DII TIME      =     0.000215000(  0.02%)
|             TOTAL DIAG TIME    =     0.000087000(  0.01%)
| TOTAL TIME          =     1.252464000
------------------------------------
| Job cpu time:  0 days  0 hours  0 minutes  1.3 seconds.

 @ Finish Output Timing Information

| Normal Termination. Task Finished on: Fri Mar  5 11:47:01 2021
