  *********************************************************************************************************
  **                                                                                                     **
  **           888888888888                                                                              **
  **         8888888888888888                                                                            **
  **      888888888888888888                                                                             **
  **     888888888888888888                                                                              **
  **    888888888888888                                                                                  **
  **   88888888888888888888                               88888                       8888:              **
  **   8888888888888888888888Z                            88888                       8888:              **
  **   888888888888888888888888?                          88888                       8888:              **
  **   8888888888888      8888888                                        888888       8888:              **
  **    88888888888         888888     8888:     88888    88888        888888888I     8888:    888888    **
  **    8888888888           88888:    8888:     88888    88888      $888888888888    8888:   888888     **
  **    I8Z 88888             88888    8888:     88888    88888    .888888     8888   8888: 888888       **
  **    .8Z 88888             88888    8888:     88888    88888    $88888             8888:88888         **
  **     8I 88888      .=88. .88888    8888:     88888    88888    88888              8888888888         **
  **    :8  88888      888888$8888$    8888:     88888    88888    8888O              88888888888        **
  **   ,7   +88888.     8888888888.    8888:     88888    88888    888888             88888O888888       **
  **         $888888:.   .8888888      88888....888888    88888     888888     8888   8888:  888888      **
  **          I8888888888888888888     888888888888888    88888     O888888888888O    8888:   888888     **
  **            O888888888888888888     88888888888888    88888       88888888888$    8888:    888888    **
  **               8888888Z     888      .8888I  88888    88888         8888888       8888:     888888   **
  **                                                                                                     **
  **                                                                                                     **
  **                                         Copyright (c) 2021                                          **
  **                          Regents of the University of California San Diego                          **
  **                                    & Michigan State University                                      **
  **                                        All Rights Reserved.                                         **
  **                                                                                                     **
  **                   This software provided pursuant to a license agreement containing                 **
  **                   restrictions on its disclosure, duplication, and use. This software               **
  **                   contains confidential and proprietary information, and may not be                 **
  **                   extracted or distributed, in whole or in part, for any purpose                    **
  **                   whatsoever, without the express written permission of the authors.                **
  **                   This notice, and the associated author list, must be attached to                  **
  **                   all copies, or extracts, of this software. Any additional                         **
  **                   restrictions set forth in the license agreement also apply to this                **
  **                   software.                                                                         **
  *********************************************************************************************************
                                                                                                           
  Cite this work as:                                                                                       
  Manathunga, M.; Chi, J.; Cruzeiro, V.W.D.; Keipert, K.; Pekurovsky, D.; Mu, D.; Miao, Y.;He, X.; Ayers,K;
  Brothers, E.; GÃ¶tz, A.; Merz,K. M. QUICK-21.03 University of California San Diego, CA and Michigan State
  University, East Lansing, MI, 2021                                                                       
                                                                                                           
  If you have any comments or queries, please send us an email for technical support:                      
  quick.merzlab@gmail.com                                                                                  
                                                                                                           
| TASK STARTS ON: Wed Mar 17 12:10:04 2021
| INPUT FILE :    ene_BH3_rhf_631gs.in
| OUTPUT FILE:    ene_BH3_rhf_631gs.out
| DATE FILE  :    ene_BH3_rhf_631gs.dat
| BASIS SET PATH: /scratch/cruzeiro/quick/basis/

 @ Read Job And Atom

  KEYWORD=HF  BASIS=6-31G* CUTOFF=1.0E-9 DENSERMS=1.0E-6  ZMAKE ENERGY DIPOLE CHARGE=0                                                                                                                            
 ============== JOB CARD =============
 METHOD = HATREE FOCK
 DIRECT SCF 
 SAD INITAL GUESS 
 USE DIIS SCF
 PRINT ENERGY EVERY CYCLE
 READ SAD GUESS FROM FILE
 Z-MATRIX CONSTRUCTION
 DIPOLE
 MAX SCF CYCLES =    200
 MAX DIIS CYCLES =   10
 DELTA DENSITY START CYCLE = 1000
 COMPUTATIONAL CUTOFF: 
      TWO-e INTEGRAL   =  0.100E-08
      BASIS SET PRIME  =  0.100E-19
      MATRIX ELEMENTS  =  0.100E-09
      BASIS FUNCTION   =  0.100E-09
 DENSITY MATRIX MAXIMUM RMS FOR CONVERGENCE  =  0.100E-05
 BASIS SET = 6-31G*,  TYPE = CARTESIAN
| BASIS FILE = /scratch/cruzeiro/quick/basis//6-31GD.BAS

 @ Finish reading job


 @ Begin SAD initial guess

 For Atom Kind =    1
 ELEMENT = B 
 BASIS FUNCTIONS =   15
 For Atom Kind =    2
 ELEMENT = H 
 BASIS FUNCTIONS =    2

 @ Finish SAD initial guess


 @ Begin Reading Molecular Information


 =========== Molecule Input ==========
 TOTAL MOLECULAR CHARGE  =    0    MULTIPLICITY                =    1
 TOTAL ATOM NUMBER       =    4    NUMBER OF ATOM TYPES        =    2
 NUMBER OF HYDROGEN ATOM =    3    NUMBER OF NON-HYDROGEN ATOM =    1
 NUMBER OF ELECTRONS     =    8

 -- INPUT GEOMETRY -- :
    B          -1.8040       1.1636      -0.1521
    H          -0.7040       1.1636      -0.1521
    H          -2.3540       0.2898      -0.5314
    H          -2.3540       2.0375       0.2273

 -- DISTANCE MATRIX -- :
              1           2           3           4
      1     0.00000
      2     2.07870     0.00000
      3     2.07870     3.60041     0.00000
      4     2.07870     3.60041     3.60041     0.00000

============== BASIS INFOS ==============
 BASIS FUNCTIONS =   21
 NSHELL =   10 NPRIM  =   40
 JSHELL =   10 JBASIS =   23


 @ End Reading Molecular Information 


 @ Begin Energy Calculation

                                         SCF ENERGY
| ------------------------------------------------------------------------------------------------------------------------
| NCYC       ENERGY         DELTA_E      SCF_TIME  DII_CYC   DII_TIME   O_TIME  DIAG_TIME    MAX_ERR    RMS_CHG    MAX_CHG
| ------------------------------------------------------------------------------------------------------------------------
|  1    -26.497171303      ------         0.074     1        0.00      0.07      0.00    0.1400E+01  0.6991E-01  0.7292E+00
|  2    -26.357724005  -.139447E+00       0.069     2        0.00      0.07      0.00    0.6850E-01  0.1259E-01  0.8131E-01
|  3    -26.375080586  0.173566E-01       0.066     3        0.00      0.06      0.00    0.1883E-01  0.3650E-02  0.2009E-01
|  4    -26.376503091  0.142250E-02       0.062     4        0.00      0.06      0.00    0.8644E-02  0.9312E-03  0.4961E-02
|  5    -26.376666146  0.163055E-03       0.059     5        0.00      0.06      0.00    0.3669E-02  0.4403E-03  0.3033E-02
|  6    -26.376697501  0.313553E-04       0.057     6        0.00      0.06      0.00    0.6835E-03  0.1010E-03  0.5176E-03
|  7    -26.376698717  0.121581E-05       0.055     7        0.00      0.05      0.00    0.6272E-04  0.1258E-04  0.9444E-04
|  8    -26.376698731  0.137515E-07       0.053     8        0.00      0.05      0.00    0.8377E-05  0.2049E-05  0.1285E-04
|  9    -26.376698731  0.243849E-09       0.053     9        0.00      0.05      0.00    0.5463E-06  0.1725E-06  0.1437E-05
| ------------------------------------------------------------------------------------------------------------------------
| REACH CONVERGENCE AFTER   9 CYLCES
| MAX ERROR = 0.546345E-06   RMS CHANGE = 0.172459E-06   MAX CHANGE = 0.143688E-05
| -----------------------------------------------
 ELECTRONIC ENERGY    =   -34.425995163
 CORE_CORE REPULSION  =     8.049296432
 TOTAL ENERGY         =   -26.376698731

 @ End Energy calculation


 @ Begin Zmake conversion

  
 Z-MATRIX:

   ATOM  ELEMENTAL  BOND LENGTH    BOND ANGLE    DIHEDRAL ANGLE
  NUMBER  SYMBOL    (ANGSTROMS)    (DEGREES)       (DEGREES)
     I                 I-NA         I-NA-NB        I-NA-NB-NC      NA   NB   NC

     1      B        0.00000  0     0.00000  0      0.00000  0      0    0    0
     2      H        1.10000  1     0.00000  0      0.00000  0      1    0    0
     3      H        1.10000  1   120.00003  1      0.00000  0      1    2    0
     4      H        1.10000  1   120.00003  1   -180.00000  1      1    2    3

 @ End Zmake conversion


 @ Begin Charge and Dipole Calculation

    ATOMIC CHARGES
   ATOM          MULLIKEN            LOWDIN
   B              0.1073            -0.2155
   H             -0.0358             0.0686
   H             -0.0358             0.0734
   H             -0.0358             0.0734
   TOTAL         0.0000             0.0000

    DIPOLE (DEBYE)
      X         Y         Z        TOTAL
   -0.0000   -0.0000   -0.0000    0.0000

 @ End Charge and Dipole Calculation


 @ Output Timing Information

------------- TIMING ---------------
| INITIAL GUESS TIME  =     1.041652000( 62.34%)
| TOTAL SCF TIME      =     0.582168000( 34.84%)
|       TOTAL OP TIME      =     0.566235000( 33.89%)
|             TOTAL 1e TIME      =     0.034473000(  2.06%)
|             TOTAL 2e TIME      =     0.493520000( 29.54%)
|       TOTAL DII TIME      =     0.013802000(  0.83%)
|             TOTAL DIAG TIME    =     0.011315000(  0.68%)
| TOTAL TIME          =     1.670853000
------------------------------------
| Job cpu time:  0 days  0 hours  0 minutes  1.7 seconds.

 @ Finish Output Timing Information

| Normal Termination. Task Finished on: Wed Mar 17 12:10:05 2021
