  *********************************************************************************************************
  **                                                                                                     **
  **           888888888888                                                                              **
  **         8888888888888888                                                                            **
  **      888888888888888888                                                                             **
  **     888888888888888888                                                                              **
  **    888888888888888                                                                                  **
  **   88888888888888888888                               88888                       8888:              **
  **   8888888888888888888888Z                            88888                       8888:              **
  **   888888888888888888888888?                          88888                       8888:              **
  **   8888888888888      8888888                                        888888       8888:              **
  **    88888888888         888888     8888:     88888    88888        888888888I     8888:    888888    **
  **    8888888888           88888:    8888:     88888    88888      $888888888888    8888:   888888     **
  **    I8Z 88888             88888    8888:     88888    88888    .888888     8888   8888: 888888       **
  **    .8Z 88888             88888    8888:     88888    88888    $88888             8888:88888         **
  **     8I 88888      .=88. .88888    8888:     88888    88888    88888              8888888888         **
  **    :8  88888      888888$8888$    8888:     88888    88888    8888O              88888888888        **
  **   ,7   +88888.     8888888888.    8888:     88888    88888    888888             88888O888888       **
  **         $888888:.   .8888888      88888....888888    88888     888888     8888   8888:  888888      **
  **          I8888888888888888888     888888888888888    88888     O888888888888O    8888:   888888     **
  **            O888888888888888888     88888888888888    88888       88888888888$    8888:    888888    **
  **               8888888Z     888      .8888I  88888    88888         8888888       8888:     888888   **
  **                                                                                                     **
  **                                                                                                     **
  **                                         Copyright (c) 2021                                          **
  **                          Regents of the University of California San Diego                          **
  **                                    & Michigan State University                                      **
  **                                        All Rights Reserved.                                         **
  **                                                                                                     **
  **                   This software provided pursuant to a license agreement containing                 **
  **                   restrictions on its disclosure, duplication, and use. This software               **
  **                   contains confidential and proprietary information, and may not be                 **
  **                   extracted or distributed, in whole or in part, for any purpose                    **
  **                   whatsoever, without the express written permission of the authors.                **
  **                   This notice, and the associated author list, must be attached to                  **
  **                   all copies, or extracts, of this software. Any additional                         **
  **                   restrictions set forth in the license agreement also apply to this                **
  **                   software.                                                                         **
  *********************************************************************************************************
                                                                                                           
  Cite this work as:                                                                                       
  Manathunga, M.; Chi, J.; Cruzeiro, V.W.D.; Keipert, K.; Pekurovsky, D.; Mu, D.; Miao, Y.;He, X.; Ayers,K;
  Brothers, E.; GÃ¶tz, A.; Merz,K. M. QUICK-21.03 University of California San Diego, CA and Michigan State
  University, East Lansing, MI, 2021                                                                       
                                                                                                           
  If you have any comments or queries, please send us an email for technical support:                      
  quick.merzlab@gmail.com                                                                                  
                                                                                                           
| TASK STARTS ON: Fri Mar  5 11:49:10 2021
| INPUT FILE :    ene_HBr_rhf_def2sv_p.in
| OUTPUT FILE:    ene_HBr_rhf_def2sv_p.out
| DATE FILE  :    ene_HBr_rhf_def2sv_p.dat
| BASIS SET PATH: /home/mmanathunga/fix109/basis

 @ Read Job And Atom

  KEYWORD=HF  BASIS=DEF2-SV(P) CUTOFF=1.0E-9 DENSERMS=1.0E-6  ZMAKE ENERGY DIPOLE CHARGE=0                                                                                                                        
 ============== JOB CARD =============
 METHOD = HATREE FOCK
 DIRECT SCF 
 SAD INITAL GUESS 
 USE DIIS SCF
 PRINT ENERGY EVERY CYCLE
 Z-MATRIX CONSTRUCTION
 DIPOLE
 MAX SCF CYCLES =    200
 MAX DIIS CYCLES =   10
 DELTA DENSITY START CYCLE = 1000
 COMPUTATIONAL CUTOFF: 
      TWO-e INTEGRAL   =  0.100E-08
      BASIS SET PRIME  =  0.100E-19
      MATRIX ELEMENTS  =  0.100E-09
      BASIS FUNCTION   =  0.100E-09
 DENSITY MATRIX MAXIMUM RMS FOR CONVERGENCE  =  0.100E-05
 BASIS SET = DEF2-SV(P),  TYPE = CARTESIAN
| BASIS FILE = /home/mmanathunga/fix109/basis/DEF2-SV_P.BAS

 @ Finish reading job


 @ Begin SAD initial guess

 For Atom Kind =    1
 ELEMENT = BR
 BASIS FUNCTIONS =   35
 For Atom Kind =    2
 ELEMENT = H 
 BASIS FUNCTIONS =    2

 @ Finish SAD initial guess


 @ Begin Reading Molecular Information


 =========== Molecule Input ==========
 TOTAL MOLECULAR CHARGE  =    0    MULTIPLICITY                =    1
 TOTAL ATOM NUMBER       =    2    NUMBER OF ATOM TYPES        =    2
 NUMBER OF HYDROGEN ATOM =    1    NUMBER OF NON-HYDROGEN ATOM =    1
 NUMBER OF ELECTRONS     =   36

 -- INPUT GEOMETRY -- :
    BR         -2.4622       0.9150       0.7028
    H          -1.3622       0.9150       0.7028

 -- DISTANCE MATRIX -- :
              1           2
      1     0.00000
      2     2.07870     0.00000

============== BASIS INFOS ==============
 BASIS FUNCTIONS =   37
 NSHELL =   14 NPRIM  =   84
 JSHELL =   14 JBASIS =   34


 @ End Reading Molecular Information 


 @ Begin Energy Calculation

                                         SCF ENERGY
------------------------------------------------------------------------------------------------------------------------
NCYC       ENERGY         DELTA_E      SCF_TIME  DII_CYC   DII_TIME   O_TIME  DIAG_TIME    MAX_ERR    RMS_CHG    MAX_CHG
------------------------------------------------------------------------------------------------------------------------
|  1  -2573.099782253      ------         0.184     1        0.00      0.18      0.00    0.2701E+01  0.3934E-01  0.4588E+00
|  2  -2572.566451974  -.533330E+00       0.181     2        0.00      0.18      0.00    0.1148E+00  0.9899E-02  0.1578E+00
|  3  -2572.584527923  0.180759E-01       0.182     3        0.00      0.18      0.00    0.3275E-01  0.1855E-02  0.1844E-01
|  4  -2572.585901036  0.137311E-02       0.182     4        0.00      0.18      0.00    0.7371E-02  0.1017E-02  0.1049E-01
|  5  -2572.586085559  0.184522E-03       0.181     5        0.00      0.18      0.00    0.1265E-02  0.2298E-03  0.1969E-02
|  6  -2572.586093827  0.826837E-05       0.181     6        0.00      0.18      0.00    0.4687E-03  0.5430E-04  0.4924E-03
|  7  -2572.586094275  0.448055E-06       0.181     7        0.00      0.18      0.00    0.3736E-04  0.1078E-04  0.1012E-03
|  8  -2572.586094285  0.103521E-07       0.181     8        0.00      0.18      0.00    0.5762E-05  0.1408E-05  0.1443E-04
|  9  -2572.586094286  0.177160E-09       0.182     9        0.00      0.18      0.00    0.6835E-06  0.1400E-06  0.1191E-05
------------------------------------------------------------------------------------------------------------------------
| REACH CONVERGENCE AFTER   9 CYLCES
| MAX ERROR = 0.683524E-06   RMS CHANGE = 0.140009E-06   MAX CHANGE = 0.119071E-05
 -----------------------------------------------
 ELECTRONIC ENERGY    = -2589.423550923
 CORE_CORE REPULSION  =    16.837456637
 TOTAL ENERGY         = -2572.586094286

 @ End Energy calculation


 @ Begin Zmake conversion

  
 Z-MATRIX:

   ATOM  ELEMENTAL  BOND LENGTH    BOND ANGLE    DIHEDRAL ANGLE
  NUMBER  SYMBOL    (ANGSTROMS)    (DEGREES)       (DEGREES)
     I                 I-NA         I-NA-NB        I-NA-NB-NC      NA   NB   NC

     1      BR       0.00000  0     0.00000  0      0.00000  0      0    0    0
     2      H        1.10000  1     0.00000  0      0.00000  0      1    0    0

 @ End Zmake conversion


 @ Begin Charge and Dipole Calculation

    ATOMIC CHARGES
   ATOM          MULLIKEN            LOWDIN
   BR            -0.1302            -0.1310
   H              0.1302             0.1310
   TOTAL         0.0000             0.0000

    DIPOLE (DEBYE)
      X         Y         Z        TOTAL
    0.9365   -0.0000    0.0000    0.9365

 @ End Charge and Dipole Calculation


 @ Output Timing Information

------------- TIMING ---------------
| INITIAL GUESS TIME  =    62.284741000( 97.43%)
| TOTAL SCF TIME      =     1.639028000(  2.56%)
|       TOTAL OP TIME      =     1.635273000(  2.56%)
|             TOTAL 1e TIME      =     0.002604000(  0.00%)
|             TOTAL 2e TIME      =     1.629898000(  2.55%)
|       TOTAL DII TIME      =     0.003659000(  0.01%)
|             TOTAL DIAG TIME    =     0.001316000(  0.00%)
| TOTAL TIME          =    63.930432000
------------------------------------
| Job cpu time:  0 days  0 hours  1 minutes  3.9 seconds.

 @ Finish Output Timing Information

| Normal Termination. Task Finished on: Fri Mar  5 11:50:14 2021
