  *********************************************************************************************************
  **                                                                                                     **
  **           888888888888                                                                              **
  **         8888888888888888                                                                            **
  **      888888888888888888                                                                             **
  **     888888888888888888                                                                              **
  **    888888888888888                                                                                  **
  **   88888888888888888888                               88888                       8888:              **
  **   8888888888888888888888Z                            88888                       8888:              **
  **   888888888888888888888888?                          88888                       8888:              **
  **   8888888888888      8888888                                        888888       8888:              **
  **    88888888888         888888     8888:     88888    88888        888888888I     8888:    888888    **
  **    8888888888           88888:    8888:     88888    88888      $888888888888    8888:   888888     **
  **    I8Z 88888             88888    8888:     88888    88888    .888888     8888   8888: 888888       **
  **    .8Z 88888             88888    8888:     88888    88888    $88888             8888:88888         **
  **     8I 88888      .=88. .88888    8888:     88888    88888    88888              8888888888         **
  **    :8  88888      888888$8888$    8888:     88888    88888    8888O              88888888888        **
  **   ,7   +88888.     8888888888.    8888:     88888    88888    888888             88888O888888       **
  **         $888888:.   .8888888      88888....888888    88888     888888     8888   8888:  888888      **
  **          I8888888888888888888     888888888888888    88888     O888888888888O    8888:   888888     **
  **            O888888888888888888     88888888888888    88888       88888888888$    8888:    888888    **
  **               8888888Z     888      .8888I  88888    88888         8888888       8888:     888888   **
  **                                                                                                     **
  **                                                                                                     **
  **                                         Copyright (c) 2021                                          **
  **                          Regents of the University of California San Diego                          **
  **                                    & Michigan State University                                      **
  **                                        All Rights Reserved.                                         **
  **                                                                                                     **
  **                   This software provided pursuant to a license agreement containing                 **
  **                   restrictions on its disclosure, duplication, and use. This software               **
  **                   contains confidential and proprietary information, and may not be                 **
  **                   extracted or distributed, in whole or in part, for any purpose                    **
  **                   whatsoever, without the express written permission of the authors.                **
  **                   This notice, and the associated author list, must be attached to                  **
  **                   all copies, or extracts, of this software. Any additional                         **
  **                   restrictions set forth in the license agreement also apply to this                **
  **                   software.                                                                         **
  *********************************************************************************************************
                                                                                                           
  Cite this work as:                                                                                       
  Manathunga, M.; Chi, J.; Cruzeiro, V.W.D.; Keipert, K.; Pekurovsky, D.; Mu, D.; Miao, Y.;He, X.; Ayers,K;
  Brothers, E.; GÃ¶tz, A.; Merz,K. M. QUICK-21.03 University of California San Diego, CA and Michigan State
  University, East Lansing, MI, 2021                                                                       
                                                                                                           
  If you have any comments or queries, please send us an email for technical support:                      
  quick.merzlab@gmail.com                                                                                  
                                                                                                           
| TASK STARTS ON: Thu Mar  4 18:26:50 2021
| INPUT FILE :    ene_SiH4_rhf_def2svpd.in
| OUTPUT FILE:    ene_SiH4_rhf_def2svpd.out
| DATE FILE  :    ene_SiH4_rhf_def2svpd.dat
| BASIS SET PATH: /home/mmanathunga/fix109/basis

 @ Read Job And Atom

  KEYWORD=HF  BASIS=DEF2-SVPD CUTOFF=1.0E-9 DENSERMS=1.0E-6  ZMAKE ENERGY DIPOLE CHARGE=0                                                                                                                         
 ============== JOB CARD =============
 METHOD = HATREE FOCK
 DIRECT SCF 
 SAD INITAL GUESS 
 USE DIIS SCF
 PRINT ENERGY EVERY CYCLE
 Z-MATRIX CONSTRUCTION
 DIPOLE
 MAX SCF CYCLES =    200
 MAX DIIS CYCLES =   10
 DELTA DENSITY START CYCLE = 1000
 COMPUTATIONAL CUTOFF: 
      TWO-e INTEGRAL   =  0.100E-08
      BASIS SET PRIME  =  0.100E-19
      MATRIX ELEMENTS  =  0.100E-09
      BASIS FUNCTION   =  0.100E-09
 DENSITY MATRIX MAXIMUM RMS FOR CONVERGENCE  =  0.100E-05
 BASIS SET = DEF2-SVPD,  TYPE = CARTESIAN
| BASIS FILE = /home/mmanathunga/fix109/basis/DEF2-SVPD.BAS

 @ Finish reading job


 @ Begin SAD initial guess

 For Atom Kind =    1
 ELEMENT = SI
 BASIS FUNCTIONS =   26
 For Atom Kind =    2
 ELEMENT = H 
 BASIS FUNCTIONS =    8

 @ Finish SAD initial guess


 @ Begin Reading Molecular Information


 =========== Molecule Input ==========
 TOTAL MOLECULAR CHARGE  =    0    MULTIPLICITY                =    1
 TOTAL ATOM NUMBER       =    5    NUMBER OF ATOM TYPES        =    2
 NUMBER OF HYDROGEN ATOM =    4    NUMBER OF NON-HYDROGEN ATOM =    1
 NUMBER OF ELECTRONS     =   18

 -- INPUT GEOMETRY -- :
    SI         -1.7719      -1.4158       0.0226
    H          -0.6719      -1.4158       0.0226
    H          -2.1386      -0.9311      -0.8942
    H          -2.1386      -0.8640       0.9008
    H          -2.1386      -2.4521       0.0614

 -- DISTANCE MATRIX -- :
              1           2           3           4           5
      1     0.00000
      2     2.07870     0.00000
      3     2.07869     3.39450     0.00000
      4     2.07871     3.39451     3.39450     0.00000
      5     2.07869     3.39450     3.39449     3.39450     0.00000

============== BASIS INFOS ==============
 BASIS FUNCTIONS =   58
 NSHELL =   26 NPRIM  =   84
 JSHELL =   26 JBASIS =   44


 @ End Reading Molecular Information 


 @ Begin Energy Calculation

                                         SCF ENERGY
------------------------------------------------------------------------------------------------------------------------
NCYC       ENERGY         DELTA_E      SCF_TIME  DII_CYC   DII_TIME   O_TIME  DIAG_TIME    MAX_ERR    RMS_CHG    MAX_CHG
------------------------------------------------------------------------------------------------------------------------
|  1   -291.777257308      ------         0.160     1        0.00      0.16      0.00    0.3565E+01  0.3535E-01  0.6298E+00
|  2   -290.747318743  -.102994E+01       0.242     2        0.00      0.24      0.00    0.4864E-01  0.7406E-02  0.1293E+00
|  3   -290.767527983  0.202092E-01       0.245     3        0.00      0.24      0.00    0.1518E-01  0.3746E-02  0.3803E-01
|  4   -290.769858018  0.233004E-02       0.242     4        0.00      0.24      0.00    0.2705E-02  0.7388E-03  0.7497E-02
|  5   -290.769929224  0.712056E-04       0.245     5        0.00      0.24      0.00    0.2865E-03  0.6206E-04  0.7847E-03
|  6   -290.769930108  0.883825E-06       0.242     6        0.00      0.24      0.00    0.1405E-03  0.8497E-05  0.1778E-03
|  7   -290.769930121  0.127155E-07       0.242     7        0.00      0.24      0.00    0.1394E-03  0.2359E-05  0.2101E-04
|  8   -290.769930121  0.339934E-09       0.245     8        0.00      0.24      0.00    0.1394E-03  0.2436E-06  0.2281E-05
------------------------------------------------------------------------------------------------------------------------
| REACH CONVERGENCE AFTER   8 CYLCES
| MAX ERROR = 0.139442E-03   RMS CHANGE = 0.243590E-06   MAX CHANGE = 0.228063E-05
 -----------------------------------------------
 ELECTRONIC ENERGY    =  -319.477427422
 CORE_CORE REPULSION  =    28.707497301
 TOTAL ENERGY         =  -290.769930121

 @ End Energy calculation


 @ Begin Zmake conversion

  
 Z-MATRIX:

   ATOM  ELEMENTAL  BOND LENGTH    BOND ANGLE    DIHEDRAL ANGLE
  NUMBER  SYMBOL    (ANGSTROMS)    (DEGREES)       (DEGREES)
     I                 I-NA         I-NA-NB        I-NA-NB-NC      NA   NB   NC

     1      SI       0.00000  0     0.00000  0      0.00000  0      0    0    0
     2      H        1.10000  1     0.00000  0      0.00000  0      1    0    0
     3      H        1.10000  1   109.47147  1      0.00000  0      1    2    0
     4      H        1.10001  1   109.47126  1   -119.99987  1      1    2    3
     5      H        1.10000  1   109.47149  1    120.00059  1      1    2    3

 @ End Zmake conversion


 @ Begin Charge and Dipole Calculation

    ATOMIC CHARGES
   ATOM          MULLIKEN            LOWDIN
   SI             1.1274             0.7886
   H             -0.2818            -0.2142
   H             -0.2818            -0.1873
   H             -0.2818            -0.1844
   H             -0.2818            -0.2026
   TOTAL         0.0000             0.0000

    DIPOLE (DEBYE)
      X         Y         Z        TOTAL
    0.0000   -0.0000   -0.0000    0.0000

 @ End Charge and Dipole Calculation


 @ Output Timing Information

------------- TIMING ---------------
| INITIAL GUESS TIME  =     8.287074000( 80.81%)
| TOTAL SCF TIME      =     1.868101000( 18.22%)
|       TOTAL OP TIME      =     1.854081000( 18.08%)
|             TOTAL 1e TIME      =     0.005401000(  0.05%)
|             TOTAL 2e TIME      =     1.842995000( 17.97%)
|       TOTAL DII TIME      =     0.013840000(  0.13%)
|             TOTAL DIAG TIME    =     0.004754000(  0.05%)
| TOTAL TIME          =    10.254912000
------------------------------------
| Job cpu time:  0 days  0 hours  0 minutes 10.3 seconds.

 @ Finish Output Timing Information

| Normal Termination. Task Finished on: Thu Mar  4 18:27:00 2021
