| *********************************************************************************************************
| **                                                                                                     **
| **           888888888888                                                                              **
| **         8888888888888888                                                                            **
| **      888888888888888888                                                                             **
| **     888888888888888888                                                                              **
| **    888888888888888                                                                                  **
| **   88888888888888888888                               88888                       8888:              **
| **   8888888888888888888888Z                            88888                       8888:              **
| **   888888888888888888888888?                          88888                       8888:              **
| **   8888888888888      8888888                                        888888       8888:              **
| **    88888888888         888888     8888:     88888    88888        888888888I     8888:    888888    **
| **    8888888888           88888:    8888:     88888    88888      $888888888888    8888:   888888     **
| **    I8Z 88888             88888    8888:     88888    88888    .888888     8888   8888: 888888       **
| **    .8Z 88888             88888    8888:     88888    88888    $88888             8888:88888         **
| **     8I 88888      .=88. .88888    8888:     88888    88888    88888              8888888888         **
| **    :8  88888      888888$8888$    8888:     88888    88888    8888O              88888888888        **
| **   ,7   +88888.     8888888888.    8888:     88888    88888    888888             88888O888888       **
| **         $888888:.   .8888888      88888....888888    88888     888888     8888   8888:  888888      **
| **          I8888888888888888888     888888888888888    88888     O888888888888O    8888:   888888     **
| **            O888888888888888888     88888888888888    88888       88888888888$    8888:    888888    **
| **               8888888Z     888      .8888I  88888    88888         8888888       8888:     888888   **
| **                                                                                                     **
| **                                                                                                     **
| **                                         Copyright (c) 2020                                          **
| **                          Regents of the University of California San Diego                          **
| **                                    & Michigan State University                                      **
| **                                        All Rights Reserved.                                         **
| **                                                                                                     **
| **                   This software provided pursuant to a license agreement containing                 **
| **                   restrictions on its disclosure, duplication, and use. This software               **
| **                   contains confidential and proprietary information, and may not be                 **
| **                   extracted or distributed, in whole or in part, for any purpose                    **
| **                   whatsoever, without the express written permission of the authors.                **
| **                   This notice, and the associated author list, must be attached to                  **
| **                   all copies, or extracts, of this software. Any additional                         **
| **                   restrictions set forth in the license agreement also apply to this                **
| **                   software.                                                                         **
| *********************************************************************************************************
                                                                                                           
| Cite this work as:                                                                                       
| Manathunga, M.; Mu, D.; Miao, Y.;He, X.; Ayers,K; Brothers, E.; GÃ¶tz, A.; Merz,K. M. QUICK-20.03        
| University of California San Diego, CA and Michigan State University, East Lansing, MI, 2020             
                                                                                                           
| If you have any comments or queries, please send us an email for technical support:                      
| quick.merzlab@gmail.com                                                                                  
                                                                                                           
| TASK STARTS ON: Tue Nov 17 14:53:40 2020
| INPUT FILE :    ene_psb3_b3lyp_631gss.in
| OUTPUT FILE:    ene_psb3_b3lyp_631gss.out
| DATE FILE  :    ene_psb3_b3lyp_631gss.dat
| BASIS SET PATH: ../basis

| @ Read Job And Atom

  KEYWORD=B3LYP BASIS=6-31G** CUTOFF=1.0E-9 DENSERMS=1.0E-6  ZMAKE ENERGY CHARGE=+1                                                                                                                               
 ============== JOB CARD =============
| METHOD = DENSITY FUNCTIONAL THEORY
| DENSITY FUNCTIONAL = B3LYP
| DIRECT SCF 
| SAD INITAL GUESS 
| USE DIIS SCF
| PRINT ENERGY EVERY CYCLE
| Z-MATRIX CONSTRUCTION
| STANDARD GRID = SG1
| MAX SCF CYCLES =    200
| MAX DIIS CYCLES =   10
| DELTA DENSITY START CYCLE = 1000
| COMPUATIONAL CUTOFF: 
|      TWO-e INTEGRAL   =  0.100E-08
|      BASIS SET PRIME  =  0.100E-19
|      MATRIX ELEMENTS  =  0.100E-09
|      BASIS FUNCTION   =  0.100E-09
| DENSITY MATRIX MAXIMUM RMS FOR CONVERGENCE  =  0.100E-05
| BASIS SET = 6-31G**,  TYPE = CARTESIAN
| BASIS FILE = ../basis/6-31GSS.BAS

| @ Finish reading job


| @ Begin SAD initial guess

| For Atom Kind =    1
| ELEMENT = C 
| BASIS FUNCTIONS =   15
| For Atom Kind =    2
| ELEMENT = N 
| BASIS FUNCTIONS =   15
| For Atom Kind =    3
| ELEMENT = H 
| BASIS FUNCTIONS =    5

| @ Finish SAD initial guess


| @ Begin Reading Molecular Information


 =========== Molecule Input ==========
| TOTAL MOLECULAR CHARGE  =    1    MULTIPLICITY                =    1
| TOTAL ATOM NUMBER       =   14    NUMBER OF ATOM TYPES        =    3
| NUMBER OF HYDROGEN ATOM =    8    NUMBER OF NON-HYDROGEN ATOM =    6
| NUMBER OF ELECTRONS     =   44

 -- INPUT GEOMETRY -- :
    C          -2.7472      -0.8366       0.8589
    C          -1.4569      -0.4717       0.9992
    C          -0.6277      -0.2215      -0.1532
    C           0.6894       0.1526      -0.2017
    C           1.4882       0.3645       0.9508
    N           2.7314       0.7179       0.9037
    H           1.1530       0.2966      -1.1612
    H          -1.1103      -0.3463      -1.1067
    H           1.0827       0.2367       1.9358
    H          -1.0483      -0.3680       1.9877
    H           3.2687       0.8596       1.7368
    H           3.2084       0.8645       0.0338
    H          -3.3689      -1.0241       1.7130
    H          -3.2011      -0.9533      -0.1081

 -- DISTANCE MATRIX -- :
              1           2           3           4           5
      1     0.00000
      2     2.54783     0.00000
      3     4.58824     2.72422     0.00000
      4     7.04901     4.79509     2.58914     0.00000
      5     8.32128     5.78618     4.64407     2.67996     0.00000
      6    10.76215     8.22979     6.88736     4.51608     2.44398
      7     8.57213     6.56504     3.98880     2.03203     4.04312
      8     4.92184     4.03998     2.03309     3.92175     6.40577
      9     7.78692     5.28737     5.17510     4.11025     2.02752
     10     3.95505     2.03091     4.13247     5.37308     5.36018
     11    11.92755     9.38174     8.43475     6.24179     3.79493
     12    11.80796     9.35025     7.54235     4.96652     3.80289
     13     2.02747     3.99549     6.44755     8.76653     9.65437
     14     2.03075     4.00891     5.05659     7.64543     9.41987
              6           7           8           9          10
      6     0.00000
      7     4.97571     0.00000
      8     8.43691     4.44738     0.00000
      9     3.78663     5.85521     7.17246     0.00000
     10     7.70867     7.36830     5.84893     4.18703     0.00000
     11     1.89227     6.86346    10.12627     4.31181     8.49450
     12     1.89512     4.61928     8.74549     5.51933     9.15220
     13    12.08582    10.42828     6.94621     8.75320     4.58667
     14    11.80313     8.78871     4.52637     9.24709     5.78457
             11          12          13          14
     11     0.00000
     12     3.22015     0.00000
     13    13.03851    13.31509     0.00000
     14    13.16700    12.59278     3.45864     0.00000

============== BASIS INFOS ==============
| BASIS FUNCTIONS =  130
| NSHELL =   48 NPRIM  =  106
| JSHELL =   48 JBASIS =  106


| @ End Reading Molecular Information 


| @ Begin XC Quadrature Formation

| OCTAGO: OCTree Algorithm for Grid Operations 
|   PRUNING CUTOFF       = 0.100E-09
|   INITIAL GRID POINTS  =       52912
|   FINAL GRID POINTS    =       34972
|   SIGNIFICANT NUMBER OF BASIS FUNCTIONS     =       41137
|   SIGNIFICANT NUMBER OF PRIMITIVE FUNCTIONS =       47385

| @ End XC Quadrature Formation


| @ Begin Energy Calculation

                                         SCF ENERGY
------------------------------------------------------------------------------------------------------------------------
NCYC       ENERGY         DELTA_E      SCF_TIME  DII_CYC   DII_TIME   O_TIME  DIAG_TIME    MAX_ERR    RMS_CHG    MAX_CHG
------------------------------------------------------------------------------------------------------------------------
|  1   -252.255343403      ------         2.789     1        0.01      2.78      0.00    0.2533E+01  0.2878E-01  0.5125E+00
|  2   -249.792158831  -.246318E+01       4.236     2        0.01      4.22      0.00    0.9667E-01  0.7613E-02  0.1992E+00
|  3   -249.745933647  -.462252E-01       4.241     3        0.01      4.23      0.00    0.1572E+00  0.5276E-02  0.1515E+00
|  4   -249.831386148  0.854525E-01       4.232     4        0.01      4.22      0.00    0.3186E-01  0.1400E-02  0.3768E-01
|  5   -249.837506932  0.612078E-02       4.369     5        0.01      4.36      0.00    0.9753E-02  0.3798E-03  0.1188E-01
|  6   -249.837913394  0.406462E-03       4.232     6        0.01      4.22      0.00    0.3865E-02  0.1523E-03  0.4459E-02
|  7   -249.837992312  0.789174E-04       4.368     7        0.01      4.35      0.00    0.1086E-02  0.5047E-04  0.1474E-02
|  8   -249.837997735  0.542347E-05       4.364     8        0.01      4.35      0.00    0.4717E-03  0.1542E-04  0.3263E-03
|  9   -249.837998966  0.123038E-05       4.363     9        0.01      4.35      0.00    0.5498E-04  0.2971E-05  0.5597E-04
| 10   -249.837998974  0.836127E-08       4.368    10        0.01      4.35      0.00    0.4525E-04  0.1211E-05  0.3501E-04
| 11   -249.837998982  0.823570E-08       4.366     1        0.02      4.35      0.00    0.6155E-05  0.2518E-06  0.4824E-05
------------------------------------------------------------------------------------------------------------------------
| REACH CONVERGENCE AFTER  11 CYLCES
| MAX ERROR = 0.615467E-05   RMS CHANGE = 0.251791E-06   MAX CHANGE = 0.482404E-05
 -----------------------------------------------
| ALPHA ELECTRON DENSITY    =   22.0000122440
| BETA ELECTRON DENSITY     =   22.0000122440
  ELECTRONIC ENERGY    =  -457.023177351
  CORE_CORE REPULSION  =   207.185178368
  TOTAL ENERGY         =  -249.837998982

| @ End Energy calculation


| @ Begin Zmake conversion

  
 Z-MATRIX:

   ATOM  ELEMENTAL  BOND LENGTH    BOND ANGLE    DIHEDRAL ANGLE
  NUMBER  SYMBOL    (ANGSTROMS)    (DEGREES)       (DEGREES)
     I                 I-NA         I-NA-NB        I-NA-NB-NC      NA   NB   NC

     1      C        0.00000  0     0.00000  0      0.00000  0      0    0    0
     2      C        1.34826  1     0.00000  0      0.00000  0      1    0    0
     3      C        2.42799  1    30.61066  1      0.00000  0      1    2    0
     4      C        3.73017  1    22.49202  1      0.03284  1      1    2    3
     5      C        4.40343  1     4.77590  1      0.20402  1      1    2    3
     6      N        5.69509  1     5.52072  1      0.17723  1      1    2    3
     7      H        4.53618  1    32.41872  1      0.01575  1      1    2    3
     8      H        2.60452  1    54.97438  1     -0.00551  1      1    2    3
     9      H        4.12066  1     9.17982  1    179.88243  1      1    2    3
    10      H        2.09292  1    26.67086  1   -179.99939  1      1    2    3
    11      H        6.31179  1     2.02396  1    179.44668  1      1    2    3
    12      H        6.24850  1    13.56002  1      0.06787  1      1    2    3
    13      H        1.07289  1   121.26477  1    179.99329  1      1    2    3
    14      H        1.07463  1   121.81953  1      0.00143  1      1    2    3

| @ End Zmake conversion


| @ Output Timing Information

------------- TIMING ---------------
| INITIAL GUESS TIME  =     2.770660000(  5.64%)
| DFT GRID OPERATIONS =     0.278808000(  0.57%)
|       TOTAL GRID FORMATION TIME   =     0.001896000(  0.00%)
|       TOTAL GRID WEIGHT TIME      =     0.047156000(  0.10%)
|       TOTAL OCTREE RUN TIME       =     0.040000000(  0.08%)
|       TOTAL PRESCREENING TIME     =     0.170000000(  0.35%)
|       TOTAL DATA PACKING TIME     =     0.019756000(  0.04%)
| TOTAL SCF TIME      =    45.953017000( 93.56%)
|       TOTAL OP TIME      =    45.799806000( 93.25%)
|             OVERLAP 1e INTEGRALS TIME      =     0.007644000(  0.02%)
|             OVERLAP 1e DIAGONALIZATION TIME =     0.003891000(  0.01%)
|             TOTAL 1e TIME      =     0.025004000(  0.05%)
|                KINETIC 1e INTEGRALS TIME    =     0.017974000(  0.04%)
|                ATTRACTION 1e INTEGRALS TIME =     0.007028000(  0.01%)
|             TOTAL 2e TIME      =    33.376090000( 67.95%)
|             TOTAL EXC TIME     =    12.396163000( 25.24%)
|             TOTAL ENERGY TIME  =     0.000968000(  0.00%)
|       TOTAL DII TIME      =     0.152303000(  0.31%)
|             TOTAL DIAG TIME    =     0.041395000(  0.08%)
| TOTAL TIME          =    49.116113000
------------------------------------
| Job cpu time:  0 days  0 hours  0 minutes 49.1 seconds.

| @ Finish Output Timing Information

| Normal Termination. Task Finished on: Tue Nov 17 14:54:36 2020
