  *********************************************************************************************************
  **                                                                                                     **
  **           888888888888                                                                              **
  **         8888888888888888                                                                            **
  **      888888888888888888                                                                             **
  **     888888888888888888                                                                              **
  **    888888888888888                                                                                  **
  **   88888888888888888888                               88888                       8888:              **
  **   8888888888888888888888Z                            88888                       8888:              **
  **   888888888888888888888888?                          88888                       8888:              **
  **   8888888888888      8888888                                        888888       8888:              **
  **    88888888888         888888     8888:     88888    88888        888888888I     8888:    888888    **
  **    8888888888           88888:    8888:     88888    88888      $888888888888    8888:   888888     **
  **    I8Z 88888             88888    8888:     88888    88888    .888888     8888   8888: 888888       **
  **    .8Z 88888             88888    8888:     88888    88888    $88888             8888:88888         **
  **     8I 88888      .=88. .88888    8888:     88888    88888    88888              8888888888         **
  **    :8  88888      888888$8888$    8888:     88888    88888    8888O              88888888888        **
  **   ,7   +88888.     8888888888.    8888:     88888    88888    888888             88888O888888       **
  **         $888888:.   .8888888      88888....888888    88888     888888     8888   8888:  888888      **
  **          I8888888888888888888     888888888888888    88888     O888888888888O    8888:   888888     **
  **            O888888888888888888     88888888888888    88888       88888888888$    8888:    888888    **
  **               8888888Z     888      .8888I  88888    88888         8888888       8888:     888888   **
  **                                                                                                     **
  **                                                                                                     **
  **                                         Copyright (c) 2021                                          **
  **                          Regents of the University of California San Diego                          **
  **                                    & Michigan State University                                      **
  **                                        All Rights Reserved.                                         **
  **                                                                                                     **
  **                   This software provided pursuant to a license agreement containing                 **
  **                   restrictions on its disclosure, duplication, and use. This software               **
  **                   contains confidential and proprietary information, and may not be                 **
  **                   extracted or distributed, in whole or in part, for any purpose                    **
  **                   whatsoever, without the express written permission of the authors.                **
  **                   This notice, and the associated author list, must be attached to                  **
  **                   all copies, or extracts, of this software. Any additional                         **
  **                   restrictions set forth in the license agreement also apply to this                **
  **                   software.                                                                         **
  *********************************************************************************************************
                                                                                                           
  Cite this work as:                                                                                       
  Manathunga, M.; Chi, J.; Cruzeiro, V.W.D.; Keipert, K.; Pekurovsky, D.; Mu, D.; Miao, Y.;He, X.; Ayers,K;
  Brothers, E.; GÃ¶tz, A.; Merz,K. M. QUICK-21.03 University of California San Diego, CA and Michigan State
  University, East Lansing, MI, 2021                                                                       
                                                                                                           
  If you have any comments or queries, please send us an email for technical support:                      
  quick.merzlab@gmail.com                                                                                  
                                                                                                           
| TASK STARTS ON: Tue Mar  9 15:00:51 2021
| INPUT FILE :    ene_CH4_rhf_631g.in
| OUTPUT FILE:    ene_CH4_rhf_631g.out
| DATE FILE  :    ene_CH4_rhf_631g.dat
| BASIS SET PATH: /home/mmanathunga/fix109/basis

 @ Read Job And Atom

  KEYWORD=HF  BASIS=6-31G CUTOFF=1.0E-9 DENSERMS=1.0E-6  ZMAKE ENERGY DIPOLE CHARGE=0                                                                                                                             
 ============== JOB CARD =============
 METHOD = HATREE FOCK
 DIRECT SCF 
 SAD INITAL GUESS 
 USE DIIS SCF
 PRINT ENERGY EVERY CYCLE
 Z-MATRIX CONSTRUCTION
 DIPOLE
 MAX SCF CYCLES =    200
 MAX DIIS CYCLES =   10
 DELTA DENSITY START CYCLE = 1000
 COMPUTATIONAL CUTOFF: 
      TWO-e INTEGRAL   =  0.100E-08
      BASIS SET PRIME  =  0.100E-19
      MATRIX ELEMENTS  =  0.100E-09
      BASIS FUNCTION   =  0.100E-09
 DENSITY MATRIX MAXIMUM RMS FOR CONVERGENCE  =  0.100E-05
 BASIS SET = 6-31G,  TYPE = CARTESIAN
| BASIS FILE = /home/mmanathunga/fix109/basis/6-31G.BAS

 @ Finish reading job


 @ Begin SAD initial guess

 For Atom Kind =    1
 ELEMENT = C 
 BASIS FUNCTIONS =    9
 For Atom Kind =    2
 ELEMENT = H 
 BASIS FUNCTIONS =    2

 @ Finish SAD initial guess


 @ Begin Reading Molecular Information


 =========== Molecule Input ==========
 TOTAL MOLECULAR CHARGE  =    0    MULTIPLICITY                =    1
 TOTAL ATOM NUMBER       =    5    NUMBER OF ATOM TYPES        =    2
 NUMBER OF HYDROGEN ATOM =    4    NUMBER OF NON-HYDROGEN ATOM =    1
 NUMBER OF ELECTRONS     =   10

 -- INPUT GEOMETRY -- :
    C          -0.0048      -0.0024      -0.0748
    H          -0.9064       0.5182      -0.4497
    H           0.8980       0.5198      -0.4449
    H          -0.0029      -1.0436      -0.4494
    H          -0.0077      -0.0039       1.0341

 -- DISTANCE MATRIX -- :
              1           2           3           4           5
      1     0.00000
      2     2.09110     0.00000
      3     2.09111     3.40972     0.00000
      4     2.09111     3.40972     3.40973     0.00000
      5     2.09545     3.42332     3.42332     3.42332     0.00000

============== BASIS INFOS ==============
 BASIS FUNCTIONS =   17
 NSHELL =   11 NPRIM  =   38
 JSHELL =   11 JBASIS =   26


 @ End Reading Molecular Information 


 @ Begin Energy Calculation

                                         SCF ENERGY
| ------------------------------------------------------------------------------------------------------------------------
| NCYC       ENERGY         DELTA_E      SCF_TIME  DII_CYC   DII_TIME   O_TIME  DIAG_TIME    MAX_ERR    RMS_CHG    MAX_CHG
| ------------------------------------------------------------------------------------------------------------------------
|  1    -40.257901377      ------         0.008     1        0.00      0.01      0.00    0.2015E+01  0.9060E-01  0.4346E+00
|  2    -40.158833948  -.990674E-01       0.008     2        0.00      0.01      0.00    0.6692E-01  0.1329E-01  0.4961E-01
|  3    -40.176836272  0.180023E-01       0.008     3        0.00      0.01      0.00    0.2699E-01  0.5273E-02  0.2849E-01
|  4    -40.178692072  0.185580E-02       0.008     4        0.00      0.01      0.00    0.8477E-02  0.1614E-02  0.7832E-02
|  5    -40.178879955  0.187883E-03       0.008     5        0.00      0.01      0.00    0.1653E-02  0.4816E-03  0.2036E-02
|  6    -40.178890396  0.104415E-04       0.008     6        0.00      0.01      0.00    0.1046E-03  0.3541E-04  0.1451E-03
|  7    -40.178890465  0.687170E-07       0.008     7        0.00      0.01      0.00    0.1162E-04  0.6413E-05  0.3383E-04
|  8    -40.178890466  0.961016E-09       0.008     8        0.00      0.01      0.00    0.1344E-05  0.4826E-06  0.1891E-05
| ------------------------------------------------------------------------------------------------------------------------
| REACH CONVERGENCE AFTER   8 CYLCES
| MAX ERROR = 0.134397E-05   RMS CHANGE = 0.482631E-06   MAX CHANGE = 0.189117E-05
| -----------------------------------------------
 ELECTRONIC ENERGY    =   -53.406296845
 CORE_CORE REPULSION  =    13.227406379
 TOTAL ENERGY         =   -40.178890466

 @ End Energy calculation


 @ Begin Zmake conversion

  
 Z-MATRIX:

   ATOM  ELEMENTAL  BOND LENGTH    BOND ANGLE    DIHEDRAL ANGLE
  NUMBER  SYMBOL    (ANGSTROMS)    (DEGREES)       (DEGREES)
     I                 I-NA         I-NA-NB        I-NA-NB-NC      NA   NB   NC

     1      C        0.00000  0     0.00000  0      0.00000  0      0    0    0
     2      H        1.10656  1     0.00000  0      0.00000  0      1    0    0
     3      H        1.10657  1   109.23234  1      0.00000  0      1    2    0
     4      H        1.10657  1   109.23222  1   -119.41952  1      1    2    3
     5      H        1.10887  1   109.70930  1    120.29025  1      1    2    3

 @ End Zmake conversion


 @ Begin Charge and Dipole Calculation

    ATOMIC CHARGES
   ATOM          MULLIKEN            LOWDIN
   C             -0.6194            -0.4558
   H              0.1548             0.1138
   H              0.1548             0.1138
   H              0.1548             0.1138
   H              0.1549             0.1143
   TOTAL        -0.0000            -0.0000

    DIPOLE (DEBYE)
      X         Y         Z        TOTAL
    0.0000    0.0000   -0.0070    0.0070

 @ End Charge and Dipole Calculation


 @ Output Timing Information

------------- TIMING ---------------
| INITIAL GUESS TIME  =     0.543844000( 88.90%)
| TOTAL SCF TIME      =     0.064544000( 10.55%)
|       TOTAL OP TIME      =     0.064007000( 10.46%)
|             TOTAL 1e TIME      =     0.000757000(  0.12%)
|             TOTAL 2e TIME      =     0.062412000( 10.20%)
|       TOTAL DII TIME      =     0.000492000(  0.08%)
|             TOTAL DIAG TIME    =     0.000209000(  0.03%)
| TOTAL TIME          =     0.611727000
------------------------------------
| Job cpu time:  0 days  0 hours  0 minutes  0.6 seconds.

 @ Finish Output Timing Information

| Normal Termination. Task Finished on: Tue Mar  9 15:00:51 2021
