  *********************************************************************************************************
  **                                                                                                     **
  **           888888888888                                                                              **
  **         8888888888888888                                                                            **
  **      888888888888888888                                                                             **
  **     888888888888888888                                                                              **
  **    888888888888888                                                                                  **
  **   88888888888888888888                               88888                       8888:              **
  **   8888888888888888888888Z                            88888                       8888:              **
  **   888888888888888888888888?                          88888                       8888:              **
  **   8888888888888      8888888                                        888888       8888:              **
  **    88888888888         888888     8888:     88888    88888        888888888I     8888:    888888    **
  **    8888888888           88888:    8888:     88888    88888      $888888888888    8888:   888888     **
  **    I8Z 88888             88888    8888:     88888    88888    .888888     8888   8888: 888888       **
  **    .8Z 88888             88888    8888:     88888    88888    $88888             8888:88888         **
  **     8I 88888      .=88. .88888    8888:     88888    88888    88888              8888888888         **
  **    :8  88888      888888$8888$    8888:     88888    88888    8888O              88888888888        **
  **   ,7   +88888.     8888888888.    8888:     88888    88888    888888             88888O888888       **
  **         $888888:.   .8888888      88888....888888    88888     888888     8888   8888:  888888      **
  **          I8888888888888888888     888888888888888    88888     O888888888888O    8888:   888888     **
  **            O888888888888888888     88888888888888    88888       88888888888$    8888:    888888    **
  **               8888888Z     888      .8888I  88888    88888         8888888       8888:     888888   **
  **                                                                                                     **
  **                                                                                                     **
  **                                         Copyright (c) 2021                                          **
  **                          Regents of the University of California San Diego                          **
  **                                    & Michigan State University                                      **
  **                                        All Rights Reserved.                                         **
  **                                                                                                     **
  **                   This software provided pursuant to a license agreement containing                 **
  **                   restrictions on its disclosure, duplication, and use. This software               **
  **                   contains confidential and proprietary information, and may not be                 **
  **                   extracted or distributed, in whole or in part, for any purpose                    **
  **                   whatsoever, without the express written permission of the authors.                **
  **                   This notice, and the associated author list, must be attached to                  **
  **                   all copies, or extracts, of this software. Any additional                         **
  **                   restrictions set forth in the license agreement also apply to this                **
  **                   software.                                                                         **
  *********************************************************************************************************
                                                                                                           
  Cite this work as:                                                                                       
  Manathunga, M.; Chi, J.; Cruzeiro, V.W.D.; Keipert, K.; Pekurovsky, D.; Mu, D.; Miao, Y.;He, X.; Ayers,K;
  Brothers, E.; GÃ¶tz, A.; Merz,K. M. QUICK-21.03 University of California San Diego, CA and Michigan State
  University, East Lansing, MI, 2021                                                                       
                                                                                                           
  If you have any comments or queries, please send us an email for technical support:                      
  quick.merzlab@gmail.com                                                                                  
                                                                                                           
| TASK STARTS ON: Wed Mar 17 12:32:43 2021
| INPUT FILE :    grad_ch5nos_o3lyp_631g.in
| OUTPUT FILE:    grad_ch5nos_o3lyp_631g.out
| DATE FILE  :    grad_ch5nos_o3lyp_631g.dat
| BASIS SET PATH: /scratch/cruzeiro/quick/basis/

 @ Read Job And Atom

  KEYWORD=DFT O3LYP BASIS=6-31G CUTOFF=1.0E-9 DENSERMS=1.0E-6  ZMAKE GRADIENT DIPOLE                                                                                                                              
 ============== JOB CARD =============
 METHOD = DENSITY FUNCTIONAL THEORY
 USING LIBXC VERSION: 4.3.4
 FUNCTIONAL INFORMATION:
 NAME = O3LYP FAMILY = HYBRID GGA KIND = EXCHANGE CORRELATION
 DIRECT SCF 
 SAD INITAL GUESS 
 USE DIIS SCF
 PRINT ENERGY EVERY CYCLE
 READ SAD GUESS FROM FILE
 Z-MATRIX CONSTRUCTION
 DIPOLE
 STANDARD GRID = SG1
 GRADIENT CALCULATION
 MAX SCF CYCLES =    200
 MAX DIIS CYCLES =   10
 DELTA DENSITY START CYCLE = 1000
 COMPUTATIONAL CUTOFF: 
      TWO-e INTEGRAL   =  0.100E-08
      BASIS SET PRIME  =  0.100E-19
      MATRIX ELEMENTS  =  0.100E-09
      BASIS FUNCTION   =  0.100E-09
      GRADIENT CUTOFF  =  0.100E-08
 DENSITY MATRIX MAXIMUM RMS FOR CONVERGENCE  =  0.100E-05
 BASIS SET = 6-31G,  TYPE = CARTESIAN
| BASIS FILE = /scratch/cruzeiro/quick/basis//6-31G.BAS

 @ Finish reading job


 @ Begin SAD initial guess

 For Atom Kind =    1
 ELEMENT = C 
 BASIS FUNCTIONS =    9
 For Atom Kind =    2
 ELEMENT = O 
 BASIS FUNCTIONS =    9
 For Atom Kind =    3
 ELEMENT = N 
 BASIS FUNCTIONS =    9
 For Atom Kind =    4
 ELEMENT = H 
 BASIS FUNCTIONS =    2
 For Atom Kind =    5
 ELEMENT = S 
 BASIS FUNCTIONS =   13

 @ Finish SAD initial guess


 @ Begin Reading Molecular Information


 =========== Molecule Input ==========
 TOTAL MOLECULAR CHARGE  =    0    MULTIPLICITY                =    1
 TOTAL ATOM NUMBER       =    9    NUMBER OF ATOM TYPES        =    5
 NUMBER OF HYDROGEN ATOM =    5    NUMBER OF NON-HYDROGEN ATOM =    4
 NUMBER OF ELECTRONS     =   42

 -- INPUT GEOMETRY -- :
    C          -1.3709       0.2881      -0.2373
    O           0.0012       0.1311      -0.4531
    N          -1.7503      -0.7127       0.7167
    H          -1.8997       0.1549      -1.1853
    S          -1.7415       1.9080       0.4275
    H           0.3414      -0.0348       0.4408
    H          -1.6363      -1.6188       0.2661
    H          -2.7490      -0.6078       0.8861
    H          -1.0357       1.7471       1.5528

 -- DISTANCE MATRIX -- :
              1           2           3           4           5
      1     0.00000
      2     2.64149     0.00000
      3     2.70947     4.28781     0.00000
      4     2.06675     3.84976     3.96068     0.00000
      5     3.38226     4.98903     4.98250     4.51155     0.00000
      6     3.53334     1.83439     4.18776     5.24471     5.38266
      7     3.76053     4.72845     1.92434     4.35946     6.67455
      8     3.76245     5.94694     1.92451     4.46955     5.19404
      9     4.40981     5.24731     5.09191     6.20423     2.52847
              6           7           8           9
      6     0.00000
      7     4.79962     0.00000
      8     5.99894     3.07312     0.00000
      9     4.74631     6.90345     5.64567     0.00000

============== BASIS INFOS ==============
 BASIS FUNCTIONS =   50
 NSHELL =   23 NPRIM  =  132
 JSHELL =   23 JBASIS =   66


 @ End Reading Molecular Information 


 @ Begin XC Quadrature Formation

 OCTAGO: OCTree Algorithm for Grid Operations 
   PRUNING CUTOFF       = 0.100E-09
   INITIAL GRID POINTS  =       33968
|   FINAL GRID POINTS    =       22628
|   SIGNIFICANT NUMBER OF BASIS FUNCTIONS     =       13521
|   SIGNIFICANT NUMBER OF PRIMITIVE FUNCTIONS =       17964

 @ End XC Quadrature Formation


 @ Begin Energy Calculation

                                         SCF ENERGY
| ------------------------------------------------------------------------------------------------------------------------
| NCYC       ENERGY         DELTA_E      SCF_TIME  DII_CYC   DII_TIME   O_TIME  DIAG_TIME    MAX_ERR    RMS_CHG    MAX_CHG
| ------------------------------------------------------------------------------------------------------------------------
|  1   -569.764002336      ------         0.645     1        0.01      0.63      0.01    0.2012E+01  0.6315E-01  0.4205E+00
|  2   -568.949405301  -.814597E+00       0.501     2        0.02      0.49      0.01    0.2610E+00  0.3671E-01  0.3464E+00
|  3   -568.823800274  -.125605E+00       0.511     3        0.02      0.49      0.01    0.3893E+00  0.2291E-01  0.2314E+00
|  4   -569.075464856  0.251665E+00       0.502     4        0.01      0.49      0.01    0.3736E-01  0.3809E-02  0.4265E-01
|  5   -569.078438627  0.297377E-02       0.499     5        0.01      0.49      0.01    0.1074E-01  0.8796E-03  0.9049E-02
|  6   -569.078711567  0.272940E-03       0.500     6        0.01      0.49      0.01    0.3758E-02  0.3744E-03  0.4202E-02
|  7   -569.078752342  0.407749E-04       0.514     7        0.02      0.50      0.01    0.3855E-03  0.7189E-04  0.7642E-03
|  8   -569.078753246  0.904515E-06       0.499     8        0.01      0.48      0.01    0.3515E-04  0.7515E-05  0.6733E-04
| -------------- 2E-INT CUTOFF CHANGE TO 0.1000E-08 ------------
|  9   -569.078751530  -.171635E-05       0.545     9        0.01      0.53      0.01    0.2744E-04  0.2408E-05  0.2538E-04
| 10   -569.078751532  0.214300E-08       0.545    10        0.01      0.53      0.01    0.6289E-05  0.6272E-06  0.5323E-05
| ------------------------------------------------------------------------------------------------------------------------
| REACH CONVERGENCE AFTER  10 CYLCES
| MAX ERROR = 0.628858E-05   RMS CHANGE = 0.627153E-06   MAX CHANGE = 0.532311E-05
| -----------------------------------------------
 ALPHA ELECTRON DENSITY    =   20.9998452312
 BETA ELECTRON DENSITY     =   20.9998452312
 ELECTRONIC ENERGY    =  -744.934211105
 CORE_CORE REPULSION  =   175.855459573
 TOTAL ENERGY         =  -569.078751532

 @ End Energy calculation


 @ Begin Gradient Calculation

 ANALYTICAL GRADIENT: 
----------------------------------------
 COORDINATE    XYZ            GRADIENT
----------------------------------------
    1X    -1.3708901047    -0.0026818161
    1Y     0.2881200220     0.0208794443
    1Z    -0.2373200181     0.0152485234
    2X     0.0012200001    -0.0163187072
    2Y     0.1311300100     0.0057495676
    2Z    -0.4531100346     0.0162749015
    3X    -1.7503301337     0.0234106128
    3Y    -0.7127100544     0.0160635642
    3Z     0.7166800547    -0.0011819955
    4X    -1.8996901451    -0.0049531981
    4Y     0.1549200118    -0.0111388552
    4Z    -1.1853500905     0.0054214733
    5X    -1.7415401330     0.0273596154
    5Y     1.9080001457    -0.0472670889
    5Z     0.4275400326     0.0043755340
    6X     0.3413900261    -0.0136002521
    6Y    -0.0348100027     0.0029275900
    6Z     0.4407800337    -0.0062541393
    7X    -1.6363401250    -0.0060219288
    7Y    -1.6187601236     0.0079397323
    7Z     0.2660700203    -0.0047818256
    8X    -2.7490502099     0.0010885634
    8Y    -0.6078000464     0.0016011156
    8Z     0.8861100677    -0.0138261685
    9X    -1.0357400791    -0.0079762665
    9Y     1.7471101334     0.0033184501
    9Z     1.5528101186    -0.0145118191
----------------------------------------

 @ End Gradient Calculation


 @ Begin Zmake conversion

  
 Z-MATRIX:

   ATOM  ELEMENTAL  BOND LENGTH    BOND ANGLE    DIHEDRAL ANGLE
  NUMBER  SYMBOL    (ANGSTROMS)    (DEGREES)       (DEGREES)
     I                 I-NA         I-NA-NB        I-NA-NB-NC      NA   NB   NC

     1      C        0.00000  0     0.00000  0      0.00000  0      0    0    0
     2      O        1.39782  1     0.00000  0      0.00000  0      1    0    0
     3      N        1.43379  1   106.50476  1      0.00000  0      1    2    0
     4      H        1.09368  1   109.09390  1   -120.27054  1      1    2    3
     5      S        1.78981  1   111.23987  1    118.95972  1      1    2    3
     6      H        1.86976  1    30.41941  1     41.33759  1      1    2    3
     7      H        1.98999  1    93.57588  1    -26.71589  1      1    2    3
     8      H        1.99100  1   135.72786  1      0.13364  1      1    2    3
     9      H        2.33357  1    92.73200  1     88.65691  1      1    2    3

 @ End Zmake conversion


 @ Begin Charge and Dipole Calculation

    ATOMIC CHARGES
   ATOM          MULLIKEN            LOWDIN
   C             -0.1413            -0.0600
   O             -0.5433            -0.3889
   N             -0.6642            -0.4575
   H              0.2101             0.1189
   S              0.1068            -0.0036
   H              0.3656             0.2818
   H              0.2980             0.2107
   H              0.3035             0.2160
   H              0.0648             0.0826
   TOTAL         0.0000             0.0000

    DIPOLE (DEBYE)
      X         Y         Z        TOTAL
   -1.1147   -2.2241    0.8566    2.6312

 @ End Charge and Dipole Calculation


 @ Output Timing Information

------------- TIMING ---------------
| INITIAL GUESS TIME  =     0.558935000(  6.44%)
| DFT GRID OPERATIONS =     0.113009000(  1.30%)
| TOTAL SCF TIME      =     5.324824000( 61.34%)
|       TOTAL OP TIME      =     5.171766000( 59.58%)
|             TOTAL 1e TIME      =     0.064723000(  0.75%)
|             TOTAL 2e TIME      =     2.465050000( 28.40%)
|             TOTAL EXC TIME     =     2.571359000( 29.62%)
|       TOTAL DII TIME      =     0.149582000(  1.72%)
|             TOTAL DIAG TIME    =     0.084101000(  0.97%)
| TOTAL GRADIENT TIME      =     2.673973000( 30.80%)
|       TOTAL 1e GRADIENT TIME      =     0.088177000( 1.11%)
|       TOTAL 2e GRADIENT TIME      =     1.501683000(17.30%)
|       TOTAL EXC GRADIENT TIME     =     1.075855000( 12.39%)
| TOTAL TIME          =     8.680347000
------------------------------------
| Job cpu time:  0 days  0 hours  0 minutes  8.7 seconds.

 @ Finish Output Timing Information

| Normal Termination. Task Finished on: Wed Mar 17 12:32:51 2021
