  *********************************************************************************************************
  **                                                                                                     **
  **           888888888888                                                                              **
  **         8888888888888888                                                                            **
  **      888888888888888888                                                                             **
  **     888888888888888888                                                                              **
  **    888888888888888                                                                                  **
  **   88888888888888888888                               88888                       8888:              **
  **   8888888888888888888888Z                            88888                       8888:              **
  **   888888888888888888888888?                          88888                       8888:              **
  **   8888888888888      8888888                                        888888       8888:              **
  **    88888888888         888888     8888:     88888    88888        888888888I     8888:    888888    **
  **    8888888888           88888:    8888:     88888    88888      $888888888888    8888:   888888     **
  **    I8Z 88888             88888    8888:     88888    88888    .888888     8888   8888: 888888       **
  **    .8Z 88888             88888    8888:     88888    88888    $88888             8888:88888         **
  **     8I 88888      .=88. .88888    8888:     88888    88888    88888              8888888888         **
  **    :8  88888      888888$8888$    8888:     88888    88888    8888O              88888888888        **
  **   ,7   +88888.     8888888888.    8888:     88888    88888    888888             88888O888888       **
  **         $888888:.   .8888888      88888....888888    88888     888888     8888   8888:  888888      **
  **          I8888888888888888888     888888888888888    88888     O888888888888O    8888:   888888     **
  **            O888888888888888888     88888888888888    88888       88888888888$    8888:    888888    **
  **               8888888Z     888      .8888I  88888    88888         8888888       8888:     888888   **
  **                                                                                                     **
  **                                                                                                     **
  **                                         Copyright (c) 2021                                          **
  **                          Regents of the University of California San Diego                          **
  **                                    & Michigan State University                                      **
  **                                        All Rights Reserved.                                         **
  **                                                                                                     **
  **                   This software provided pursuant to a license agreement containing                 **
  **                   restrictions on its disclosure, duplication, and use. This software               **
  **                   contains confidential and proprietary information, and may not be                 **
  **                   extracted or distributed, in whole or in part, for any purpose                    **
  **                   whatsoever, without the express written permission of the authors.                **
  **                   This notice, and the associated author list, must be attached to                  **
  **                   all copies, or extracts, of this software. Any additional                         **
  **                   restrictions set forth in the license agreement also apply to this                **
  **                   software.                                                                         **
  *********************************************************************************************************
                                                                                                           
  Cite this work as:                                                                                       
  Manathunga, M.; Chi, J.; Cruzeiro, V.W.D.; Keipert, K.; Pekurovsky, D.; Mu, D.; Miao, Y.;He, X.; Ayers,K;
  Brothers, E.; GÃ¶tz, A.; Merz,K. M. QUICK-21.03 University of California San Diego, CA and Michigan State
  University, East Lansing, MI, 2021                                                                       
                                                                                                           
  If you have any comments or queries, please send us an email for technical support:                      
  quick.merzlab@gmail.com                                                                                  
                                                                                                           
| TASK STARTS ON: Wed Mar 17 12:23:48 2021
| INPUT FILE :    grad_ch5nos_b3lyp_6311gdp.in
| OUTPUT FILE:    grad_ch5nos_b3lyp_6311gdp.out
| DATE FILE  :    grad_ch5nos_b3lyp_6311gdp.dat
| BASIS SET PATH: /scratch/cruzeiro/quick/basis/

 @ Read Job And Atom

  KEYWORD=DFT B3LYP BASIS=6-311G** CUTOFF=1.0E-9 DENSERMS=1.0E-6  ZMAKE GRADIENT DIPOLE                                                                                                                           
 ============== JOB CARD =============
 METHOD = DENSITY FUNCTIONAL THEORY
 DENSITY FUNCTIONAL = B3LYP
 DIRECT SCF 
 SAD INITAL GUESS 
 USE DIIS SCF
 PRINT ENERGY EVERY CYCLE
 READ SAD GUESS FROM FILE
 Z-MATRIX CONSTRUCTION
 DIPOLE
 STANDARD GRID = SG1
 GRADIENT CALCULATION
 MAX SCF CYCLES =    200
 MAX DIIS CYCLES =   10
 DELTA DENSITY START CYCLE = 1000
 COMPUTATIONAL CUTOFF: 
      TWO-e INTEGRAL   =  0.100E-08
      BASIS SET PRIME  =  0.100E-19
      MATRIX ELEMENTS  =  0.100E-09
      BASIS FUNCTION   =  0.100E-09
      GRADIENT CUTOFF  =  0.100E-08
 DENSITY MATRIX MAXIMUM RMS FOR CONVERGENCE  =  0.100E-05
 BASIS SET = 6-311G**,  TYPE = CARTESIAN
| BASIS FILE = /scratch/cruzeiro/quick/basis//6-311GDP.BAS

 @ Finish reading job


 @ Begin SAD initial guess

 For Atom Kind =    1
 ELEMENT = C 
 BASIS FUNCTIONS =   19
 For Atom Kind =    2
 ELEMENT = O 
 BASIS FUNCTIONS =   19
 For Atom Kind =    3
 ELEMENT = N 
 BASIS FUNCTIONS =   19
 For Atom Kind =    4
 ELEMENT = H 
 BASIS FUNCTIONS =    6
 For Atom Kind =    5
 ELEMENT = S 
 BASIS FUNCTIONS =   27

 @ Finish SAD initial guess


 @ Begin Reading Molecular Information


 =========== Molecule Input ==========
 TOTAL MOLECULAR CHARGE  =    0    MULTIPLICITY                =    1
 TOTAL ATOM NUMBER       =    9    NUMBER OF ATOM TYPES        =    5
 NUMBER OF HYDROGEN ATOM =    5    NUMBER OF NON-HYDROGEN ATOM =    4
 NUMBER OF ELECTRONS     =   42

 -- INPUT GEOMETRY -- :
    C          -1.3709       0.2881      -0.2373
    O           0.0012       0.1311      -0.4531
    N          -1.7503      -0.7127       0.7167
    H          -1.8997       0.1549      -1.1853
    S          -1.7415       1.9080       0.4275
    H           0.3414      -0.0348       0.4408
    H          -1.6363      -1.6188       0.2661
    H          -2.7490      -0.6078       0.8861
    H          -1.0357       1.7471       1.5528

 -- DISTANCE MATRIX -- :
              1           2           3           4           5
      1     0.00000
      2     2.64149     0.00000
      3     2.70947     4.28781     0.00000
      4     2.06675     3.84976     3.96068     0.00000
      5     3.38226     4.98903     4.98250     4.51155     0.00000
      6     3.53334     1.83439     4.18776     5.24471     5.38266
      7     3.76053     4.72845     1.92434     4.35946     6.67455
      8     3.76245     5.94694     1.92451     4.46955     5.19404
      9     4.40981     5.24731     5.09191     6.20423     2.52847
              6           7           8           9
      6     0.00000
      7     4.79962     0.00000
      8     5.99894     3.07312     0.00000
      9     4.74631     6.90345     5.64567     0.00000

============== BASIS INFOS ==============
 BASIS FUNCTIONS =  114
 NSHELL =   47 NPRIM  =  182
 JSHELL =   47 JBASIS =   89


 @ End Reading Molecular Information 


 @ Begin XC Quadrature Formation

 OCTAGO: OCTree Algorithm for Grid Operations 
   PRUNING CUTOFF       = 0.100E-09
   INITIAL GRID POINTS  =       33968
|   FINAL GRID POINTS    =       22952
|   SIGNIFICANT NUMBER OF BASIS FUNCTIONS     =       27236
|   SIGNIFICANT NUMBER OF PRIMITIVE FUNCTIONS =       29069

 @ End XC Quadrature Formation


 @ Begin Energy Calculation

                                         SCF ENERGY
| ------------------------------------------------------------------------------------------------------------------------
| NCYC       ENERGY         DELTA_E      SCF_TIME  DII_CYC   DII_TIME   O_TIME  DIAG_TIME    MAX_ERR    RMS_CHG    MAX_CHG
| ------------------------------------------------------------------------------------------------------------------------
|  1   -569.957072944      ------         2.033     1        0.18      1.85      0.15    0.2113E+01  0.2095E-01  0.3406E+00
|  2   -569.212508790  -.744564E+00       2.523     2        0.08      2.44      0.06    0.3048E+00  0.1221E-01  0.2667E+00
|  3   -569.072185941  -.140323E+00       2.315     3        0.05      2.27      0.03    0.4872E+00  0.7909E-02  0.1695E+00
|  4   -569.344209838  0.272024E+00       2.304     4        0.04      2.26      0.03    0.2638E-01  0.1134E-02  0.3471E-01
|  5   -569.345945437  0.173560E-02       2.347     5        0.09      2.25      0.05    0.1609E-01  0.3380E-03  0.9341E-02
|  6   -569.346413333  0.467897E-03       2.300     6        0.05      2.25      0.03    0.4018E-02  0.1335E-03  0.3851E-02
|  7   -569.346448446  0.351130E-04       2.295     7        0.05      2.25      0.03    0.5856E-03  0.2596E-04  0.1040E-02
|  8   -569.346450266  0.181949E-05       2.307     8        0.05      2.25      0.03    0.9188E-04  0.4857E-05  0.1076E-03
| -------------- 2E-INT CUTOFF CHANGE TO 0.1000E-08 ------------
|  9   -569.346450341  0.747635E-07       2.786     9        0.08      2.70      0.04    0.3590E-04  0.2464E-05  0.5743E-04
| 10   -569.346450348  0.694456E-08       2.752    10        0.05      2.70      0.03    0.9877E-05  0.1714E-05  0.3634E-04
| 11   -569.346450348  0.791260E-10       2.748     1        0.04      2.70      0.03    0.1679E-04  0.1073E-05  0.2680E-04
| 12   -569.346450349  0.989303E-09       2.754     2        0.05      2.71      0.03    0.2184E-05  0.2071E-06  0.5172E-05
| ------------------------------------------------------------------------------------------------------------------------
| REACH CONVERGENCE AFTER  12 CYLCES
| MAX ERROR = 0.218382E-05   RMS CHANGE = 0.207102E-06   MAX CHANGE = 0.517179E-05
| -----------------------------------------------
 ALPHA ELECTRON DENSITY    =   20.9998585626
 BETA ELECTRON DENSITY     =   20.9998585626
 ELECTRONIC ENERGY    =  -745.201909922
 CORE_CORE REPULSION  =   175.855459573
 TOTAL ENERGY         =  -569.346450349

 @ End Energy calculation


 @ Begin Gradient Calculation

 ANALYTICAL GRADIENT: 
----------------------------------------
 COORDINATE    XYZ            GRADIENT
----------------------------------------
    1X    -1.3708901047    -0.0143201397
    1Y     0.2881200220     0.0134553346
    1Z    -0.2373200181     0.0023045241
    2X     0.0012200001    -0.0056071550
    2Y     0.1311300100     0.0046824664
    2Z    -0.4531100346     0.0048318255
    3X    -1.7503301337     0.0163218171
    3Y    -0.7127100544     0.0119996297
    3Z     0.7166800547    -0.0061369329
    4X    -1.8996901451    -0.0042634425
    4Y     0.1549200118    -0.0098998967
    4Z    -1.1853500905     0.0047776751
    5X    -1.7415401330     0.0162089722
    5Y     1.9080001457    -0.0284299008
    5Z     0.4275400326     0.0021116180
    6X     0.3413900261    -0.0032094540
    6Y    -0.0348100027     0.0000004508
    6Z     0.4407800337     0.0054790263
    7X    -1.6363401250    -0.0017650442
    7Y    -1.6187601236     0.0025473270
    7Z     0.2660700203    -0.0022805675
    8X    -2.7490502099    -0.0013091800
    8Y    -0.6078000464     0.0027186193
    8Z     0.8861100677    -0.0065414470
    9X    -1.0357400791    -0.0018082289
    9Y     1.7471101334     0.0029187671
    9Z     1.5528101186    -0.0037287029
----------------------------------------

 @ End Gradient Calculation


 @ Begin Zmake conversion

  
 Z-MATRIX:

   ATOM  ELEMENTAL  BOND LENGTH    BOND ANGLE    DIHEDRAL ANGLE
  NUMBER  SYMBOL    (ANGSTROMS)    (DEGREES)       (DEGREES)
     I                 I-NA         I-NA-NB        I-NA-NB-NC      NA   NB   NC

     1      C        0.00000  0     0.00000  0      0.00000  0      0    0    0
     2      O        1.39782  1     0.00000  0      0.00000  0      1    0    0
     3      N        1.43379  1   106.50476  1      0.00000  0      1    2    0
     4      H        1.09368  1   109.09390  1   -120.27054  1      1    2    3
     5      S        1.78981  1   111.23987  1    118.95972  1      1    2    3
     6      H        1.86976  1    30.41941  1     41.33759  1      1    2    3
     7      H        1.98999  1    93.57588  1    -26.71589  1      1    2    3
     8      H        1.99100  1   135.72786  1      0.13364  1      1    2    3
     9      H        2.33357  1    92.73200  1     88.65691  1      1    2    3

 @ End Zmake conversion


 @ Begin Charge and Dipole Calculation

    ATOMIC CHARGES
   ATOM          MULLIKEN            LOWDIN
   C             -0.0066            -0.1813
   O             -0.3538            -0.0852
   N             -0.4539            -0.1451
   H              0.1438             0.0547
   S             -0.0102             0.1320
   H              0.2280             0.0883
   H              0.1895             0.0844
   H              0.2090             0.0886
   H              0.0542            -0.0365
   TOTAL        -0.0000            -0.0000

    DIPOLE (DEBYE)
      X         Y         Z        TOTAL
   -0.9842   -1.9644    0.6744    2.2984

 @ End Charge and Dipole Calculation


 @ Output Timing Information

------------- TIMING ---------------
| INITIAL GUESS TIME  =     0.545002000(  1.17%)
| DFT GRID OPERATIONS =     0.150702000(  0.32%)
| TOTAL SCF TIME      =    29.542914000( 63.41%)
|       TOTAL OP TIME      =    28.717284000( 61.64%)
|             TOTAL 1e TIME      =     0.079622000(  0.17%)
|             TOTAL 2e TIME      =    19.373180000( 41.58%)
|             TOTAL EXC TIME     =     9.159668000( 19.66%)
|       TOTAL DII TIME      =     0.809123000(  1.74%)
|             TOTAL DIAG TIME    =     0.531680000(  1.14%)
| TOTAL GRADIENT TIME      =    16.271534000( 34.93%)
|       TOTAL 1e GRADIENT TIME      =     0.158150000( 0.39%)
|       TOTAL 2e GRADIENT TIME      =    13.516512000(29.01%)
|       TOTAL EXC GRADIENT TIME     =     2.575167000(  5.53%)
| TOTAL TIME          =    46.589437000
------------------------------------
| Job cpu time:  0 days  0 hours  0 minutes 46.6 seconds.

 @ Finish Output Timing Information

| Normal Termination. Task Finished on: Wed Mar 17 12:24:34 2021
