  *********************************************************************************************************
  **                                                                                                     **
  **           888888888888                                                                              **
  **         8888888888888888                                                                            **
  **      888888888888888888                                                                             **
  **     888888888888888888                                                                              **
  **    888888888888888                                                                                  **
  **   88888888888888888888                               88888                       8888:              **
  **   8888888888888888888888Z                            88888                       8888:              **
  **   888888888888888888888888?                          88888                       8888:              **
  **   8888888888888      8888888                                        888888       8888:              **
  **    88888888888         888888     8888:     88888    88888        888888888I     8888:    888888    **
  **    8888888888           88888:    8888:     88888    88888      $888888888888    8888:   888888     **
  **    I8Z 88888             88888    8888:     88888    88888    .888888     8888   8888: 888888       **
  **    .8Z 88888             88888    8888:     88888    88888    $88888             8888:88888         **
  **     8I 88888      .=88. .88888    8888:     88888    88888    88888              8888888888         **
  **    :8  88888      888888$8888$    8888:     88888    88888    8888O              88888888888        **
  **   ,7   +88888.     8888888888.    8888:     88888    88888    888888             88888O888888       **
  **         $888888:.   .8888888      88888....888888    88888     888888     8888   8888:  888888      **
  **          I8888888888888888888     888888888888888    88888     O888888888888O    8888:   888888     **
  **            O888888888888888888     88888888888888    88888       88888888888$    8888:    888888    **
  **               8888888Z     888      .8888I  88888    88888         8888888       8888:     888888   **
  **                                                                                                     **
  **                                                                                                     **
  **                                         Copyright (c) 2021                                          **
  **                          Regents of the University of California San Diego                          **
  **                                    & Michigan State University                                      **
  **                                        All Rights Reserved.                                         **
  **                                                                                                     **
  **                   This software provided pursuant to a license agreement containing                 **
  **                   restrictions on its disclosure, duplication, and use. This software               **
  **                   contains confidential and proprietary information, and may not be                 **
  **                   extracted or distributed, in whole or in part, for any purpose                    **
  **                   whatsoever, without the express written permission of the authors.                **
  **                   This notice, and the associated author list, must be attached to                  **
  **                   all copies, or extracts, of this software. Any additional                         **
  **                   restrictions set forth in the license agreement also apply to this                **
  **                   software.                                                                         **
  *********************************************************************************************************
                                                                                                           
  Cite this work as:                                                                                       
  Manathunga, M.; Chi, J.; Cruzeiro, V.W.D.; Keipert, K.; Pekurovsky, D.; Mu, D.; Miao, Y.;He, X.; Ayers,K;
  Brothers, E.; GÃ¶tz, A.; Merz,K. M. QUICK-21.03 University of California San Diego, CA and Michigan State
  University, East Lansing, MI, 2021                                                                       
                                                                                                           
  If you have any comments or queries, please send us an email for technical support:                      
  quick.merzlab@gmail.com                                                                                  
                                                                                                           
| TASK STARTS ON: Sun Mar  7 17:54:56 2021
| INPUT FILE :    ene_BH3_rhf_def2svpd.in
| OUTPUT FILE:    ene_BH3_rhf_def2svpd.out
| DATE FILE  :    ene_BH3_rhf_def2svpd.dat
| BASIS SET PATH: /home/mmanathunga/fix109/basis

 @ Read Job And Atom

  KEYWORD=B3LYP  BASIS=DEF2-SVPD CUTOFF=1.0E-9 DENSERMS=1.0E-6  ZMAKE GRADIENT DIPOLE CHARGE=0                                                                                                                    
 ============== JOB CARD =============
 METHOD = DENSITY FUNCTIONAL THEORY
 DENSITY FUNCTIONAL = B3LYP
 DIRECT SCF 
 SAD INITAL GUESS 
 USE DIIS SCF
 PRINT ENERGY EVERY CYCLE
 Z-MATRIX CONSTRUCTION
 DIPOLE
 STANDARD GRID = SG1
 GRADIENT CALCULATION
 MAX SCF CYCLES =    200
 MAX DIIS CYCLES =   10
 DELTA DENSITY START CYCLE = 1000
 COMPUTATIONAL CUTOFF: 
      TWO-e INTEGRAL   =  0.100E-08
      BASIS SET PRIME  =  0.100E-19
      MATRIX ELEMENTS  =  0.100E-09
      BASIS FUNCTION   =  0.100E-09
      GRADIENT CUTOFF  =  0.100E-08
 DENSITY MATRIX MAXIMUM RMS FOR CONVERGENCE  =  0.100E-05
 BASIS SET = DEF2-SVPD,  TYPE = CARTESIAN
| BASIS FILE = /home/mmanathunga/fix109/basis/DEF2-SVPD.BAS

 @ Finish reading job


 @ Begin SAD initial guess

 For Atom Kind =    1
 ELEMENT = B 
 BASIS FUNCTIONS =   22
 For Atom Kind =    2
 ELEMENT = H 
 BASIS FUNCTIONS =    8

 @ Finish SAD initial guess


 @ Begin Reading Molecular Information


 =========== Molecule Input ==========
 TOTAL MOLECULAR CHARGE  =    0    MULTIPLICITY                =    1
 TOTAL ATOM NUMBER       =    4    NUMBER OF ATOM TYPES        =    2
 NUMBER OF HYDROGEN ATOM =    3    NUMBER OF NON-HYDROGEN ATOM =    1
 NUMBER OF ELECTRONS     =    8

 -- INPUT GEOMETRY -- :
    B          -1.8040       1.1636      -0.1521
    H          -0.7040       1.1636      -0.1521
    H          -2.3540       0.2898      -0.5314
    H          -2.3540       2.0375       0.2273

 -- DISTANCE MATRIX -- :
              1           2           3           4
      1     0.00000
      2     2.07870     0.00000
      3     2.07870     3.60041     0.00000
      4     2.07870     3.60041     3.60041     0.00000

============== BASIS INFOS ==============
 BASIS FUNCTIONS =   46
 NSHELL =   20 NPRIM  =   62
 JSHELL =   20 JBASIS =   32


 @ End Reading Molecular Information 


 @ Begin XC Quadrature Formation

 OCTAGO: OCTree Algorithm for Grid Operations 
   PRUNING CUTOFF       = 0.100E-09
   INITIAL GRID POINTS  =       15072
|   FINAL GRID POINTS    =       10694
|   SIGNIFICANT NUMBER OF BASIS FUNCTIONS     =        9649
|   SIGNIFICANT NUMBER OF PRIMITIVE FUNCTIONS =       10891

 @ End XC Quadrature Formation


 @ Begin Energy Calculation

                                         SCF ENERGY
------------------------------------------------------------------------------------------------------------------------
NCYC       ENERGY         DELTA_E      SCF_TIME  DII_CYC   DII_TIME   O_TIME  DIAG_TIME    MAX_ERR    RMS_CHG    MAX_CHG
------------------------------------------------------------------------------------------------------------------------
|  1    -26.554174340      ------         0.187     1        0.00      0.19      0.00    0.1302E+01  0.4617E-01  0.4699E+00
|  2    -26.558566287  0.439195E-02       0.221     2        0.00      0.22      0.00    0.7848E-01  0.1381E-01  0.2529E+00
|  3    -26.572226393  0.136601E-01       0.220     3        0.00      0.22      0.00    0.4185E-01  0.4135E-02  0.7538E-01
|  4    -26.576586192  0.435980E-02       0.219     4        0.00      0.22      0.00    0.2062E-02  0.3589E-03  0.5320E-02
|  5    -26.576601144  0.149521E-04       0.224     5        0.00      0.22      0.00    0.2973E-03  0.3631E-04  0.5839E-03
|  6    -26.576601398  0.253728E-06       0.240     6        0.00      0.24      0.00    0.7109E-04  0.1127E-04  0.1299E-03
|  7    -26.576601410  0.123437E-07       0.221     7        0.00      0.22      0.00    0.4202E-05  0.6420E-06  0.5783E-05
------------------------------------------------------------------------------------------------------------------------
| REACH CONVERGENCE AFTER   7 CYLCES
| MAX ERROR = 0.420159E-05   RMS CHANGE = 0.642031E-06   MAX CHANGE = 0.578324E-05
 -----------------------------------------------
 ALPHA ELECTRON DENSITY    =    4.0000064340
 BETA ELECTRON DENSITY     =    4.0000064340
 ELECTRONIC ENERGY    =   -34.625897842
 CORE_CORE REPULSION  =     8.049296432
 TOTAL ENERGY         =   -26.576601410

 @ End Energy calculation


 @ Begin Gradient Calculation

 ANALYTICAL GRADIENT: 
----------------------------------------
 COORDINATE    XYZ            GRADIENT
----------------------------------------
    1X    -1.8039601378    -0.0000397967
    1Y     1.1636400889    -0.0000000348
    1Z    -0.1520600116    -0.0000000118
    2X    -0.7039600538    -0.0606437619
    2Y     1.1636400889     0.0000001054
    2Z    -0.1520600116    -0.0000002289
    3X    -2.3539601798     0.0303445648
    3Y     0.2897900221     0.0482053579
    3Z    -0.5313800406     0.0209196738
    4X    -2.3539601798     0.0303445532
    4Y     2.0374901556    -0.0482054285
    4Z     0.2272600174    -0.0209194330
----------------------------------------

 @ End Gradient Calculation


 @ Begin Zmake conversion

  
 Z-MATRIX:

   ATOM  ELEMENTAL  BOND LENGTH    BOND ANGLE    DIHEDRAL ANGLE
  NUMBER  SYMBOL    (ANGSTROMS)    (DEGREES)       (DEGREES)
     I                 I-NA         I-NA-NB        I-NA-NB-NC      NA   NB   NC

     1      B        0.00000  0     0.00000  0      0.00000  0      0    0    0
     2      H        1.10000  1     0.00000  0      0.00000  0      1    0    0
     3      H        1.10000  1   120.00003  1      0.00000  0      1    2    0
     4      H        1.10000  1   120.00003  1   -180.00000  1      1    2    3

 @ End Zmake conversion


 @ Begin Charge and Dipole Calculation

    ATOMIC CHARGES
   ATOM          MULLIKEN            LOWDIN
   B             -1.1827             0.0737
   H              0.3941            -0.0340
   H              0.3943            -0.0198
   H              0.3943            -0.0198
   TOTAL         0.0000             0.0000

    DIPOLE (DEBYE)
      X         Y         Z        TOTAL
   -0.0000   -0.0000   -0.0000    0.0000

 @ End Charge and Dipole Calculation


 @ Output Timing Information

------------- TIMING ---------------
| INITIAL GUESS TIME  =     4.117382000( 60.54%)
| DFT GRID OPERATIONS =     0.053773000(  0.79%)
| TOTAL SCF TIME      =     1.534154000( 22.56%)
|       TOTAL OP TIME      =     1.527354000( 22.46%)
|             TOTAL 1e TIME      =     0.002970000(  0.04%)
|             TOTAL 2e TIME      =     0.561696000(  8.26%)
|             TOTAL EXC TIME     =     0.959530000( 14.11%)
|       TOTAL DII TIME      =     0.006682000(  0.10%)
|             TOTAL DIAG TIME    =     0.002403000(  0.04%)
| TOTAL GRADIENT TIME      =     0.972845000( 14.30%)
|       TOTAL 1e GRADIENT TIME      =     0.017440000( 0.28%)
|       TOTAL 2e GRADIENT TIME      =     0.553232000( 8.13%)
|       TOTAL EXC GRADIENT TIME     =     0.400247000(  5.89%)
| TOTAL TIME          =     6.800825000
------------------------------------
| Job cpu time:  0 days  0 hours  0 minutes  6.8 seconds.

 @ Finish Output Timing Information

| Normal Termination. Task Finished on: Sun Mar  7 17:55:03 2021
