  *********************************************************************************************************
  **                                                                                                     **
  **           888888888888                                                                              **
  **         8888888888888888                                                                            **
  **      888888888888888888                                                                             **
  **     888888888888888888                                                                              **
  **    888888888888888                                                                                  **
  **   88888888888888888888                               88888                       8888:              **
  **   8888888888888888888888Z                            88888                       8888:              **
  **   888888888888888888888888?                          88888                       8888:              **
  **   8888888888888      8888888                                        888888       8888:              **
  **    88888888888         888888     8888:     88888    88888        888888888I     8888:    888888    **
  **    8888888888           88888:    8888:     88888    88888      $888888888888    8888:   888888     **
  **    I8Z 88888             88888    8888:     88888    88888    .888888     8888   8888: 888888       **
  **    .8Z 88888             88888    8888:     88888    88888    $88888             8888:88888         **
  **     8I 88888      .=88. .88888    8888:     88888    88888    88888              8888888888         **
  **    :8  88888      888888$8888$    8888:     88888    88888    8888O              88888888888        **
  **   ,7   +88888.     8888888888.    8888:     88888    88888    888888             88888O888888       **
  **         $888888:.   .8888888      88888....888888    88888     888888     8888   8888:  888888      **
  **          I8888888888888888888     888888888888888    88888     O888888888888O    8888:   888888     **
  **            O888888888888888888     88888888888888    88888       88888888888$    8888:    888888    **
  **               8888888Z     888      .8888I  88888    88888         8888888       8888:     888888   **
  **                                                                                                     **
  **                                                                                                     **
  **                                         Copyright (c) 2021                                          **
  **                          Regents of the University of California San Diego                          **
  **                                    & Michigan State University                                      **
  **                                        All Rights Reserved.                                         **
  **                                                                                                     **
  **                   This software provided pursuant to a license agreement containing                 **
  **                   restrictions on its disclosure, duplication, and use. This software               **
  **                   contains confidential and proprietary information, and may not be                 **
  **                   extracted or distributed, in whole or in part, for any purpose                    **
  **                   whatsoever, without the express written permission of the authors.                **
  **                   This notice, and the associated author list, must be attached to                  **
  **                   all copies, or extracts, of this software. Any additional                         **
  **                   restrictions set forth in the license agreement also apply to this                **
  **                   software.                                                                         **
  *********************************************************************************************************
                                                                                                           
  Cite this work as:                                                                                       
  Manathunga, M.; Chi, J.; Cruzeiro, V.W.D.; Keipert, K.; Pekurovsky, D.; Mu, D.; Miao, Y.;He, X.; Ayers,K;
  Brothers, E.; GÃ¶tz, A.; Merz,K. M. QUICK-21.03 University of California San Diego, CA and Michigan State
  University, East Lansing, MI, 2021                                                                       
                                                                                                           
  If you have any comments or queries, please send us an email for technical support:                      
  quick.merzlab@gmail.com                                                                                  
                                                                                                           
| TASK STARTS ON: Sun Mar  7 17:37:15 2021
| INPUT FILE :    ene_BH3_rhf_def2sv_p.in
| OUTPUT FILE:    ene_BH3_rhf_def2sv_p.out
| DATE FILE  :    ene_BH3_rhf_def2sv_p.dat
| BASIS SET PATH: /home/mmanathunga/fix109/basis

 @ Read Job And Atom

  KEYWORD=B3LYP  BASIS=DEF2-SV(P) CUTOFF=1.0E-9 DENSERMS=1.0E-6  ZMAKE GRADIENT DIPOLE CHARGE=0                                                                                                                   
 ============== JOB CARD =============
 METHOD = DENSITY FUNCTIONAL THEORY
 DENSITY FUNCTIONAL = B3LYP
 DIRECT SCF 
 SAD INITAL GUESS 
 USE DIIS SCF
 PRINT ENERGY EVERY CYCLE
 Z-MATRIX CONSTRUCTION
 DIPOLE
 STANDARD GRID = SG1
 GRADIENT CALCULATION
 MAX SCF CYCLES =    200
 MAX DIIS CYCLES =   10
 DELTA DENSITY START CYCLE = 1000
 COMPUTATIONAL CUTOFF: 
      TWO-e INTEGRAL   =  0.100E-08
      BASIS SET PRIME  =  0.100E-19
      MATRIX ELEMENTS  =  0.100E-09
      BASIS FUNCTION   =  0.100E-09
      GRADIENT CUTOFF  =  0.100E-08
 DENSITY MATRIX MAXIMUM RMS FOR CONVERGENCE  =  0.100E-05
 BASIS SET = DEF2-SV(P),  TYPE = CARTESIAN
| BASIS FILE = /home/mmanathunga/fix109/basis/DEF2-SV_P.BAS

 @ Finish reading job


 @ Begin SAD initial guess

 For Atom Kind =    1
 ELEMENT = B 
 BASIS FUNCTIONS =   15
 For Atom Kind =    2
 ELEMENT = H 
 BASIS FUNCTIONS =    2

 @ Finish SAD initial guess


 @ Begin Reading Molecular Information


 =========== Molecule Input ==========
 TOTAL MOLECULAR CHARGE  =    0    MULTIPLICITY                =    1
 TOTAL ATOM NUMBER       =    4    NUMBER OF ATOM TYPES        =    2
 NUMBER OF HYDROGEN ATOM =    3    NUMBER OF NON-HYDROGEN ATOM =    1
 NUMBER OF ELECTRONS     =    8

 -- INPUT GEOMETRY -- :
    B          -1.8040       1.1636      -0.1521
    H          -0.7040       1.1636      -0.1521
    H          -2.3540       0.2898      -0.5314
    H          -2.3540       2.0375       0.2273

 -- DISTANCE MATRIX -- :
              1           2           3           4
      1     0.00000
      2     2.07870     0.00000
      3     2.07870     3.60041     0.00000
      4     2.07870     3.60041     3.60041     0.00000

============== BASIS INFOS ==============
 BASIS FUNCTIONS =   21
 NSHELL =   12 NPRIM  =   37
 JSHELL =   12 JBASIS =   24


 @ End Reading Molecular Information 


 @ Begin XC Quadrature Formation

 OCTAGO: OCTree Algorithm for Grid Operations 
   PRUNING CUTOFF       = 0.100E-09
   INITIAL GRID POINTS  =       15072
|   FINAL GRID POINTS    =       10376
|   SIGNIFICANT NUMBER OF BASIS FUNCTIONS     =        4205
|   SIGNIFICANT NUMBER OF PRIMITIVE FUNCTIONS =        5464

 @ End XC Quadrature Formation


 @ Begin Energy Calculation

                                         SCF ENERGY
------------------------------------------------------------------------------------------------------------------------
NCYC       ENERGY         DELTA_E      SCF_TIME  DII_CYC   DII_TIME   O_TIME  DIAG_TIME    MAX_ERR    RMS_CHG    MAX_CHG
------------------------------------------------------------------------------------------------------------------------
|  1    -26.556151757      ------         0.049     1        0.00      0.05      0.00    0.1302E+01  0.7600E-01  0.4108E+00
|  2    -26.552451299  -.370046E-02       0.050     2        0.00      0.05      0.00    0.6262E-01  0.2050E-01  0.2141E+00
|  3    -26.563479744  0.110284E-01       0.049     3        0.00      0.05      0.00    0.3642E-01  0.6474E-02  0.6314E-01
|  4    -26.566719933  0.324019E-02       0.048     4        0.00      0.05      0.00    0.1726E-02  0.4087E-03  0.3047E-02
|  5    -26.566726894  0.696079E-05       0.052     5        0.00      0.05      0.00    0.3244E-03  0.5825E-04  0.3923E-03
|  6    -26.566727113  0.219222E-06       0.048     6        0.00      0.05      0.00    0.3773E-04  0.1097E-04  0.4199E-04
|  7    -26.566727118  0.501694E-08       0.048     7        0.00      0.05      0.00    0.9699E-06  0.3237E-06  0.1396E-05
------------------------------------------------------------------------------------------------------------------------
| REACH CONVERGENCE AFTER   7 CYLCES
| MAX ERROR = 0.969872E-06   RMS CHANGE = 0.323694E-06   MAX CHANGE = 0.139573E-05
 -----------------------------------------------
 ALPHA ELECTRON DENSITY    =    4.0000033132
 BETA ELECTRON DENSITY     =    4.0000033132
 ELECTRONIC ENERGY    =   -34.616023550
 CORE_CORE REPULSION  =     8.049296432
 TOTAL ENERGY         =   -26.566727118

 @ End Energy calculation


 @ Begin Gradient Calculation

 ANALYTICAL GRADIENT: 
----------------------------------------
 COORDINATE    XYZ            GRADIENT
----------------------------------------
    1X    -1.8039601378    -0.0000250985
    1Y     1.1636400889     0.0000000079
    1Z    -0.1520600116     0.0000000041
    2X    -0.7039600538    -0.0690461900
    2Y     1.1636400889     0.0000000051
    2Z    -0.1520600116    -0.0000000150
    3X    -2.3539601798     0.0345460004
    3Y     0.2897900221     0.0548795479
    3Z    -0.5313800406     0.0238177442
    4X    -2.3539601798     0.0345460032
    4Y     2.0374901556    -0.0548795609
    4Z     0.2272600174    -0.0238177333
----------------------------------------

 @ End Gradient Calculation


 @ Begin Zmake conversion

  
 Z-MATRIX:

   ATOM  ELEMENTAL  BOND LENGTH    BOND ANGLE    DIHEDRAL ANGLE
  NUMBER  SYMBOL    (ANGSTROMS)    (DEGREES)       (DEGREES)
     I                 I-NA         I-NA-NB        I-NA-NB-NC      NA   NB   NC

     1      B        0.00000  0     0.00000  0      0.00000  0      0    0    0
     2      H        1.10000  1     0.00000  0      0.00000  0      1    0    0
     3      H        1.10000  1   120.00003  1      0.00000  0      1    2    0
     4      H        1.10000  1   120.00003  1   -180.00000  1      1    2    3

 @ End Zmake conversion


 @ Begin Charge and Dipole Calculation

    ATOMIC CHARGES
   ATOM          MULLIKEN            LOWDIN
   B             -0.2809            -0.2876
   H              0.0936             0.0922
   H              0.0936             0.0977
   H              0.0936             0.0977
   TOTAL        -0.0000             0.0000

    DIPOLE (DEBYE)
      X         Y         Z        TOTAL
   -0.0000   -0.0000   -0.0000    0.0000

 @ End Charge and Dipole Calculation


 @ Output Timing Information

------------- TIMING ---------------
| INITIAL GUESS TIME  =     2.577967000( 80.40%)
| DFT GRID OPERATIONS =     0.031561000(  0.98%)
| TOTAL SCF TIME      =     0.345073000( 10.76%)
|       TOTAL OP TIME      =     0.344234000( 10.74%)
|             TOTAL 1e TIME      =     0.000844000(  0.03%)
|             TOTAL 2e TIME      =     0.067302000(  2.10%)
|             TOTAL EXC TIME     =     0.275125000(  8.58%)
|       TOTAL DII TIME      =     0.000798000(  0.02%)
|             TOTAL DIAG TIME    =     0.000308000(  0.01%)
| TOTAL GRADIENT TIME      =     0.166618000(  5.20%)
|       TOTAL 1e GRADIENT TIME      =     0.002979000( 0.11%)
|       TOTAL 2e GRADIENT TIME      =     0.040198000( 1.25%)
|       TOTAL EXC GRADIENT TIME     =     0.122810000(  3.83%)
| TOTAL TIME          =     3.206288000
------------------------------------
| Job cpu time:  0 days  0 hours  0 minutes  3.2 seconds.

 @ Finish Output Timing Information

| Normal Termination. Task Finished on: Sun Mar  7 17:37:18 2021
