  *********************************************************************************************************
  **                                                                                                     **
  **           888888888888                                                                              **
  **         8888888888888888                                                                            **
  **      888888888888888888                                                                             **
  **     888888888888888888                                                                              **
  **    888888888888888                                                                                  **
  **   88888888888888888888                               88888                       8888:              **
  **   8888888888888888888888Z                            88888                       8888:              **
  **   888888888888888888888888?                          88888                       8888:              **
  **   8888888888888      8888888                                        888888       8888:              **
  **    88888888888         888888     8888:     88888    88888        888888888I     8888:    888888    **
  **    8888888888           88888:    8888:     88888    88888      $888888888888    8888:   888888     **
  **    I8Z 88888             88888    8888:     88888    88888    .888888     8888   8888: 888888       **
  **    .8Z 88888             88888    8888:     88888    88888    $88888             8888:88888         **
  **     8I 88888      .=88. .88888    8888:     88888    88888    88888              8888888888         **
  **    :8  88888      888888$8888$    8888:     88888    88888    8888O              88888888888        **
  **   ,7   +88888.     8888888888.    8888:     88888    88888    888888             88888O888888       **
  **         $888888:.   .8888888      88888....888888    88888     888888     8888   8888:  888888      **
  **          I8888888888888888888     888888888888888    88888     O888888888888O    8888:   888888     **
  **            O888888888888888888     88888888888888    88888       88888888888$    8888:    888888    **
  **               8888888Z     888      .8888I  88888    88888         8888888       8888:     888888   **
  **                                                                                                     **
  **                                                                                                     **
  **                                         Copyright (c) 2023                                          **
  **                          Regents of the University of California San Diego                          **
  **                                    & Michigan State University                                      **
  **                                        All Rights Reserved.                                         **
  **                                                                                                     **
  **             This software is subject to the terms of the Mozilla Public License, v. 2.0.            **
  **                                                                                                     **
  *********************************************************************************************************
                                                                                                           
  Cite this work as:                                                                                       
  Manathunga, M.; Shajan, A.; Smith, J.; Miao, Y.; He, X.; Ayers, K.; Brothers, E.; Goetz, A.W.; Merz, K.M.
  QUICK-23.08 University of California San Diego, CA and Michigan State University, East Lansing, MI, 2023 
                                                                                                           
  If you have any comments or queries, please reach out to us on GitHub issues or discussion sections:     
  https://github.com/merzlab/QUICK.                                                                        
                                                                                                           
| TASK STARTS ON: Wed Feb 28 10:27:11 2024
| INPUT FILE :    opt_c2h5rad_b3lyp_631gss.in
| OUTPUT FILE:    opt_c2h5rad_b3lyp_631gss.out
| DATA FILE  :    opt_c2h5rad_b3lyp_631gss.dat
| BASIS SET PATH: /Users/andi/projects/quick/QUICK/install-test/basis

 @ Read Job And Atom

  KEYWORD=UHF BASIS=6-31G** CUTOFF=1.0E-9 DENSERMS=1.0E-6 MULT=2 OPTIMIZE=4 DIPOLE                                                                                                                                
 ============== JOB CARD =============
 METHOD = HARTREE FOCK
 DIRECT SCF 
 SAD INITAL GUESS 
 UNRESTRICTED SYSTEM
 USE DIIS SCF
 PRINT ENERGY EVERY CYCLE
 READ SAD GUESS FROM FILE
 DIPOLE
 GEOMETRY OPTIMIZATION ANALYTICAL GRADIENT
 REQUEST CRITERIA FOR GEOMETRY CONVERGENCE: 
      MAX ALLOWED GEO CHANGE  =  0.189E+00
      MAX GEOMETRY CHANGE     =  0.180E-02
      GEOMETRY CHANGE RMS     =  0.120E-02
      MAX GRADIENT CHANGE     =  0.100E-02
      GRADIENT NORMALIZATION  =  0.300E-03
      MAX OPTIMIZATION CYCLE  =     4
 GRADIENT CALCULATION
 MAX SCF CYCLES =    200
 MAX DIIS CYCLES =   10
 DELTA DENSITY START CYCLE =    3
 COMPUTATIONAL CUTOFF: 
      TWO-e INTEGRAL   =  0.100E-08
      BASIS SET PRIME  =  0.100E-09
      MATRIX ELEMENTS  =  0.100E-09
      BASIS FUNCTION   =  0.100E-05
      GRADIENT CUTOFF  =  0.100E-06
 DENSITY MATRIX MAXIMUM RMS FOR CONVERGENCE  =  0.100E-05
 BASIS SET = 6-31G**,  TYPE = CARTESIAN
| BASIS FILE = /Users/andi/projects/quick/QUICK/install-test/basis/6-31GDP.BAS

 @ Finish reading job


 @ Begin SAD initial guess

 For Atom Kind =    1
 ELEMENT = C 
 BASIS FUNCTIONS =   15
 For Atom Kind =    2
 ELEMENT = H 
 BASIS FUNCTIONS =    5

 @ Finish SAD initial guess


 @ Begin Reading Molecular Information


 =========== Molecule Input ==========
 TOTAL MOLECULAR CHARGE  =    0    MULTIPLICITY                =    2
 TOTAL ATOM NUMBER       =    7    NUMBER OF ATOM TYPES        =    2
 NUMBER OF HYDROGEN ATOM =    5    NUMBER OF NON-HYDROGEN ATOM =    2
 NUMBER OF ALPHA ELECTRONS =    9
 NUMBER OF BETA ELECTRONS  =    8

 -- INPUT GEOMETRY -- :
    C           0.0000       0.0000       0.7698
    C           0.0000       0.0000      -0.7698
    H           0.8895       0.5135       1.1348
    H           0.8895      -0.5135      -1.1348
    H          -0.8895       0.5135       1.1348
    H          -0.8895      -0.5135      -1.1348
    H           0.0000      -1.0271       1.1348

 -- DISTANCE MATRIX -- :
              1           2           3           4           5
      1     0.00000
      2     2.90958     0.00000
      3     2.05980     4.08929     0.00000
      4     4.08929     2.05980     4.70781     0.00000
      5     2.05980     4.08929     3.36169     5.78484     0.00000
      6     4.08929     2.05980     5.78484     3.36169     4.70781
      7     2.05980     4.08928     3.36169     4.70781     3.36169
              6           7
      6     0.00000
      7     4.70781     0.00000

============== BASIS INFOS ==============
 BASIS FUNCTIONS =   55
 NSHELL =   23 NPRIM  =   91
 JSHELL =   23 JBASIS =   47


 @ End Reading Molecular Information 


***********************************************************************
**                                                                   **
**                       ---------------------                       **
**                              DL-FIND                              **
**                       Geometry Optimisation                       **
**                       ---------------------                       **
**                                                                   **
**                 J. Kaestner, J.M. Carr, T.W. Keal,                **
**                W. Thiel, A. Wander and P. Sherwood                **
**                                                                   **
**              J. Phys. Chem. A, 2009, 113 (43), 11856.             **
**                                                                   **
**   Please include this reference in published work using DL-FIND.  **
**                                                                   **
**               Copyright:  STFC Daresbury Laboratory               **
**                           Revision:                               **
**                                                                   **
***********************************************************************

Residue member list:
    0 :     1    1    1    1    1    1    1

Generating new HDLC for    1 residues

Located a new residue for HDLC
   Residue number is    1
   Number of atoms it contains     7
   Atoms:      1     2     3     4     5     6     7
   Generating HDLC for residue    1

   The Cartesian coordinates
         1     0.00000000000000     0.00000000000000     1.45478865586682
         2     0.00000000000000     0.00000000000000    -1.45478865586682
         3     1.68084525478713     0.97043673019916     2.14455381217914
         4     1.68084525478713    -0.97043673019916    -2.14455381217914
         5    -1.68084525478713     0.97043673019916     2.14455381217914
         6    -1.68084525478713    -0.97043673019916    -2.14455381217914
         7     0.00000000000000    -1.94087157067219     2.14455381217914

   The primitive internal coordinates


     The system has     6 stretches
         1 Stre     2     1              =    2.90957731
         2 Stre     3     1              =    2.05979712
         3 Stre     4     2              =    2.05979712
         4 Stre     5     1              =    2.05979712
         5 Stre     6     2              =    2.05979712
         6 Stre     7     1              =    2.05979572


     The system has     9 bends and impropers
         7 Bend     3     1     2        =  109.56465929 deg =    1.91226405
         8 Bend     5     1     2        =  109.56465929 deg =    1.91226405
         9 Bend     7     1     2        =  109.56467312 deg =    1.91226429
        10 Bend     5     1     3        =  109.37760932 deg =    1.90899941
        11 Bend     7     1     3        =  109.37761926 deg =    1.90899958
        12 Bend     7     1     5        =  109.37761926 deg =    1.90899958
        13 Bend     4     2     1        =  109.56465929 deg =    1.91226405
        14 Bend     6     2     1        =  109.56465929 deg =    1.91226405
        15 Bend     6     2     4        =  109.37760932 deg =    1.90899941


     The system has     6 dihedrals
        16 Dihe     3     1     2     4  =   60.00001380 deg =    1.04719779
        17 Dihe     3     1     2     6  = -179.99999879 deg =   -3.14159263
        18 Dihe     5     1     2     4  =  179.99999879 deg =    3.14159263
        19 Dihe     5     1     2     6  =  -60.00001380 deg =   -1.04719779
        20 Dihe     7     1     2     4  =  -59.99999310 deg =   -1.04719743
        21 Dihe     7     1     2     6  =   59.99999310 deg =    1.04719743


   Residue      1 has internal coords      1 to     21

DL-FIND Report:
===============
Optimisation algorithm: L-BFGS
Number of steps in L-BFGS memory ...............        100

Step length: simple scaled
Maximum step length ............................  1.000E-01
Scaling step by ................................  1.000E+00

Coordinate system: Delocalised internal coordinates (DLC)

Number of atoms ................................          7
Number of input geometries .....................          1
Variables to be optimised ......................         15
No restart information is written
This run has not been restarted.
Maximum number of steps ........................          4
Maximum number of energy evaluations ...........     100000


 @ Optimize for New Step


============  GEOMETRY FOR OPTIMIZATION STEP   1  ============

GEOMETRY INPUT
ELEMENT      X              Y              Z
  C           0.000000       0.000000       0.769841
  C           0.000000       0.000000      -0.769841
  H           0.889465       0.513533       1.134849
  H           0.889465      -0.513533      -1.134849
  H          -0.889465       0.513533       1.134849
  H          -0.889465      -0.513533      -1.134849
  H           0.000000      -1.027065       1.134849

 @ Begin Energy Calculation

                                         USCF ENERGY
| ------------------------------------------------------------------------------------------------------------------------
| NCYC       ENERGY         DELTA_E      SCF_TIME  DII_CYC   DII_TIME   O_TIME  DIAG_TIME    MAX_ERR    RMS_CHG    MAX_CHG
| ------------------------------------------------------------------------------------------------------------------------
|  1    -78.999150745      ------         0.049     1        0.00      0.05      0.00    0.2149E+01  0.1942E-01  0.2377E+00
|  2    -78.517990769  -.481160E+00       0.067     2        0.00      0.07      0.00    0.7918E-01  0.3685E-02  0.3898E-01
|  3    -78.578674083  0.606833E-01       0.065     3        0.00      0.06      0.00    0.2685E-01  0.1844E-02  0.1495E-01
|  4    -78.590749868  0.120758E-01       0.064     4        0.00      0.06      0.00    0.1516E-01  0.7512E-03  0.7231E-02
|  5    -78.592973115  0.222325E-02       0.063     5        0.00      0.06      0.00    0.9073E-02  0.4989E-03  0.5512E-02
|  6    -78.593730566  0.757451E-03       0.061     6        0.00      0.06      0.00    0.4306E-02  0.3014E-03  0.3228E-02
|  7    -78.593929917  0.199351E-03       0.061     7        0.00      0.06      0.00    0.1537E-02  0.1311E-03  0.1541E-02
|  8    -78.593959236  0.293194E-04       0.059     8        0.00      0.06      0.00    0.2837E-03  0.3461E-04  0.4890E-03
|  9    -78.593961252  0.201536E-05       0.057     9        0.00      0.06      0.00    0.5932E-04  0.1322E-04  0.1799E-03
| 10    -78.593961580  0.328731E-06       0.055    10        0.00      0.05      0.00    0.2094E-04  0.8142E-05  0.1243E-03
| 11    -78.593961693  0.112324E-06       0.053     1        0.00      0.05      0.00    0.8581E-05  0.4343E-05  0.6571E-04
| 12    -78.593961723  0.302966E-07       0.052     2        0.00      0.05      0.00    0.3641E-05  0.2421E-05  0.3382E-04
| 13    -78.593961730  0.691355E-08       0.050     3        0.00      0.05      0.00    0.9969E-06  0.6730E-06  0.7581E-05
| ------------------------------------------------------------------------------------------------------------------------
| REACH CONVERGENCE AFTER  13 CYCLES
| MAX ERROR = 0.996877E-06   RMS CHANGE = 0.673034E-06   MAX CHANGE = 0.758078E-05
| -----------------------------------------------
 ELECTRONIC ENERGY    =   -115.252943244
 CORE_CORE REPULSION  =     36.658981514
 TOTAL ENERGY         =    -78.593961730

 @ End Energy calculation


 ANALYTICAL GRADIENT: 
------------------------
 VARIBLES    NEW_GRAD
------------------------
    1X     0.0000000407
    1Y    -0.0199743076
    1Z     0.0194907527
    2X    -0.0000000272
    2Y     0.0463496130
    2Z    -0.0299309542
    3X     0.0041985914
    3Y     0.0028893940
    3Z    -0.0038537840
    4X     0.0004444721
    4Y    -0.0149294398
    4Z     0.0091296398
    5X    -0.0041986156
    5Y     0.0028894011
    5Z    -0.0038537867
    6X    -0.0004444766
    6Y    -0.0149293305
    6Z     0.0091295700
    7X     0.0000000153
    7Y    -0.0022953303
    7Z    -0.0001114376
------------------------
 OPTIMIZATION STATISTICS:
 MAXIMUM GRADIENT ELEMENT=     0.2227639797E-01 (REQUEST=  0.10000E-02 )
 GRADIENT NORM           =     0.1088107330E-01 (REQUEST=  0.66667E-03 )

 @ Finish Optimization for This Step

 @ Optimize for New Step


============  GEOMETRY FOR OPTIMIZATION STEP   2  ============

GEOMETRY INPUT
ELEMENT      X              Y              Z
  C          -0.000000       0.000451       0.770161
  C           0.000000      -0.004323      -0.766583
  H           0.887992       0.513679       1.136559
  H           0.887792      -0.512647      -1.139615
  H          -0.887992       0.513679       1.136559
  H          -0.887792      -0.512647      -1.139615
  H          -0.000000      -1.025258       1.137383

 @ Begin Energy Calculation

                                         USCF ENERGY
| ------------------------------------------------------------------------------------------------------------------------
| NCYC       ENERGY         DELTA_E      SCF_TIME  DII_CYC   DII_TIME   O_TIME  DIAG_TIME    MAX_ERR    RMS_CHG    MAX_CHG
| ------------------------------------------------------------------------------------------------------------------------
|  1    -78.598162782      ------         0.068     1        0.00      0.07      0.00    0.3517E-02  0.8122E-04  0.1291E-02
|  2    -78.594771671  -.339111E-02       0.067     2        0.00      0.07      0.00    0.5231E-03  0.3335E-04  0.4077E-03
|  3    -78.594773634  0.196350E-05       0.059     3        0.00      0.06      0.00    0.2412E-03  0.1224E-04  0.1772E-03
|  4    -78.594773987  0.352544E-06       0.058     4        0.00      0.06      0.00    0.1448E-03  0.1249E-04  0.1983E-03
|  5    -78.594774106  0.119331E-06       0.057     5        0.00      0.06      0.00    0.4825E-04  0.5254E-05  0.8417E-04
|  6    -78.594774123  0.171093E-07       0.055     6        0.00      0.05      0.00    0.1370E-04  0.1803E-05  0.2851E-04
|  7    -78.594774125  0.206906E-08       0.052     7        0.00      0.05      0.00    0.5565E-05  0.5286E-06  0.6732E-05
| ------------------------------------------------------------------------------------------------------------------------
| REACH CONVERGENCE AFTER   7 CYCLES
| MAX ERROR = 0.556533E-05   RMS CHANGE = 0.528585E-06   MAX CHANGE = 0.673223E-05
| -----------------------------------------------
 ELECTRONIC ENERGY    =   -115.287470190
 CORE_CORE REPULSION  =     36.692696064
 TOTAL ENERGY         =    -78.594774125

 @ End Energy calculation


 ANALYTICAL GRADIENT: 
------------------------
 VARIBLES    NEW_GRAD
------------------------
    1X    -0.0000000075
    1Y    -0.0187438010
    1Z     0.0186528191
    2X     0.0000000073
    2Y     0.0443628699
    2Z    -0.0276488877
    3X     0.0035416033
    3Y     0.0025757627
    3Z    -0.0036420954
    4X    -0.0003012329
    4Y    -0.0144572371
    4Z     0.0083481107
    5X    -0.0035415998
    5Y     0.0025757606
    5Z    -0.0036420951
    6X     0.0003012299
    6Y    -0.0144572346
    6Z     0.0083481135
    7X    -0.0000000003
    7Y    -0.0018561206
    7Z    -0.0004159651
------------------------
 OPTIMIZATION STATISTICS:
 ENERGY CHANGE           =     0.8123952782E-03 (REQUEST=  0.10000E-05 )
 MAXIMUM GEOMETRY CHANGE =     0.1057201080E-01 (REQUEST=  0.40000E-02 )
 GEOMETRY CHANGE RMS     =     0.5163977795E-02 (REQUEST=  0.26667E-02 )
 MAXIMUM GRADIENT ELEMENT=     0.2129224053E-01 (REQUEST=  0.10000E-02 )
 GRADIENT NORM           =     0.1010447981E-01 (REQUEST=  0.66667E-03 )
Scaling step back by    0.47500

 @ Finish Optimization for This Step

 @ Optimize for New Step


============  GEOMETRY FOR OPTIMIZATION STEP   3  ============

GEOMETRY INPUT
ELEMENT      X              Y              Z
  C           0.000000       0.000232       0.768533
  C          -0.000001      -0.037739      -0.744664
  H           0.883893       0.515062       1.143420
  H           0.887637      -0.500979      -1.170178
  H          -0.883893       0.515062       1.143421
  H          -0.887638      -0.500977      -1.170181
  H           0.000001      -1.017726       1.164497

 @ Begin Energy Calculation

                                         USCF ENERGY
| ------------------------------------------------------------------------------------------------------------------------
| NCYC       ENERGY         DELTA_E      SCF_TIME  DII_CYC   DII_TIME   O_TIME  DIAG_TIME    MAX_ERR    RMS_CHG    MAX_CHG
| ------------------------------------------------------------------------------------------------------------------------
|  1    -78.610826215      ------         0.068     1        0.00      0.07      0.00    0.3444E-01  0.5966E-03  0.1025E-01
|  2    -78.599259650  -.115666E-01       0.067     2        0.00      0.07      0.00    0.3882E-02  0.2211E-03  0.2598E-02
|  3    -78.599364115  0.104465E-03       0.062     3        0.00      0.06      0.00    0.1941E-02  0.9938E-04  0.1429E-02
|  4    -78.599385240  0.211252E-04       0.061     4        0.00      0.06      0.00    0.1156E-02  0.1065E-03  0.1715E-02
|  5    -78.599394535  0.929508E-05       0.060     5        0.00      0.06      0.00    0.3694E-03  0.4440E-04  0.7137E-03
|  6    -78.599395867  0.133115E-05       0.058     6        0.00      0.06      0.00    0.1407E-03  0.1556E-04  0.2412E-03
|  7    -78.599396040  0.173219E-06       0.056     7        0.00      0.06      0.00    0.4535E-04  0.3452E-05  0.3876E-04
|  8    -78.599396061  0.211719E-07       0.055     8        0.00      0.05      0.00    0.1613E-04  0.1539E-05  0.2124E-04
|  9    -78.599396067  0.599345E-08       0.053     9        0.00      0.05      0.00    0.4813E-05  0.9774E-06  0.1274E-04
| ------------------------------------------------------------------------------------------------------------------------
| REACH CONVERGENCE AFTER   9 CYCLES
| MAX ERROR = 0.481293E-05   RMS CHANGE = 0.977356E-06   MAX CHANGE = 0.127408E-04
| -----------------------------------------------
 ELECTRONIC ENERGY    =   -115.452810262
 CORE_CORE REPULSION  =     36.853414195
 TOTAL ENERGY         =    -78.599396067

 @ End Energy calculation


 ANALYTICAL GRADIENT: 
------------------------
 VARIBLES    NEW_GRAD
------------------------
    1X     0.0000004865
    1Y    -0.0111248911
    1Z     0.0060277595
    2X    -0.0000004760
    2Y     0.0337901347
    2Z    -0.0087952241
    3X     0.0027995891
    3Y     0.0021565790
    3Z    -0.0011679439
    4X    -0.0005273156
    4Y    -0.0121845460
    4Z     0.0026715855
    5X    -0.0027998196
    5Y     0.0021567355
    5Z    -0.0011679579
    6X     0.0005275063
    6Y    -0.0121844791
    6Z     0.0026713015
    7X     0.0000000292
    7Y    -0.0026095329
    7Z    -0.0002395206
------------------------
 OPTIMIZATION STATISTICS:
 ENERGY CHANGE           =     0.4621941701E-02 (REQUEST=  0.10000E-05 )
 MAXIMUM GEOMETRY CHANGE =     0.1000000000E+00 (REQUEST=  0.40000E-02 )
 GEOMETRY CHANGE RMS     =     0.4056922341E-01 (REQUEST=  0.26667E-02 )
 MAXIMUM GRADIENT ELEMENT=     0.1258542982E-01 (REQUEST=  0.10000E-02 )
 GRADIENT NORM           =     0.5980431224E-02 (REQUEST=  0.66667E-03 )
Scaling step back by    0.55233

 @ Finish Optimization for This Step

 @ Optimize for New Step


============  GEOMETRY FOR OPTIMIZATION STEP   4  ============

GEOMETRY INPUT
ELEMENT      X              Y              Z
  C          -0.000000      -0.004808       0.769756
  C          -0.000000      -0.075145      -0.734804
  H           0.875878       0.510448       1.143217
  H           0.886575      -0.482370      -1.193026
  H          -0.875878       0.510447       1.143218
  H          -0.886575      -0.482369      -1.193028
  H           0.000000      -1.003268       1.199516

 @ Begin Energy Calculation

                                         USCF ENERGY
| ------------------------------------------------------------------------------------------------------------------------
| NCYC       ENERGY         DELTA_E      SCF_TIME  DII_CYC   DII_TIME   O_TIME  DIAG_TIME    MAX_ERR    RMS_CHG    MAX_CHG
| ------------------------------------------------------------------------------------------------------------------------
|  1    -78.622006717      ------         0.068     1        0.00      0.07      0.00    0.1821E-01  0.5480E-03  0.9756E-02
|  2    -78.602095572  -.199111E-01       0.067     2        0.00      0.07      0.00    0.4451E-02  0.2479E-03  0.3440E-02
|  3    -78.602203919  0.108348E-03       0.062     3        0.00      0.06      0.00    0.2101E-02  0.1171E-03  0.1906E-02
|  4    -78.602226502  0.225822E-04       0.060     4        0.00      0.06      0.00    0.1191E-02  0.1187E-03  0.2069E-02
|  5    -78.602236408  0.990621E-05       0.060     5        0.00      0.06      0.00    0.4060E-03  0.5523E-04  0.9569E-03
|  6    -78.602237920  0.151187E-05       0.058     6        0.00      0.06      0.00    0.1203E-03  0.1164E-04  0.1877E-03
|  7    -78.602238026  0.106606E-06       0.056     7        0.00      0.06      0.00    0.4143E-04  0.2986E-05  0.2903E-04
|  8    -78.602238043  0.164061E-07       0.054     8        0.00      0.05      0.00    0.1334E-04  0.1283E-05  0.1719E-04
|  9    -78.602238047  0.406514E-08       0.053     9        0.00      0.05      0.00    0.4203E-05  0.8017E-06  0.1030E-04
| ------------------------------------------------------------------------------------------------------------------------
| REACH CONVERGENCE AFTER   9 CYCLES
| MAX ERROR = 0.420325E-05   RMS CHANGE = 0.801694E-06   MAX CHANGE = 0.102968E-04
| -----------------------------------------------
 ELECTRONIC ENERGY    =   -115.606301990
 CORE_CORE REPULSION  =     37.004063944
 TOTAL ENERGY         =    -78.602238047

 @ End Energy calculation


 ANALYTICAL GRADIENT: 
------------------------
 VARIBLES    NEW_GRAD
------------------------
    1X    -0.0000002672
    1Y    -0.0057750103
    1Z     0.0047036169
    2X    -0.0000000399
    2Y     0.0198268498
    2Z    -0.0061070991
    3X    -0.0016609196
    3Y    -0.0008592487
    3Z    -0.0008496679
    4X    -0.0051103263
    4Y    -0.0071503365
    4Z     0.0019068604
    5X     0.0016612273
    5Y    -0.0008594449
    5Z    -0.0008497082
    6X     0.0051103406
    6Y    -0.0071503421
    6Z     0.0019067507
    7X    -0.0000000150
    7Y     0.0019675326
    7Z    -0.0007107528
------------------------
 OPTIMIZATION STATISTICS:
 ENERGY CHANGE           =     0.2841979686E-02 (REQUEST=  0.10000E-05 )
 MAXIMUM GEOMETRY CHANGE =     0.1000000000E+00 (REQUEST=  0.40000E-02 )
 GEOMETRY CHANGE RMS     =     0.4395747419E-01 (REQUEST=  0.26667E-02 )
 MAXIMUM GRADIENT ELEMENT=     0.7843470458E-02 (REQUEST=  0.10000E-02 )
 GRADIENT NORM           =     0.3582711052E-02 (REQUEST=  0.66667E-03 )
Scaling step back by    0.52099

 @ Finish Optimization for This Step

 WARNING: REACHED MAX OPT CYCLES. THE GEOMETRY IS NOT OPTIMIZED.
          PRINTING THE GEOMETRY FROM LAST STEP.
============= GEOMETRY INFORMATION (NOT OPTIMIZED) ===========

 OPTIMIZED GEOMETRY IN CARTESIAN
 ELEMENT      X              Y              Z
  C          -0.000000      -0.010060       0.770854
  C           0.000000      -0.110164      -0.722212
  H           0.879470       0.512897       1.141180
  H           0.898069      -0.464951      -1.212509
  H          -0.879470       0.512896       1.141181
  H          -0.898069      -0.464950      -1.212509
  H           0.000001      -1.002733       1.228863

 FORCE
 ELEMENT      X              Y              Z
  C           0.000000       0.003056      -0.002489
  C           0.000000      -0.010492       0.003232
  H           0.000879       0.000455       0.000450
  H           0.002704       0.003784      -0.001009
  H          -0.000879       0.000455       0.000450
  H          -0.002704       0.003784      -0.001009
  H           0.000000      -0.001041       0.000376

 MINIMIZED ENERGY =    -78.602238047
===============================================================

 @ Finish Optimization Job


DL-FIND Report:
===============
Optimisation algorithm: L-BFGS
Number of steps in L-BFGS memory ...............        100

Step length: simple scaled
Maximum step length ............................  1.000E-01
Scaling step by ................................  1.000E+00

Coordinate system: Delocalised internal coordinates (DLC)

Number of atoms ................................          7
Number of input geometries .....................          1
Variables to be optimised ......................         15
No restart information is written
This run has not been restarted.
Number of energy evaluations on this processor .          4
Number of steps ................................          4
Number of accepted steps / line searches .......          4


 @ Begin Charge and Dipole Calculation

    ATOMIC CHARGES
   ATOM          MULLIKEN            LOWDIN
   C             -0.3581            -0.2996
   C             -0.2208            -0.2087
   H              0.1210             0.1048
   H              0.1084             0.0973
   H              0.1210             0.1048
   H              0.1084             0.0973
   H              0.1202             0.1041
   TOTAL        -0.0000            -0.0000

    DIPOLE (DEBYE)
      X         Y         Z        TOTAL
   -0.0000   -0.3761    0.2757    0.4663

 @ End Charge and Dipole Calculation


 @ Output Timing Information

------------- TIMING ---------------
| INITIAL GUESS TIME  =     0.299927000(  7.36%)
| TOTAL SCF TIME      =     2.255699000( 55.36%)
|       TOTAL OP TIME      =     2.236742000( 54.90%)
|             TOTAL 1e TIME      =     0.004620000(  0.11%)
|             TOTAL 2e TIME      =     2.226751000( 54.65%)
|       TOTAL DII TIME      =     0.018957000(  0.47%)
|             TOTAL DIAG TIME    =     0.000302000(  0.01%)
| TOTAL GRADIENT TIME      =     1.499839000( 36.81%)
|       TOTAL 1e GRADIENT TIME      =     0.026673000( 0.82%)
|       TOTAL 2e GRADIENT TIME      =     1.466293000(35.99%)
| TOTAL TIME          =     4.074531000
------------------------------------
| Job cpu time:  0 days  0 hours  0 minutes  4.1 seconds.

 @ Finish Output Timing Information

| Normal Termination. Task Finished on: Wed Feb 28 10:27:15 2024
