  *********************************************************************************************************
  **                                                                                                     **
  **           888888888888                                                                              **
  **         8888888888888888                                                                            **
  **      888888888888888888                                                                             **
  **     888888888888888888                                                                              **
  **    888888888888888                                                                                  **
  **   88888888888888888888                               88888                       8888:              **
  **   8888888888888888888888Z                            88888                       8888:              **
  **   888888888888888888888888?                          88888                       8888:              **
  **   8888888888888      8888888                                        888888       8888:              **
  **    88888888888         888888     8888:     88888    88888        888888888I     8888:    888888    **
  **    8888888888           88888:    8888:     88888    88888      $888888888888    8888:   888888     **
  **    I8Z 88888             88888    8888:     88888    88888    .888888     8888   8888: 888888       **
  **    .8Z 88888             88888    8888:     88888    88888    $88888             8888:88888         **
  **     8I 88888      .=88. .88888    8888:     88888    88888    88888              8888888888         **
  **    :8  88888      888888$8888$    8888:     88888    88888    8888O              88888888888        **
  **   ,7   +88888.     8888888888.    8888:     88888    88888    888888             88888O888888       **
  **         $888888:.   .8888888      88888....888888    88888     888888     8888   8888:  888888      **
  **          I8888888888888888888     888888888888888    88888     O888888888888O    8888:   888888     **
  **            O888888888888888888     88888888888888    88888       88888888888$    8888:    888888    **
  **               8888888Z     888      .8888I  88888    88888         8888888       8888:     888888   **
  **                                                                                                     **
  **                                                                                                     **
  **                                         Copyright (c) 2021                                          **
  **                          Regents of the University of California San Diego                          **
  **                                    & Michigan State University                                      **
  **                                        All Rights Reserved.                                         **
  **                                                                                                     **
  **                   This software provided pursuant to a license agreement containing                 **
  **                   restrictions on its disclosure, duplication, and use. This software               **
  **                   contains confidential and proprietary information, and may not be                 **
  **                   extracted or distributed, in whole or in part, for any purpose                    **
  **                   whatsoever, without the express written permission of the authors.                **
  **                   This notice, and the associated author list, must be attached to                  **
  **                   all copies, or extracts, of this software. Any additional                         **
  **                   restrictions set forth in the license agreement also apply to this                **
  **                   software.                                                                         **
  *********************************************************************************************************
                                                                                                           
  Cite this work as:                                                                                       
  Manathunga, M.; Chi, J.; Cruzeiro, V.W.D.; Keipert, K.; Pekurovsky, D.; Mu, D.; Miao, Y.;He, X.; Ayers,K;
  Brothers, E.; GÃ¶tz, A.; Merz,K. M. QUICK-21.03 University of California San Diego, CA and Michigan State
  University, East Lansing, MI, 2021                                                                       
                                                                                                           
  If you have any comments or queries, please send us an email for technical support:                      
  quick.merzlab@gmail.com                                                                                  
                                                                                                           
| TASK STARTS ON: Sat Feb 27 20:46:07 2021
| INPUT FILE :    opt_wat_rhf_ccpvdz.in
| OUTPUT FILE:    opt_wat_rhf_ccpvdz.out
| DATE FILE  :    opt_wat_rhf_ccpvdz.dat
| BASIS SET PATH: /server-home1/madu/Work/Qk/issue66/basis

 @ Read Job And Atom

  KEYWORD=HF BASIS=CC-PVDZ CUTOFF=1.0E-9 DENSERMS=1.0E-6  ZMAKE OPTIMIZE=5 DIPOLE                                                                                                                                 
 ============== JOB CARD =============
 METHOD = HATREE FOCK
 DIRECT SCF 
 SAD INITAL GUESS 
 USE DIIS SCF
 PRINT ENERGY EVERY CYCLE
 Z-MATRIX CONSTRUCTION
 DIPOLE
 GEOMETRY OPTIMIZATION NUMERICAL GRADIENT
 REQUEST CRITERIA FOR GEOMETRY CONVERGENCE: 
      MAX ALLOWED GEO CHANGE  =  0.189E+00
      MAX GEOMETRY CHANGE     =  0.180E-02
      GEOMETRY CHANGE RMS     =  0.120E-02
      MAX GRADIENT CHANGE     =  0.100E-02
      GRADIENT NORMALIZATION  =  0.300E-03
 GRADIENT CALCULATION
 MAX SCF CYCLES =    200
 MAX DIIS CYCLES =   10
 DELTA DENSITY START CYCLE = 1000
 COMPUTATIONAL CUTOFF: 
      TWO-e INTEGRAL   =  0.100E-08
      BASIS SET PRIME  =  0.100E-19
      MATRIX ELEMENTS  =  0.100E-09
      BASIS FUNCTION   =  0.100E-09
      GRADIENT CUTOFF  =  0.100E-08
 DENSITY MATRIX MAXIMUM RMS FOR CONVERGENCE  =  0.100E-05
 BASIS SET = CC-PVDZ,  TYPE = CARTESIAN
| BASIS FILE = /server-home1/madu/Work/Qk/issue66/basis/CC-PVDZ.BAS

 @ Finish reading job


 @ Begin SAD initial guess

 For Atom Kind =    1
 ELEMENT = O 
 BASIS FUNCTIONS =   15
 For Atom Kind =    2
 ELEMENT = H 
 BASIS FUNCTIONS =    5

 @ Finish SAD initial guess


 @ Begin Reading Molecular Information


 =========== Molecule Input ==========
 TOTAL MOLECULAR CHARGE  =    0    MULTIPLICITY                =    1
 TOTAL ATOM NUMBER       =    3    NUMBER OF ATOM TYPES        =    2
 NUMBER OF HYDROGEN ATOM =    2    NUMBER OF NON-HYDROGEN ATOM =    1
 NUMBER OF ELECTRONS     =   10

 -- INPUT GEOMETRY -- :
    O          -0.7415       1.7521       2.8963
    H          -1.1112       0.9798       3.3523
    H          -0.9205       2.0364       1.9840

 -- DISTANCE MATRIX -- :
              1           2           3
      1     0.00000
      2     1.83324     0.00000
      3     1.83707     3.28673     0.00000

============== BASIS INFOS ==============
 BASIS FUNCTIONS =   25
 NSHELL =   12 NPRIM  =   56
 JSHELL =   12 JBASIS =   37


 @ End Reading Molecular Information 


 @ Begin Optimization Job


 @ Optimize for New Step


============  GEOMETRY FOR OPTIMIZATION STEP   1 OUT OF    5  ============

GEOMETRY INPUT
ELEMENT      X              Y              Z
  O          -0.741530       1.752130       2.896280
  H          -1.111151       0.979769       3.352290
  H          -0.920500       2.036450       1.984040

 @ Begin Energy Calculation

                                         SCF ENERGY
------------------------------------------------------------------------------------------------------------------------
NCYC       ENERGY         DELTA_E      SCF_TIME  DII_CYC   DII_TIME   O_TIME  DIAG_TIME    MAX_ERR    RMS_CHG    MAX_CHG
------------------------------------------------------------------------------------------------------------------------
|  1    -76.044181134      ------         0.035     1        0.00      0.04      0.00    0.1655E+01  0.9455E-01  0.8213E+00
|  2    -75.970164846  -.740163E-01       0.039     2        0.00      0.04      0.00    0.1284E+00  0.3513E-01  0.3840E+00
|  3    -76.004419961  0.342551E-01       0.039     3        0.00      0.04      0.00    0.6992E-01  0.1149E-01  0.1272E+00
|  4    -76.012497067  0.807711E-02       0.039     4        0.00      0.04      0.00    0.1585E-01  0.3459E-02  0.3582E-01
|  5    -76.013202991  0.705924E-03       0.039     5        0.00      0.04      0.00    0.3718E-02  0.1223E-02  0.1153E-01
|  6    -76.013286335  0.833438E-04       0.039     6        0.00      0.04      0.00    0.7967E-03  0.3394E-03  0.3531E-02
|  7    -76.013292058  0.572338E-05       0.039     7        0.00      0.04      0.00    0.1917E-03  0.8120E-04  0.7957E-03
|  8    -76.013292362  0.304407E-06       0.039     8        0.00      0.04      0.00    0.3241E-04  0.1193E-04  0.8367E-04
|  9    -76.013292369  0.641754E-08       0.039     9        0.00      0.04      0.00    0.6091E-05  0.2349E-05  0.1576E-04
    | -------------- 2E-INT CUTOFF CHANGE TO 0.1000E-08 ------------
| 10    -76.013294757  0.238863E-05       0.044    10        0.00      0.04      0.00    0.1613E-05  0.8122E-06  0.1093E-04
------------------------------------------------------------------------------------------------------------------------
| REACH CONVERGENCE AFTER  10 CYLCES
| MAX ERROR = 0.161314E-05   RMS CHANGE = 0.812174E-06   MAX CHANGE = 0.109286E-04
 -----------------------------------------------
 ELECTRONIC ENERGY    =   -85.036173530
 CORE_CORE REPULSION  =     9.022878773
 TOTAL ENERGY         =   -76.013294757

 @ End Energy calculation


 ANALYTICAL GRADIENT: 
----------------------------------------------------------------------------
 VARIBLES    OLD_X            OLD_GRAD        NEW_GRAD          NEW_X
----------------------------------------------------------------------------
    1X    -0.7415300566     0.0000000000    -0.0151128877    -0.6415300566
    1Y     1.7521301338     0.0000000000    -0.0143989360     1.8521301338
    1Z     2.8962802212     0.0000000000    -0.0109241098     2.9786733518
    2X    -1.1111510849     0.0000000000     0.0028953524    -1.1329887587
    2Y     0.9797690748     0.0000000000    -0.0200097146     1.0797690748
    2Z     3.3522902560     0.0000000000     0.0412799824     3.2522902560
    3X    -0.9205000703     0.0000000000     0.0122175353    -1.0126486302
    3Y     2.0364501555     0.0000000000     0.0344086507     1.9364501555
    3Z     1.9840401515     0.0000000000    -0.0303558726     2.0840401515
----------------------------------------------------------------------------
 OPTIMZATION STATISTICS:
 MAXIMUM GRADIENT ELEMENT=     0.4127998239E-01 (REQUEST=     0.1000000000E-02 )

 @ Finish Optimization for This Step


 @ Optimize for New Step


============  GEOMETRY FOR OPTIMIZATION STEP   2 OUT OF    5  ============

GEOMETRY INPUT
ELEMENT      X              Y              Z
  O          -0.641530       1.852130       2.978673
  H          -1.132989       1.079769       3.252290
  H          -1.012649       1.936450       2.084040

 @ Begin Energy Calculation

                                         SCF ENERGY
------------------------------------------------------------------------------------------------------------------------
NCYC       ENERGY         DELTA_E      SCF_TIME  DII_CYC   DII_TIME   O_TIME  DIAG_TIME    MAX_ERR    RMS_CHG    MAX_CHG
------------------------------------------------------------------------------------------------------------------------
|  1    -76.039955969      ------         0.035     1        0.00      0.04      0.00    0.1827E+01  0.9642E-01  0.8569E+00
|  2    -75.980514933  -.594410E-01       0.039     2        0.00      0.04      0.00    0.1231E+00  0.3577E-01  0.4337E+00
|  3    -76.016269335  0.357544E-01       0.039     3        0.00      0.04      0.00    0.6941E-01  0.1138E-01  0.1305E+00
|  4    -76.024639186  0.836985E-02       0.037     4        0.00      0.04      0.00    0.1538E-01  0.3424E-02  0.3595E-01
|  5    -76.025475897  0.836712E-03       0.037     5        0.00      0.04      0.00    0.3591E-02  0.1488E-02  0.1271E-01
|  6    -76.025592887  0.116989E-03       0.037     6        0.00      0.04      0.00    0.8975E-03  0.3729E-03  0.3340E-02
|  7    -76.025599422  0.653495E-05       0.039     7        0.00      0.04      0.00    0.2080E-03  0.7880E-04  0.7244E-03
|  8    -76.025599721  0.299160E-06       0.039     8        0.00      0.04      0.00    0.3178E-04  0.1418E-04  0.1081E-03
|  9    -76.025599730  0.883033E-08       0.040     9        0.00      0.04      0.00    0.5055E-05  0.2296E-05  0.1594E-04
    | -------------- 2E-INT CUTOFF CHANGE TO 0.1000E-08 ------------
| 10    -76.025602176  0.244672E-05       0.046    10        0.00      0.05      0.00    0.1769E-05  0.8567E-06  0.1238E-04
------------------------------------------------------------------------------------------------------------------------
| REACH CONVERGENCE AFTER  10 CYLCES
| MAX ERROR = 0.176870E-05   RMS CHANGE = 0.856721E-06   MAX CHANGE = 0.123845E-04
 -----------------------------------------------
 ELECTRONIC ENERGY    =   -85.174697882
 CORE_CORE REPULSION  =     9.149095706
 TOTAL ENERGY         =   -76.025602176

 @ End Energy calculation


 ANALYTICAL GRADIENT: 
----------------------------------------------------------------------------
 VARIBLES    OLD_X            OLD_GRAD        NEW_GRAD          NEW_X
----------------------------------------------------------------------------
    1X    -0.6415300566    -0.0151128877     0.0237323117    -0.7214786363
    1Y     1.8521301338    -0.0143989360     0.0121552595     1.8189233796
    1Z     2.9786733518    -0.0109241098     0.0282631916     2.8786733518
    2X    -1.1329887587     0.0028953524    -0.0083870720    -1.1018912909
    2Y     1.0797690748    -0.0200097146    -0.0055940125     1.1260202829
    2Z     3.2522902560     0.0412799824    -0.0078472047     3.2365409648
    3X    -1.0126486302     0.0122175353    -0.0153452397    -0.9637975184
    3Y     1.9364501555     0.0344086507    -0.0065612470     1.9234057017
    3Z     2.0840401515    -0.0303558726    -0.0204159868     2.1840401515
----------------------------------------------------------------------------
 OPTIMIZATION STATISTICS:
 ENERGY CHANGE           =    -0.1230741908E-01 (REQUEST=  0.10000E-05 )
 MAXIMUM GEOMETRY CHANGE =     0.1000000000E+00 (REQUEST=  0.18000E-02 )
 GEOMETRY CHANGE RMS     =     0.6092374080E-01 (REQUEST=  0.12000E-02 )
 GRADIENT NORM           =     0.1622184530E-01 (REQUEST=  0.30000E-03 )

 @ Finish Optimization for This Step


 @ Optimize for New Step


============  GEOMETRY FOR OPTIMIZATION STEP   3 OUT OF    5  ============

GEOMETRY INPUT
ELEMENT      X              Y              Z
  O          -0.721479       1.818923       2.878673
  H          -1.101891       1.126020       3.236541
  H          -0.963798       1.923406       2.184040

 @ Begin Energy Calculation

                                         SCF ENERGY
------------------------------------------------------------------------------------------------------------------------
NCYC       ENERGY         DELTA_E      SCF_TIME  DII_CYC   DII_TIME   O_TIME  DIAG_TIME    MAX_ERR    RMS_CHG    MAX_CHG
------------------------------------------------------------------------------------------------------------------------
|  1    -76.332923391      ------         0.038     1        0.00      0.04      0.00    0.2595E+01  0.1213E+00  0.1051E+01
|  2    -75.899600806  -.433323E+00       0.041     2        0.00      0.04      0.00    0.1353E+00  0.4072E-01  0.4734E+00
|  3    -75.936470592  0.368698E-01       0.041     3        0.00      0.04      0.00    0.6219E-01  0.1125E-01  0.1209E+00
|  4    -75.943522334  0.705174E-02       0.041     4        0.00      0.04      0.00    0.1191E-01  0.3339E-02  0.3655E-01
|  5    -75.943969547  0.447213E-03       0.042     5        0.00      0.04      0.00    0.2397E-02  0.8207E-03  0.6891E-02
|  6    -75.944003028  0.334810E-04       0.042     6        0.00      0.04      0.00    0.6008E-03  0.2347E-03  0.2208E-02
|  7    -75.944005482  0.245371E-05       0.041     7        0.00      0.04      0.00    0.1304E-03  0.4956E-04  0.4477E-03
|  8    -75.944005588  0.105843E-06       0.040     8        0.00      0.04      0.00    0.2042E-04  0.7011E-05  0.4985E-04
    | -------------- 2E-INT CUTOFF CHANGE TO 0.1000E-08 ------------
|  9    -75.944007980  0.239260E-05       0.045     9        0.00      0.04      0.00    0.3861E-05  0.1797E-05  0.1583E-04
| 10    -75.944007981  0.115508E-09       0.077    10        0.00      0.08      0.00    0.9472E-06  0.4093E-06  0.3454E-05
------------------------------------------------------------------------------------------------------------------------
| REACH CONVERGENCE AFTER  10 CYLCES
| MAX ERROR = 0.947162E-06   RMS CHANGE = 0.409287E-06   MAX CHANGE = 0.345381E-05
 -----------------------------------------------
 ELECTRONIC ENERGY    =   -86.918717818
 CORE_CORE REPULSION  =    10.974709838
 TOTAL ENERGY         =   -75.944007981

 @ End Energy calculation


 ANALYTICAL GRADIENT: 
----------------------------------------------------------------------------
 VARIBLES    OLD_X            OLD_GRAD        NEW_GRAD          NEW_X
----------------------------------------------------------------------------
    1X    -0.7214786363     0.0237323117    -0.2162543580    -0.6521336241
    1Y     1.8189233796     0.0121552595    -0.0233359550     1.8477259273
    1Z     2.8786733518     0.0282631916    -0.4228755387     2.9649545449
    2X    -1.1018912909    -0.0083870720     0.0514689887    -1.1288643065
    2Y     1.1260202829    -0.0055940125     0.0926260558     1.0859033652
    2Z     3.2365409648    -0.0078472047    -0.0465220694     3.2502014300
    3X    -0.9637975184    -0.0153452397     0.1647853693    -1.0061695150
    3Y     1.9234057017    -0.0065612470    -0.0692901008     1.9347200717
    3Z     2.1840401515    -0.0204159868     0.4693976081     2.0998477845
----------------------------------------------------------------------------
 OPTIMIZATION STATISTICS:
 ENERGY CHANGE           =     0.8159419586E-01 (REQUEST=  0.10000E-05 )
 MAXIMUM GEOMETRY CHANGE =     0.8628119303E-01 (REQUEST=  0.18000E-02 )
 GEOMETRY CHANGE RMS     =     0.5230045298E-01 (REQUEST=  0.12000E-02 )
 GRADIENT NORM           =     0.2337654645E+00 (REQUEST=  0.30000E-03 )

 @ Finish Optimization for This Step


 @ Optimize for New Step


============  GEOMETRY FOR OPTIMIZATION STEP   4 OUT OF    5  ============

GEOMETRY INPUT
ELEMENT      X              Y              Z
  O          -0.652134       1.847726       2.964955
  H          -1.128864       1.085903       3.250201
  H          -1.006170       1.934720       2.099848

 @ Begin Energy Calculation

                                         SCF ENERGY
------------------------------------------------------------------------------------------------------------------------
NCYC       ENERGY         DELTA_E      SCF_TIME  DII_CYC   DII_TIME   O_TIME  DIAG_TIME    MAX_ERR    RMS_CHG    MAX_CHG
------------------------------------------------------------------------------------------------------------------------
|  1    -76.085628856      ------         0.035     1        0.00      0.03      0.00    0.1907E+01  0.9919E-01  0.8811E+00
|  2    -75.981988318  -.103641E+00       0.039     2        0.00      0.04      0.00    0.1220E+00  0.3625E-01  0.4386E+00
|  3    -76.017617118  0.356288E-01       0.039     3        0.00      0.04      0.00    0.6787E-01  0.1124E-01  0.1283E+00
|  4    -76.025633895  0.801678E-02       0.039     4        0.00      0.04      0.00    0.1495E-01  0.3381E-02  0.3620E-01
|  5    -76.026400489  0.766595E-03       0.039     5        0.00      0.04      0.00    0.3426E-02  0.1369E-02  0.1147E-01
|  6    -76.026499093  0.986039E-04       0.039     6        0.00      0.04      0.00    0.8220E-03  0.3461E-03  0.3133E-02
|  7    -76.026504696  0.560252E-05       0.040     7        0.00      0.04      0.00    0.1942E-03  0.7286E-04  0.6746E-03
|  8    -76.026504950  0.254430E-06       0.039     8        0.00      0.04      0.00    0.3021E-04  0.1283E-04  0.9186E-04
|  9    -76.026504958  0.746510E-08       0.039     9        0.00      0.04      0.00    0.4974E-05  0.2181E-05  0.1331E-04
    | -------------- 2E-INT CUTOFF CHANGE TO 0.1000E-08 ------------
| 10    -76.026507232  0.227393E-05       0.044    10        0.00      0.04      0.00    0.1717E-05  0.7821E-06  0.1147E-04
------------------------------------------------------------------------------------------------------------------------
| REACH CONVERGENCE AFTER  10 CYLCES
| MAX ERROR = 0.171712E-05   RMS CHANGE = 0.782137E-06   MAX CHANGE = 0.114730E-04
 -----------------------------------------------
 ELECTRONIC ENERGY    =   -85.394673098
 CORE_CORE REPULSION  =     9.368165866
 TOTAL ENERGY         =   -76.026507232

 @ End Energy calculation


 ANALYTICAL GRADIENT: 
----------------------------------------------------------------------------
 VARIBLES    OLD_X            OLD_GRAD        NEW_GRAD          NEW_X
----------------------------------------------------------------------------
    1X    -0.6521336241    -0.2162543580     0.0021568596    -0.6814963666
    1Y     1.8477259273    -0.0233359550     0.0037536562     1.8217905638
    1Z     2.9649545449    -0.4228755387    -0.0017961428     2.9421754989
    2X    -1.1288643065     0.0514689887    -0.0010159303    -1.1220046301
    2Y     1.0859033652     0.0926260558     0.0053298545     1.0556488251
    2Z     3.2502014300    -0.0465220694    -0.0108648792     3.3175931452
    3X    -1.0061695150     0.1647853693    -0.0011409293    -0.9836664489
    3Y     1.9347200717    -0.0692901008    -0.0090835107     1.9909099753
    3Z     2.0998477845     0.4693976081     0.0126610220     2.0552351152
----------------------------------------------------------------------------
 OPTIMIZATION STATISTICS:
 ENERGY CHANGE           =    -0.8249925102E-01 (REQUEST=  0.10000E-05 )
 MAXIMUM GEOMETRY CHANGE =     0.6739171518E-01 (REQUEST=  0.18000E-02 )
 GEOMETRY CHANGE RMS     =     0.3831407893E-01 (REQUEST=  0.12000E-02 )
 GRADIENT NORM           =     0.6778778464E-02 (REQUEST=  0.30000E-03 )

 @ Finish Optimization for This Step


 @ Optimize for New Step


============  GEOMETRY FOR OPTIMIZATION STEP   5 OUT OF    5  ============

GEOMETRY INPUT
ELEMENT      X              Y              Z
  O          -0.681496       1.821791       2.942175
  H          -1.122005       1.055649       3.317593
  H          -0.983666       1.990910       2.055235

 @ Begin Energy Calculation

                                         SCF ENERGY
------------------------------------------------------------------------------------------------------------------------
NCYC       ENERGY         DELTA_E      SCF_TIME  DII_CYC   DII_TIME   O_TIME  DIAG_TIME    MAX_ERR    RMS_CHG    MAX_CHG
------------------------------------------------------------------------------------------------------------------------
|  1    -76.059089692      ------         0.035     1        0.00      0.04      0.00    0.1783E+01  0.9661E-01  0.8545E+00
|  2    -75.982059302  -.770304E-01       0.041     2        0.00      0.04      0.00    0.1226E+00  0.3536E-01  0.4121E+00
|  3    -76.017076637  0.350173E-01       0.071     3        0.00      0.07      0.00    0.6808E-01  0.1132E-01  0.1277E+00
|  4    -76.025014297  0.793766E-02       0.052     4        0.00      0.05      0.00    0.1573E-01  0.3445E-02  0.3650E-01
|  5    -76.025767802  0.753505E-03       0.051     5        0.00      0.05      0.00    0.3682E-02  0.1320E-02  0.1146E-01
|  6    -76.025862264  0.944625E-04       0.050     6        0.00      0.05      0.00    0.7809E-03  0.3530E-03  0.3473E-02
|  7    -76.025868330  0.606532E-05       0.050     7        0.00      0.05      0.00    0.2012E-03  0.7855E-04  0.7736E-03
|  8    -76.025868626  0.296483E-06       0.055     8        0.00      0.06      0.00    0.3170E-04  0.1284E-04  0.9114E-04
|  9    -76.025868634  0.762531E-08       0.068     9        0.00      0.07      0.00    0.6008E-05  0.2401E-05  0.1382E-04
    | -------------- 2E-INT CUTOFF CHANGE TO 0.1000E-08 ------------
| 10    -76.025870954  0.232026E-05       0.051    10        0.00      0.05      0.00    0.1722E-05  0.8600E-06  0.1205E-04
------------------------------------------------------------------------------------------------------------------------
| REACH CONVERGENCE AFTER  10 CYLCES
| MAX ERROR = 0.172160E-05   RMS CHANGE = 0.860011E-06   MAX CHANGE = 0.120539E-04
 -----------------------------------------------
 ELECTRONIC ENERGY    =   -85.216562059
 CORE_CORE REPULSION  =     9.190691105
 TOTAL ENERGY         =   -76.025870954

 @ End Energy calculation


 ANALYTICAL GRADIENT: 
----------------------------------------------------------------------------
 VARIBLES    OLD_X            OLD_GRAD        NEW_GRAD          NEW_X
----------------------------------------------------------------------------
    1X    -0.6814963666     0.0021568596    -0.0013544908    -0.6647729026
    1Y     1.8217905638     0.0037536562     0.0027582346     1.8365619741
    1Z     2.9421754989    -0.0017961428    -0.0072697802     2.9551492378
    2X    -1.1220046301    -0.0010159303    -0.0026359465    -1.1259115387
    2Y     1.0556488251     0.0053298545    -0.0134545000     1.0728802098
    2Z     3.3175931452    -0.0108648792     0.0168590038     3.2792103912
    3X    -0.9836664489    -0.0011409293     0.0039904373    -0.9964830043
    3Y     1.9909099753    -0.0090835107     0.0106962654     1.9589071803
    3Z     2.0552351152     0.0126610220    -0.0095892236     2.0806441303
----------------------------------------------------------------------------
 OPTIMIZATION STATISTICS:
 ENERGY CHANGE           =     0.6362776719E-03 (REQUEST=  0.10000E-05 )
 MAXIMUM GEOMETRY CHANGE =     0.3838275394E-01 (REQUEST=  0.18000E-02 )
 GEOMETRY CHANGE RMS     =     0.2182167140E-01 (REQUEST=  0.12000E-02 )
 GRADIENT NORM           =     0.9169859399E-02 (REQUEST=  0.30000E-03 )

 @ Finish Optimization for This Step

 WARNING: REACHED MAX OPT CYCLES. THE GEOMETRY IS NOT OPTIMIZED.
          PRINTING THE GEOMETRY FROM LAST STEP.
============= GEOMETRY INFORMATION (NOT OPTIMIZED) ===========

 OPTIMIZED GEOMETRY IN CARTESIAN
 ELEMENT      X         Y         Z
  O       -0.6648    1.8366    2.9551
  H       -1.1259    1.0729    3.2792
  H       -0.9965    1.9589    2.0806

 FORCE
 ELEMENT      X         Y         Z
  O        0.0007   -0.0015    0.0038
  H        0.0014    0.0071   -0.0089
  H       -0.0021   -0.0057    0.0051

 MINIMIZED ENERGY= -76.0258709539
===============================================================

 @ Finish Optimization Job


 @ Begin Zmake conversion

  
 Z-MATRIX:

   ATOM  ELEMENTAL  BOND LENGTH    BOND ANGLE    DIHEDRAL ANGLE
  NUMBER  SYMBOL    (ANGSTROMS)    (DEGREES)       (DEGREES)
     I                 I-NA         I-NA-NB        I-NA-NB-NC      NA   NB   NC

     1      O        0.00000  0     0.00000  0      0.00000  0      0    0    0
     2      H        0.94914  1     0.00000  0      0.00000  0      1    0    0
     3      H        0.94327  1   104.47994  1      0.00000  0      1    2    0

 @ End Zmake conversion


 @ Begin Charge and Dipole Calculation

    ATOMIC CHARGES
   ATOM          MULLIKEN            LOWDIN
   O             -0.3182            -0.5873
   H              0.1611             0.2953
   H              0.1571             0.2920
   TOTAL        -0.0000            -0.0000

    DIPOLE (DEBYE)
      X         Y         Z        TOTAL
   -1.3627   -1.0935   -0.9505    1.9890

 @ End Charge and Dipole Calculation


 @ Output Timing Information

------------- TIMING ---------------
| INITIAL GUESS TIME  =     4.667133000( 59.33%)
| TOTAL SCF TIME      =     2.159984000( 27.46%)
|       TOTAL OP TIME      =     2.148550000( 27.31%)
|             TOTAL 1e TIME      =     0.009658000(  0.12%)
|             TOTAL 2e TIME      =     2.128734000( 27.06%)
|       TOTAL DII TIME      =     0.011091000(  0.14%)
|             TOTAL DIAG TIME    =     0.003907000(  0.05%)
| TOTAL GRADIENT TIME      =     1.020658000( 12.97%)
|       TOTAL 1e GRADIENT TIME      =     0.038568000( 0.56%)
|       TOTAL 2e GRADIENT TIME      =     0.976293000(12.41%)
| TOTAL TIME          =     7.867001000
------------------------------------
| Job cpu time:  0 days  0 hours  0 minutes  7.9 seconds.

 @ Finish Output Timing Information

| Normal Termination. Task Finished on: Sat Feb 27 20:46:15 2021
